[1.638s] Invoking command in '/home/nathan/leo-rover-autonomous-exploration/src/leo_v4': DEBUGINFOD_URLS=https://debuginfod.ubuntu.com PYTHONPATH=/home/nathan/leo-rover-autonomous-exploration/build/leo_v4/prefix_override:/usr/lib/python3/dist-packages/colcon_core/task/python/colcon_distutils_commands:/home/nathan/leo-rover-autonomous-exploration/install/leo_v4/lib/python3.12/site-packages:${PYTHONPATH} /usr/bin/python3 -W ignore:setup.py install is deprecated -W ignore:easy_install command is deprecated setup.py egg_info --egg-base ../../build/leo_v4 build --build-base /home/nathan/leo-rover-autonomous-exploration/build/leo_v4/build install --record /home/nathan/leo-rover-autonomous-exploration/build/leo_v4/install.log --single-version-externally-managed install_data
[1.816s] /home/nathan/.local/lib/python3.12/site-packages/setuptools/_distutils/dist.py:261: UserWarning: Unknown distribution option: 'tests_require'
[1.816s]   warnings.warn(msg)
[1.954s] running egg_info
[1.976s] writing ../../build/leo_v4/leo_v4.egg-info/PKG-INFO
[1.976s] writing dependency_links to ../../build/leo_v4/leo_v4.egg-info/dependency_links.txt
[1.977s] writing entry points to ../../build/leo_v4/leo_v4.egg-info/entry_points.txt
[1.977s] writing requirements to ../../build/leo_v4/leo_v4.egg-info/requires.txt
[1.977s] writing top-level names to ../../build/leo_v4/leo_v4.egg-info/top_level.txt
[2.027s] reading manifest file '../../build/leo_v4/leo_v4.egg-info/SOURCES.txt'
[2.028s] writing manifest file '../../build/leo_v4/leo_v4.egg-info/SOURCES.txt'
[2.028s] running build
[2.028s] running build_py
[2.028s] copying leo_v4/autonav_starter.py -> /home/nathan/leo-rover-autonomous-exploration/build/leo_v4/build/lib/leo_v4
[2.029s] copying leo_v4/__init__.py -> /home/nathan/leo-rover-autonomous-exploration/build/leo_v4/build/lib/leo_v4
[2.029s] running install
[2.035s] running install_lib
[2.058s] running install_data
[2.058s] copying resource/leo_v4 -> /home/nathan/leo-rover-autonomous-exploration/install/leo_v4/share/ament_index/resource_index/packages
[2.059s] copying package.xml -> /home/nathan/leo-rover-autonomous-exploration/install/leo_v4/share/leo_v4
[2.059s] copying launch/leo_autosim.launch.py -> /home/nathan/leo-rover-autonomous-exploration/install/leo_v4/share/leo_v4/launch
[2.059s] running install_egg_info
[2.084s] removing '/home/nathan/leo-rover-autonomous-exploration/install/leo_v4/lib/python3.12/site-packages/leo_v4-0.0.0-py3.12.egg-info' (and everything under it)
[2.084s] Copying ../../build/leo_v4/leo_v4.egg-info to /home/nathan/leo-rover-autonomous-exploration/install/leo_v4/lib/python3.12/site-packages/leo_v4-0.0.0-py3.12.egg-info
[2.085s] running install_scripts
[2.220s] Installing autonav_starter script to /home/nathan/leo-rover-autonomous-exploration/install/leo_v4/lib/leo_v4
[2.220s] writing list of installed files to '/home/nathan/leo-rover-autonomous-exploration/build/leo_v4/install.log'
[2.250s] Invoked command in '/home/nathan/leo-rover-autonomous-exploration/src/leo_v4' returned '0': DEBUGINFOD_URLS=https://debuginfod.ubuntu.com PYTHONPATH=/home/nathan/leo-rover-autonomous-exploration/build/leo_v4/prefix_override:/usr/lib/python3/dist-packages/colcon_core/task/python/colcon_distutils_commands:/home/nathan/leo-rover-autonomous-exploration/install/leo_v4/lib/python3.12/site-packages:${PYTHONPATH} /usr/bin/python3 -W ignore:setup.py install is deprecated -W ignore:easy_install command is deprecated setup.py egg_info --egg-base ../../build/leo_v4 build --build-base /home/nathan/leo-rover-autonomous-exploration/build/leo_v4/build install --record /home/nathan/leo-rover-autonomous-exploration/build/leo_v4/install.log --single-version-externally-managed install_data
