[0.126s] DEBUG:colcon:Command line arguments: ['/usr/bin/colcon', 'build']
[0.126s] DEBUG:colcon:Parsed command line arguments: Namespace(log_base=None, log_level=None, verb_name='build', build_base='build', install_base='install', merge_install=False, symlink_install=False, test_result_base=None, continue_on_error=False, executor='parallel', parallel_workers=20, event_handlers=None, ignore_user_meta=False, metas=['./colcon.meta'], base_paths=['.'], packages_ignore=None, packages_ignore_regex=None, paths=None, packages_up_to=None, packages_up_to_regex=None, packages_above=None, packages_above_and_dependencies=None, packages_above_depth=None, packages_select_by_dep=None, packages_skip_by_dep=None, packages_skip_up_to=None, packages_select_build_failed=False, packages_skip_build_finished=False, packages_select_test_failures=False, packages_skip_test_passed=False, packages_select=None, packages_skip=None, packages_select_regex=None, packages_skip_regex=None, packages_start=None, packages_end=None, allow_overriding=[], cmake_args=None, cmake_target=None, cmake_target_skip_unavailable=False, cmake_clean_cache=False, cmake_clean_first=False, cmake_force_configure=False, ament_cmake_args=None, catkin_cmake_args=None, catkin_skip_building_tests=False, mixin_files=None, mixin=None, verb_parser=<colcon_mixin.mixin.mixin_argument.MixinArgumentDecorator object at 0x78b18b4b3fb0>, verb_extension=<colcon_core.verb.build.BuildVerb object at 0x78b18b4b3b30>, main=<bound method BuildVerb.main of <colcon_core.verb.build.BuildVerb object at 0x78b18b4b3b30>>, mixin_verb=('build',))
[0.168s] Level 1:colcon.colcon_core.package_discovery:discover_packages(colcon_meta) check parameters
[0.168s] Level 1:colcon.colcon_core.package_discovery:discover_packages(recursive) check parameters
[0.168s] Level 1:colcon.colcon_core.package_discovery:discover_packages(ignore) check parameters
[0.168s] Level 1:colcon.colcon_core.package_discovery:discover_packages(path) check parameters
[0.168s] Level 1:colcon.colcon_core.package_discovery:discover_packages(colcon_meta) discover
[0.168s] Level 1:colcon.colcon_core.package_discovery:discover_packages(recursive) discover
[0.168s] INFO:colcon.colcon_core.package_discovery:Crawling recursively for packages in '/home/nathan/leo-rover-autonomous-exploration'
[0.168s] Level 1:colcon.colcon_core.package_identification:_identify(.) by extensions ['ignore', 'ignore_ament_install']
[0.168s] Level 1:colcon.colcon_core.package_identification:_identify(.) by extension 'ignore'
[0.168s] Level 1:colcon.colcon_core.package_identification:_identify(.) by extension 'ignore_ament_install'
[0.168s] Level 1:colcon.colcon_core.package_identification:_identify(.) by extensions ['colcon_pkg']
[0.168s] Level 1:colcon.colcon_core.package_identification:_identify(.) by extension 'colcon_pkg'
[0.169s] Level 1:colcon.colcon_core.package_identification:_identify(.) by extensions ['colcon_meta']
[0.169s] Level 1:colcon.colcon_core.package_identification:_identify(.) by extension 'colcon_meta'
[0.169s] Level 1:colcon.colcon_core.package_identification:_identify(.) by extensions ['ros']
[0.169s] Level 1:colcon.colcon_core.package_identification:_identify(.) by extension 'ros'
[0.198s] Level 1:colcon.colcon_core.package_identification:_identify(.) by extensions ['cmake', 'python']
[0.198s] Level 1:colcon.colcon_core.package_identification:_identify(.) by extension 'cmake'
[0.198s] Level 1:colcon.colcon_core.package_identification:_identify(.) by extension 'python'
[0.198s] Level 1:colcon.colcon_core.package_identification:_identify(.) by extensions ['python_setup_py']
[0.198s] Level 1:colcon.colcon_core.package_identification:_identify(.) by extension 'python_setup_py'
[0.198s] Level 1:colcon.colcon_core.package_identification:_identify(build) by extensions ['ignore', 'ignore_ament_install']
[0.198s] Level 1:colcon.colcon_core.package_identification:_identify(build) by extension 'ignore'
[0.198s] Level 1:colcon.colcon_core.package_identification:_identify(build) ignored
[0.199s] Level 1:colcon.colcon_core.package_identification:_identify(install) by extensions ['ignore', 'ignore_ament_install']
[0.199s] Level 1:colcon.colcon_core.package_identification:_identify(install) by extension 'ignore'
[0.199s] Level 1:colcon.colcon_core.package_identification:_identify(install) ignored
[0.199s] Level 1:colcon.colcon_core.package_identification:_identify(log) by extensions ['ignore', 'ignore_ament_install']
[0.199s] Level 1:colcon.colcon_core.package_identification:_identify(log) by extension 'ignore'
[0.199s] Level 1:colcon.colcon_core.package_identification:_identify(log) ignored
[0.199s] Level 1:colcon.colcon_core.package_identification:_identify(src) by extensions ['ignore', 'ignore_ament_install']
[0.199s] Level 1:colcon.colcon_core.package_identification:_identify(src) by extension 'ignore'
[0.199s] Level 1:colcon.colcon_core.package_identification:_identify(src) by extension 'ignore_ament_install'
[0.199s] Level 1:colcon.colcon_core.package_identification:_identify(src) by extensions ['colcon_pkg']
[0.199s] Level 1:colcon.colcon_core.package_identification:_identify(src) by extension 'colcon_pkg'
[0.199s] Level 1:colcon.colcon_core.package_identification:_identify(src) by extensions ['colcon_meta']
[0.199s] Level 1:colcon.colcon_core.package_identification:_identify(src) by extension 'colcon_meta'
[0.199s] Level 1:colcon.colcon_core.package_identification:_identify(src) by extensions ['ros']
[0.199s] Level 1:colcon.colcon_core.package_identification:_identify(src) by extension 'ros'
[0.199s] Level 1:colcon.colcon_core.package_identification:_identify(src) by extensions ['cmake', 'python']
[0.199s] Level 1:colcon.colcon_core.package_identification:_identify(src) by extension 'cmake'
[0.199s] Level 1:colcon.colcon_core.package_identification:_identify(src) by extension 'python'
[0.200s] Level 1:colcon.colcon_core.package_identification:_identify(src) by extensions ['python_setup_py']
[0.200s] Level 1:colcon.colcon_core.package_identification:_identify(src) by extension 'python_setup_py'
[0.200s] Level 1:colcon.colcon_core.package_identification:_identify(src/leo_description) by extensions ['ignore', 'ignore_ament_install']
[0.200s] Level 1:colcon.colcon_core.package_identification:_identify(src/leo_description) by extension 'ignore'
[0.200s] Level 1:colcon.colcon_core.package_identification:_identify(src/leo_description) by extension 'ignore_ament_install'
[0.200s] Level 1:colcon.colcon_core.package_identification:_identify(src/leo_description) by extensions ['colcon_pkg']
[0.200s] Level 1:colcon.colcon_core.package_identification:_identify(src/leo_description) by extension 'colcon_pkg'
[0.200s] Level 1:colcon.colcon_core.package_identification:_identify(src/leo_description) by extensions ['colcon_meta']
[0.200s] Level 1:colcon.colcon_core.package_identification:_identify(src/leo_description) by extension 'colcon_meta'
[0.200s] Level 1:colcon.colcon_core.package_identification:_identify(src/leo_description) by extensions ['ros']
[0.200s] Level 1:colcon.colcon_core.package_identification:_identify(src/leo_description) by extension 'ros'
[0.203s] DEBUG:colcon.colcon_core.package_identification:Package 'src/leo_description' with type 'ros.ament_python' and name 'leo_description'
[0.203s] Level 1:colcon.colcon_core.package_identification:_identify(src/leo_explorer) by extensions ['ignore', 'ignore_ament_install']
[0.203s] Level 1:colcon.colcon_core.package_identification:_identify(src/leo_explorer) by extension 'ignore'
[0.204s] Level 1:colcon.colcon_core.package_identification:_identify(src/leo_explorer) by extension 'ignore_ament_install'
[0.204s] Level 1:colcon.colcon_core.package_identification:_identify(src/leo_explorer) by extensions ['colcon_pkg']
[0.204s] Level 1:colcon.colcon_core.package_identification:_identify(src/leo_explorer) by extension 'colcon_pkg'
[0.204s] Level 1:colcon.colcon_core.package_identification:_identify(src/leo_explorer) by extensions ['colcon_meta']
[0.204s] Level 1:colcon.colcon_core.package_identification:_identify(src/leo_explorer) by extension 'colcon_meta'
[0.204s] Level 1:colcon.colcon_core.package_identification:_identify(src/leo_explorer) by extensions ['ros']
[0.204s] Level 1:colcon.colcon_core.package_identification:_identify(src/leo_explorer) by extension 'ros'
[0.205s] DEBUG:colcon.colcon_core.package_identification:Package 'src/leo_explorer' with type 'ros.ament_cmake' and name 'leo_explorer'
[0.205s] Level 1:colcon.colcon_core.package_identification:_identify(src/leo_v1) by extensions ['ignore', 'ignore_ament_install']
[0.205s] Level 1:colcon.colcon_core.package_identification:_identify(src/leo_v1) by extension 'ignore'
[0.205s] Level 1:colcon.colcon_core.package_identification:_identify(src/leo_v1) by extension 'ignore_ament_install'
[0.205s] Level 1:colcon.colcon_core.package_identification:_identify(src/leo_v1) by extensions ['colcon_pkg']
[0.205s] Level 1:colcon.colcon_core.package_identification:_identify(src/leo_v1) by extension 'colcon_pkg'
[0.205s] Level 1:colcon.colcon_core.package_identification:_identify(src/leo_v1) by extensions ['colcon_meta']
[0.205s] Level 1:colcon.colcon_core.package_identification:_identify(src/leo_v1) by extension 'colcon_meta'
[0.205s] Level 1:colcon.colcon_core.package_identification:_identify(src/leo_v1) by extensions ['ros']
[0.205s] Level 1:colcon.colcon_core.package_identification:_identify(src/leo_v1) by extension 'ros'
[0.206s] DEBUG:colcon.colcon_core.package_identification:Package 'src/leo_v1' with type 'ros.ament_python' and name 'leo_v1'
[0.206s] Level 1:colcon.colcon_core.package_identification:_identify(src/leo_v2) by extensions ['ignore', 'ignore_ament_install']
[0.206s] Level 1:colcon.colcon_core.package_identification:_identify(src/leo_v2) by extension 'ignore'
[0.206s] Level 1:colcon.colcon_core.package_identification:_identify(src/leo_v2) by extension 'ignore_ament_install'
[0.206s] Level 1:colcon.colcon_core.package_identification:_identify(src/leo_v2) by extensions ['colcon_pkg']
[0.206s] Level 1:colcon.colcon_core.package_identification:_identify(src/leo_v2) by extension 'colcon_pkg'
[0.206s] Level 1:colcon.colcon_core.package_identification:_identify(src/leo_v2) by extensions ['colcon_meta']
[0.206s] Level 1:colcon.colcon_core.package_identification:_identify(src/leo_v2) by extension 'colcon_meta'
[0.207s] Level 1:colcon.colcon_core.package_identification:_identify(src/leo_v2) by extensions ['ros']
[0.207s] Level 1:colcon.colcon_core.package_identification:_identify(src/leo_v2) by extension 'ros'
[0.207s] DEBUG:colcon.colcon_core.package_identification:Package 'src/leo_v2' with type 'ros.ament_python' and name 'leo_v2'
[0.207s] Level 1:colcon.colcon_core.package_identification:_identify(src/leo_v3) by extensions ['ignore', 'ignore_ament_install']
[0.207s] Level 1:colcon.colcon_core.package_identification:_identify(src/leo_v3) by extension 'ignore'
[0.207s] Level 1:colcon.colcon_core.package_identification:_identify(src/leo_v3) by extension 'ignore_ament_install'
[0.207s] Level 1:colcon.colcon_core.package_identification:_identify(src/leo_v3) by extensions ['colcon_pkg']
[0.207s] Level 1:colcon.colcon_core.package_identification:_identify(src/leo_v3) by extension 'colcon_pkg'
[0.207s] Level 1:colcon.colcon_core.package_identification:_identify(src/leo_v3) by extensions ['colcon_meta']
[0.207s] Level 1:colcon.colcon_core.package_identification:_identify(src/leo_v3) by extension 'colcon_meta'
[0.207s] Level 1:colcon.colcon_core.package_identification:_identify(src/leo_v3) by extensions ['ros']
[0.207s] Level 1:colcon.colcon_core.package_identification:_identify(src/leo_v3) by extension 'ros'
[0.208s] DEBUG:colcon.colcon_core.package_identification:Package 'src/leo_v3' with type 'ros.ament_python' and name 'leo_v3'
[0.208s] Level 1:colcon.colcon_core.package_identification:_identify(src/leo_v4) by extensions ['ignore', 'ignore_ament_install']
[0.208s] Level 1:colcon.colcon_core.package_identification:_identify(src/leo_v4) by extension 'ignore'
[0.208s] Level 1:colcon.colcon_core.package_identification:_identify(src/leo_v4) by extension 'ignore_ament_install'
[0.208s] Level 1:colcon.colcon_core.package_identification:_identify(src/leo_v4) by extensions ['colcon_pkg']
[0.208s] Level 1:colcon.colcon_core.package_identification:_identify(src/leo_v4) by extension 'colcon_pkg'
[0.208s] Level 1:colcon.colcon_core.package_identification:_identify(src/leo_v4) by extensions ['colcon_meta']
[0.208s] Level 1:colcon.colcon_core.package_identification:_identify(src/leo_v4) by extension 'colcon_meta'
[0.208s] Level 1:colcon.colcon_core.package_identification:_identify(src/leo_v4) by extensions ['ros']
[0.208s] Level 1:colcon.colcon_core.package_identification:_identify(src/leo_v4) by extension 'ros'
[0.209s] DEBUG:colcon.colcon_core.package_identification:Package 'src/leo_v4' with type 'ros.ament_python' and name 'leo_v4'
[0.209s] Level 1:colcon.colcon_core.package_discovery:discover_packages(recursive) using defaults
[0.209s] Level 1:colcon.colcon_core.package_discovery:discover_packages(ignore) discover
[0.209s] Level 1:colcon.colcon_core.package_discovery:discover_packages(ignore) using defaults
[0.209s] Level 1:colcon.colcon_core.package_discovery:discover_packages(path) discover
[0.209s] Level 1:colcon.colcon_core.package_discovery:discover_packages(path) using defaults
[0.230s] Level 1:colcon.colcon_core.package_discovery:discover_packages(prefix_path) check parameters
[0.230s] Level 1:colcon.colcon_core.package_discovery:discover_packages(prefix_path) discover
[0.233s] DEBUG:colcon.colcon_installed_package_information.package_discovery:Found 484 installed packages in /opt/ros/jazzy
[0.235s] Level 1:colcon.colcon_core.package_discovery:discover_packages(prefix_path) using defaults
[0.307s] Level 5:colcon.colcon_core.verb:set package 'leo_description' build argument 'cmake_args' from command line to 'None'
[0.307s] Level 5:colcon.colcon_core.verb:set package 'leo_description' build argument 'cmake_target' from command line to 'None'
[0.307s] Level 5:colcon.colcon_core.verb:set package 'leo_description' build argument 'cmake_target_skip_unavailable' from command line to 'False'
[0.307s] Level 5:colcon.colcon_core.verb:set package 'leo_description' build argument 'cmake_clean_cache' from command line to 'False'
[0.307s] Level 5:colcon.colcon_core.verb:set package 'leo_description' build argument 'cmake_clean_first' from command line to 'False'
[0.307s] Level 5:colcon.colcon_core.verb:set package 'leo_description' build argument 'cmake_force_configure' from command line to 'False'
[0.307s] Level 5:colcon.colcon_core.verb:set package 'leo_description' build argument 'ament_cmake_args' from command line to 'None'
[0.307s] Level 5:colcon.colcon_core.verb:set package 'leo_description' build argument 'catkin_cmake_args' from command line to 'None'
[0.307s] Level 5:colcon.colcon_core.verb:set package 'leo_description' build argument 'catkin_skip_building_tests' from command line to 'False'
[0.307s] DEBUG:colcon.colcon_core.verb:Building package 'leo_description' with the following arguments: {'ament_cmake_args': None, 'build_base': '/home/nathan/leo-rover-autonomous-exploration/build/leo_description', 'catkin_cmake_args': None, 'catkin_skip_building_tests': False, 'cmake_args': None, 'cmake_clean_cache': False, 'cmake_clean_first': False, 'cmake_force_configure': False, 'cmake_target': None, 'cmake_target_skip_unavailable': False, 'install_base': '/home/nathan/leo-rover-autonomous-exploration/install/leo_description', 'merge_install': False, 'path': '/home/nathan/leo-rover-autonomous-exploration/src/leo_description', 'symlink_install': False, 'test_result_base': None}
[0.308s] Level 5:colcon.colcon_core.verb:set package 'leo_explorer' build argument 'cmake_args' from command line to 'None'
[0.308s] Level 5:colcon.colcon_core.verb:set package 'leo_explorer' build argument 'cmake_target' from command line to 'None'
[0.308s] Level 5:colcon.colcon_core.verb:set package 'leo_explorer' build argument 'cmake_target_skip_unavailable' from command line to 'False'
[0.308s] Level 5:colcon.colcon_core.verb:set package 'leo_explorer' build argument 'cmake_clean_cache' from command line to 'False'
[0.308s] Level 5:colcon.colcon_core.verb:set package 'leo_explorer' build argument 'cmake_clean_first' from command line to 'False'
[0.308s] Level 5:colcon.colcon_core.verb:set package 'leo_explorer' build argument 'cmake_force_configure' from command line to 'False'
[0.308s] Level 5:colcon.colcon_core.verb:set package 'leo_explorer' build argument 'ament_cmake_args' from command line to 'None'
[0.308s] Level 5:colcon.colcon_core.verb:set package 'leo_explorer' build argument 'catkin_cmake_args' from command line to 'None'
[0.308s] Level 5:colcon.colcon_core.verb:set package 'leo_explorer' build argument 'catkin_skip_building_tests' from command line to 'False'
[0.308s] DEBUG:colcon.colcon_core.verb:Building package 'leo_explorer' with the following arguments: {'ament_cmake_args': None, 'build_base': '/home/nathan/leo-rover-autonomous-exploration/build/leo_explorer', 'catkin_cmake_args': None, 'catkin_skip_building_tests': False, 'cmake_args': None, 'cmake_clean_cache': False, 'cmake_clean_first': False, 'cmake_force_configure': False, 'cmake_target': None, 'cmake_target_skip_unavailable': False, 'install_base': '/home/nathan/leo-rover-autonomous-exploration/install/leo_explorer', 'merge_install': False, 'path': '/home/nathan/leo-rover-autonomous-exploration/src/leo_explorer', 'symlink_install': False, 'test_result_base': None}
[0.308s] Level 5:colcon.colcon_core.verb:set package 'leo_v1' build argument 'cmake_args' from command line to 'None'
[0.308s] Level 5:colcon.colcon_core.verb:set package 'leo_v1' build argument 'cmake_target' from command line to 'None'
[0.308s] Level 5:colcon.colcon_core.verb:set package 'leo_v1' build argument 'cmake_target_skip_unavailable' from command line to 'False'
[0.308s] Level 5:colcon.colcon_core.verb:set package 'leo_v1' build argument 'cmake_clean_cache' from command line to 'False'
[0.308s] Level 5:colcon.colcon_core.verb:set package 'leo_v1' build argument 'cmake_clean_first' from command line to 'False'
[0.308s] Level 5:colcon.colcon_core.verb:set package 'leo_v1' build argument 'cmake_force_configure' from command line to 'False'
[0.308s] Level 5:colcon.colcon_core.verb:set package 'leo_v1' build argument 'ament_cmake_args' from command line to 'None'
[0.308s] Level 5:colcon.colcon_core.verb:set package 'leo_v1' build argument 'catkin_cmake_args' from command line to 'None'
[0.308s] Level 5:colcon.colcon_core.verb:set package 'leo_v1' build argument 'catkin_skip_building_tests' from command line to 'False'
[0.308s] DEBUG:colcon.colcon_core.verb:Building package 'leo_v1' with the following arguments: {'ament_cmake_args': None, 'build_base': '/home/nathan/leo-rover-autonomous-exploration/build/leo_v1', 'catkin_cmake_args': None, 'catkin_skip_building_tests': False, 'cmake_args': None, 'cmake_clean_cache': False, 'cmake_clean_first': False, 'cmake_force_configure': False, 'cmake_target': None, 'cmake_target_skip_unavailable': False, 'install_base': '/home/nathan/leo-rover-autonomous-exploration/install/leo_v1', 'merge_install': False, 'path': '/home/nathan/leo-rover-autonomous-exploration/src/leo_v1', 'symlink_install': False, 'test_result_base': None}
[0.309s] Level 5:colcon.colcon_core.verb:set package 'leo_v2' build argument 'cmake_args' from command line to 'None'
[0.309s] Level 5:colcon.colcon_core.verb:set package 'leo_v2' build argument 'cmake_target' from command line to 'None'
[0.309s] Level 5:colcon.colcon_core.verb:set package 'leo_v2' build argument 'cmake_target_skip_unavailable' from command line to 'False'
[0.309s] Level 5:colcon.colcon_core.verb:set package 'leo_v2' build argument 'cmake_clean_cache' from command line to 'False'
[0.309s] Level 5:colcon.colcon_core.verb:set package 'leo_v2' build argument 'cmake_clean_first' from command line to 'False'
[0.309s] Level 5:colcon.colcon_core.verb:set package 'leo_v2' build argument 'cmake_force_configure' from command line to 'False'
[0.309s] Level 5:colcon.colcon_core.verb:set package 'leo_v2' build argument 'ament_cmake_args' from command line to 'None'
[0.309s] Level 5:colcon.colcon_core.verb:set package 'leo_v2' build argument 'catkin_cmake_args' from command line to 'None'
[0.309s] Level 5:colcon.colcon_core.verb:set package 'leo_v2' build argument 'catkin_skip_building_tests' from command line to 'False'
[0.309s] DEBUG:colcon.colcon_core.verb:Building package 'leo_v2' with the following arguments: {'ament_cmake_args': None, 'build_base': '/home/nathan/leo-rover-autonomous-exploration/build/leo_v2', 'catkin_cmake_args': None, 'catkin_skip_building_tests': False, 'cmake_args': None, 'cmake_clean_cache': False, 'cmake_clean_first': False, 'cmake_force_configure': False, 'cmake_target': None, 'cmake_target_skip_unavailable': False, 'install_base': '/home/nathan/leo-rover-autonomous-exploration/install/leo_v2', 'merge_install': False, 'path': '/home/nathan/leo-rover-autonomous-exploration/src/leo_v2', 'symlink_install': False, 'test_result_base': None}
[0.309s] Level 5:colcon.colcon_core.verb:set package 'leo_v3' build argument 'cmake_args' from command line to 'None'
[0.309s] Level 5:colcon.colcon_core.verb:set package 'leo_v3' build argument 'cmake_target' from command line to 'None'
[0.309s] Level 5:colcon.colcon_core.verb:set package 'leo_v3' build argument 'cmake_target_skip_unavailable' from command line to 'False'
[0.309s] Level 5:colcon.colcon_core.verb:set package 'leo_v3' build argument 'cmake_clean_cache' from command line to 'False'
[0.309s] Level 5:colcon.colcon_core.verb:set package 'leo_v3' build argument 'cmake_clean_first' from command line to 'False'
[0.309s] Level 5:colcon.colcon_core.verb:set package 'leo_v3' build argument 'cmake_force_configure' from command line to 'False'
[0.309s] Level 5:colcon.colcon_core.verb:set package 'leo_v3' build argument 'ament_cmake_args' from command line to 'None'
[0.309s] Level 5:colcon.colcon_core.verb:set package 'leo_v3' build argument 'catkin_cmake_args' from command line to 'None'
[0.309s] Level 5:colcon.colcon_core.verb:set package 'leo_v3' build argument 'catkin_skip_building_tests' from command line to 'False'
[0.309s] DEBUG:colcon.colcon_core.verb:Building package 'leo_v3' with the following arguments: {'ament_cmake_args': None, 'build_base': '/home/nathan/leo-rover-autonomous-exploration/build/leo_v3', 'catkin_cmake_args': None, 'catkin_skip_building_tests': False, 'cmake_args': None, 'cmake_clean_cache': False, 'cmake_clean_first': False, 'cmake_force_configure': False, 'cmake_target': None, 'cmake_target_skip_unavailable': False, 'install_base': '/home/nathan/leo-rover-autonomous-exploration/install/leo_v3', 'merge_install': False, 'path': '/home/nathan/leo-rover-autonomous-exploration/src/leo_v3', 'symlink_install': False, 'test_result_base': None}
[0.310s] Level 5:colcon.colcon_core.verb:set package 'leo_v4' build argument 'cmake_args' from command line to 'None'
[0.310s] Level 5:colcon.colcon_core.verb:set package 'leo_v4' build argument 'cmake_target' from command line to 'None'
[0.310s] Level 5:colcon.colcon_core.verb:set package 'leo_v4' build argument 'cmake_target_skip_unavailable' from command line to 'False'
[0.310s] Level 5:colcon.colcon_core.verb:set package 'leo_v4' build argument 'cmake_clean_cache' from command line to 'False'
[0.310s] Level 5:colcon.colcon_core.verb:set package 'leo_v4' build argument 'cmake_clean_first' from command line to 'False'
[0.310s] Level 5:colcon.colcon_core.verb:set package 'leo_v4' build argument 'cmake_force_configure' from command line to 'False'
[0.310s] Level 5:colcon.colcon_core.verb:set package 'leo_v4' build argument 'ament_cmake_args' from command line to 'None'
[0.310s] Level 5:colcon.colcon_core.verb:set package 'leo_v4' build argument 'catkin_cmake_args' from command line to 'None'
[0.310s] Level 5:colcon.colcon_core.verb:set package 'leo_v4' build argument 'catkin_skip_building_tests' from command line to 'False'
[0.310s] DEBUG:colcon.colcon_core.verb:Building package 'leo_v4' with the following arguments: {'ament_cmake_args': None, 'build_base': '/home/nathan/leo-rover-autonomous-exploration/build/leo_v4', 'catkin_cmake_args': None, 'catkin_skip_building_tests': False, 'cmake_args': None, 'cmake_clean_cache': False, 'cmake_clean_first': False, 'cmake_force_configure': False, 'cmake_target': None, 'cmake_target_skip_unavailable': False, 'install_base': '/home/nathan/leo-rover-autonomous-exploration/install/leo_v4', 'merge_install': False, 'path': '/home/nathan/leo-rover-autonomous-exploration/src/leo_v4', 'symlink_install': False, 'test_result_base': None}
[0.310s] INFO:colcon.colcon_core.executor:Executing jobs using 'parallel' executor
[0.311s] DEBUG:colcon.colcon_parallel_executor.executor.parallel:run_until_complete
[0.311s] INFO:colcon.colcon_ros.task.ament_python.build:Building ROS package in '/home/nathan/leo-rover-autonomous-exploration/src/leo_description' with build type 'ament_python'
[0.311s] Level 1:colcon.colcon_core.shell:create_environment_hook('leo_description', 'ament_prefix_path')
[0.314s] INFO:colcon.colcon_core.plugin_system:Skipping extension 'colcon_core.shell.bat': Not used on non-Windows systems
[0.314s] INFO:colcon.colcon_core.shell:Creating environment hook '/home/nathan/leo-rover-autonomous-exploration/install/leo_description/share/leo_description/hook/ament_prefix_path.ps1'
[0.315s] INFO:colcon.colcon_core.shell:Creating environment descriptor '/home/nathan/leo-rover-autonomous-exploration/install/leo_description/share/leo_description/hook/ament_prefix_path.dsv'
[0.316s] INFO:colcon.colcon_core.shell:Creating environment hook '/home/nathan/leo-rover-autonomous-exploration/install/leo_description/share/leo_description/hook/ament_prefix_path.sh'
[0.317s] INFO:colcon.colcon_core.shell:Skip shell extension 'powershell' for command environment: Not usable outside of PowerShell
[0.317s] DEBUG:colcon.colcon_core.shell:Skip shell extension 'dsv' for command environment
[0.321s] INFO:colcon.colcon_ros.task.ament_cmake.build:Building ROS package in '/home/nathan/leo-rover-autonomous-exploration/src/leo_explorer' with build type 'ament_cmake'
[0.321s] INFO:colcon.colcon_cmake.task.cmake.build:Building CMake package in '/home/nathan/leo-rover-autonomous-exploration/src/leo_explorer'
[0.321s] INFO:colcon.colcon_core.shell:Skip shell extension 'powershell' for command environment: Not usable outside of PowerShell
[0.321s] DEBUG:colcon.colcon_core.shell:Skip shell extension 'dsv' for command environment
[0.325s] INFO:colcon.colcon_ros.task.ament_python.build:Building ROS package in '/home/nathan/leo-rover-autonomous-exploration/src/leo_v1' with build type 'ament_python'
[0.326s] Level 1:colcon.colcon_core.shell:create_environment_hook('leo_v1', 'ament_prefix_path')
[0.326s] INFO:colcon.colcon_core.shell:Creating environment hook '/home/nathan/leo-rover-autonomous-exploration/install/leo_v1/share/leo_v1/hook/ament_prefix_path.ps1'
[0.326s] INFO:colcon.colcon_core.shell:Creating environment descriptor '/home/nathan/leo-rover-autonomous-exploration/install/leo_v1/share/leo_v1/hook/ament_prefix_path.dsv'
[0.327s] INFO:colcon.colcon_core.shell:Creating environment hook '/home/nathan/leo-rover-autonomous-exploration/install/leo_v1/share/leo_v1/hook/ament_prefix_path.sh'
[0.327s] INFO:colcon.colcon_core.shell:Skip shell extension 'powershell' for command environment: Not usable outside of PowerShell
[0.327s] DEBUG:colcon.colcon_core.shell:Skip shell extension 'dsv' for command environment
[0.332s] INFO:colcon.colcon_ros.task.ament_python.build:Building ROS package in '/home/nathan/leo-rover-autonomous-exploration/src/leo_v2' with build type 'ament_python'
[0.332s] Level 1:colcon.colcon_core.shell:create_environment_hook('leo_v2', 'ament_prefix_path')
[0.332s] INFO:colcon.colcon_core.shell:Creating environment hook '/home/nathan/leo-rover-autonomous-exploration/install/leo_v2/share/leo_v2/hook/ament_prefix_path.ps1'
[0.333s] INFO:colcon.colcon_core.shell:Creating environment descriptor '/home/nathan/leo-rover-autonomous-exploration/install/leo_v2/share/leo_v2/hook/ament_prefix_path.dsv'
[0.334s] INFO:colcon.colcon_core.shell:Creating environment hook '/home/nathan/leo-rover-autonomous-exploration/install/leo_v2/share/leo_v2/hook/ament_prefix_path.sh'
[0.334s] INFO:colcon.colcon_core.shell:Skip shell extension 'powershell' for command environment: Not usable outside of PowerShell
[0.334s] DEBUG:colcon.colcon_core.shell:Skip shell extension 'dsv' for command environment
[0.339s] INFO:colcon.colcon_ros.task.ament_python.build:Building ROS package in '/home/nathan/leo-rover-autonomous-exploration/src/leo_v3' with build type 'ament_python'
[0.339s] Level 1:colcon.colcon_core.shell:create_environment_hook('leo_v3', 'ament_prefix_path')
[0.340s] INFO:colcon.colcon_core.shell:Creating environment hook '/home/nathan/leo-rover-autonomous-exploration/install/leo_v3/share/leo_v3/hook/ament_prefix_path.ps1'
[0.340s] INFO:colcon.colcon_core.shell:Creating environment descriptor '/home/nathan/leo-rover-autonomous-exploration/install/leo_v3/share/leo_v3/hook/ament_prefix_path.dsv'
[0.341s] INFO:colcon.colcon_core.shell:Creating environment hook '/home/nathan/leo-rover-autonomous-exploration/install/leo_v3/share/leo_v3/hook/ament_prefix_path.sh'
[0.341s] INFO:colcon.colcon_core.shell:Skip shell extension 'powershell' for command environment: Not usable outside of PowerShell
[0.341s] DEBUG:colcon.colcon_core.shell:Skip shell extension 'dsv' for command environment
[0.346s] INFO:colcon.colcon_ros.task.ament_python.build:Building ROS package in '/home/nathan/leo-rover-autonomous-exploration/src/leo_v4' with build type 'ament_python'
[0.346s] Level 1:colcon.colcon_core.shell:create_environment_hook('leo_v4', 'ament_prefix_path')
[0.346s] INFO:colcon.colcon_core.shell:Creating environment hook '/home/nathan/leo-rover-autonomous-exploration/install/leo_v4/share/leo_v4/hook/ament_prefix_path.ps1'
[0.347s] INFO:colcon.colcon_core.shell:Creating environment descriptor '/home/nathan/leo-rover-autonomous-exploration/install/leo_v4/share/leo_v4/hook/ament_prefix_path.dsv'
[0.347s] INFO:colcon.colcon_core.shell:Creating environment hook '/home/nathan/leo-rover-autonomous-exploration/install/leo_v4/share/leo_v4/hook/ament_prefix_path.sh'
[0.348s] INFO:colcon.colcon_core.shell:Skip shell extension 'powershell' for command environment: Not usable outside of PowerShell
[0.348s] DEBUG:colcon.colcon_core.shell:Skip shell extension 'dsv' for command environment
[0.645s] INFO:colcon.colcon_core.task.python.build:Building Python package in '/home/nathan/leo-rover-autonomous-exploration/src/leo_description'
[0.645s] INFO:colcon.colcon_core.shell:Skip shell extension 'powershell' for command environment: Not usable outside of PowerShell
[0.645s] DEBUG:colcon.colcon_core.shell:Skip shell extension 'dsv' for command environment
[0.655s] DEBUG:colcon.colcon_core.event_handler.log_command:Invoking command in '/home/nathan/leo-rover-autonomous-exploration/build/leo_explorer': CMAKE_PREFIX_PATH=${CMAKE_PREFIX_PATH}:/opt/ros/jazzy DEBUGINFOD_URLS=https://debuginfod.ubuntu.com /usr/bin/cmake --build /home/nathan/leo-rover-autonomous-exploration/build/leo_explorer -- -j20 -l20
[0.938s] INFO:colcon.colcon_core.task.python.build:Building Python package in '/home/nathan/leo-rover-autonomous-exploration/src/leo_v1'
[0.939s] INFO:colcon.colcon_core.shell:Skip shell extension 'powershell' for command environment: Not usable outside of PowerShell
[0.939s] DEBUG:colcon.colcon_core.shell:Skip shell extension 'dsv' for command environment
[1.218s] INFO:colcon.colcon_core.task.python.build:Building Python package in '/home/nathan/leo-rover-autonomous-exploration/src/leo_v2'
[1.218s] INFO:colcon.colcon_core.shell:Skip shell extension 'powershell' for command environment: Not usable outside of PowerShell
[1.218s] DEBUG:colcon.colcon_core.shell:Skip shell extension 'dsv' for command environment
[1.497s] INFO:colcon.colcon_core.task.python.build:Building Python package in '/home/nathan/leo-rover-autonomous-exploration/src/leo_v3'
[1.497s] INFO:colcon.colcon_core.shell:Skip shell extension 'powershell' for command environment: Not usable outside of PowerShell
[1.497s] DEBUG:colcon.colcon_core.shell:Skip shell extension 'dsv' for command environment
[1.791s] INFO:colcon.colcon_core.task.python.build:Building Python package in '/home/nathan/leo-rover-autonomous-exploration/src/leo_v4'
[1.792s] INFO:colcon.colcon_core.shell:Skip shell extension 'powershell' for command environment: Not usable outside of PowerShell
[1.792s] DEBUG:colcon.colcon_core.shell:Skip shell extension 'dsv' for command environment
[2.521s] DEBUG:colcon.colcon_core.event_handler.log_command:Invoking command in '/home/nathan/leo-rover-autonomous-exploration/src/leo_description': DEBUGINFOD_URLS=https://debuginfod.ubuntu.com PYTHONPATH=/home/nathan/leo-rover-autonomous-exploration/build/leo_description/prefix_override:/usr/lib/python3/dist-packages/colcon_core/task/python/colcon_distutils_commands:/home/nathan/leo-rover-autonomous-exploration/install/leo_description/lib/python3.12/site-packages:${PYTHONPATH} /usr/bin/python3 -W ignore:setup.py install is deprecated -W ignore:easy_install command is deprecated setup.py egg_info --egg-base ../../build/leo_description build --build-base /home/nathan/leo-rover-autonomous-exploration/build/leo_description/build install --record /home/nathan/leo-rover-autonomous-exploration/build/leo_description/install.log --single-version-externally-managed install_data
[2.526s] DEBUG:colcon.colcon_core.event_handler.log_command:Invoking command in '/home/nathan/leo-rover-autonomous-exploration/src/leo_v4': DEBUGINFOD_URLS=https://debuginfod.ubuntu.com PYTHONPATH=/home/nathan/leo-rover-autonomous-exploration/build/leo_v4/prefix_override:/usr/lib/python3/dist-packages/colcon_core/task/python/colcon_distutils_commands:/home/nathan/leo-rover-autonomous-exploration/install/leo_v4/lib/python3.12/site-packages:${PYTHONPATH} /usr/bin/python3 -W ignore:setup.py install is deprecated -W ignore:easy_install command is deprecated setup.py egg_info --egg-base ../../build/leo_v4 build --build-base /home/nathan/leo-rover-autonomous-exploration/build/leo_v4/build install --record /home/nathan/leo-rover-autonomous-exploration/build/leo_v4/install.log --single-version-externally-managed install_data
[2.530s] DEBUG:colcon.colcon_core.event_handler.log_command:Invoking command in '/home/nathan/leo-rover-autonomous-exploration/src/leo_v2': DEBUGINFOD_URLS=https://debuginfod.ubuntu.com PYTHONPATH=/home/nathan/leo-rover-autonomous-exploration/build/leo_v2/prefix_override:/usr/lib/python3/dist-packages/colcon_core/task/python/colcon_distutils_commands:/home/nathan/leo-rover-autonomous-exploration/install/leo_v2/lib/python3.12/site-packages:${PYTHONPATH} /usr/bin/python3 -W ignore:setup.py install is deprecated -W ignore:easy_install command is deprecated setup.py egg_info --egg-base ../../build/leo_v2 build --build-base /home/nathan/leo-rover-autonomous-exploration/build/leo_v2/build install --record /home/nathan/leo-rover-autonomous-exploration/build/leo_v2/install.log --single-version-externally-managed install_data
[2.538s] DEBUG:colcon.colcon_core.event_handler.log_command:Invoking command in '/home/nathan/leo-rover-autonomous-exploration/src/leo_v3': DEBUGINFOD_URLS=https://debuginfod.ubuntu.com PYTHONPATH=/home/nathan/leo-rover-autonomous-exploration/build/leo_v3/prefix_override:/usr/lib/python3/dist-packages/colcon_core/task/python/colcon_distutils_commands:/home/nathan/leo-rover-autonomous-exploration/install/leo_v3/lib/python3.12/site-packages:${PYTHONPATH} /usr/bin/python3 -W ignore:setup.py install is deprecated -W ignore:easy_install command is deprecated setup.py egg_info --egg-base ../../build/leo_v3 build --build-base /home/nathan/leo-rover-autonomous-exploration/build/leo_v3/build install --record /home/nathan/leo-rover-autonomous-exploration/build/leo_v3/install.log --single-version-externally-managed install_data
[2.541s] DEBUG:colcon.colcon_core.event_handler.log_command:Invoking command in '/home/nathan/leo-rover-autonomous-exploration/src/leo_v1': DEBUGINFOD_URLS=https://debuginfod.ubuntu.com PYTHONPATH=/home/nathan/leo-rover-autonomous-exploration/build/leo_v1/prefix_override:/usr/lib/python3/dist-packages/colcon_core/task/python/colcon_distutils_commands:/home/nathan/leo-rover-autonomous-exploration/install/leo_v1/lib/python3.12/site-packages:${PYTHONPATH} /usr/bin/python3 -W ignore:setup.py install is deprecated -W ignore:easy_install command is deprecated setup.py egg_info --egg-base ../../build/leo_v1 build --build-base /home/nathan/leo-rover-autonomous-exploration/build/leo_v1/build install --record /home/nathan/leo-rover-autonomous-exploration/build/leo_v1/install.log --single-version-externally-managed install_data
[3.218s] DEBUG:colcon.colcon_core.event_handler.log_command:Invoked command in '/home/nathan/leo-rover-autonomous-exploration/src/leo_v2' returned '0': DEBUGINFOD_URLS=https://debuginfod.ubuntu.com PYTHONPATH=/home/nathan/leo-rover-autonomous-exploration/build/leo_v2/prefix_override:/usr/lib/python3/dist-packages/colcon_core/task/python/colcon_distutils_commands:/home/nathan/leo-rover-autonomous-exploration/install/leo_v2/lib/python3.12/site-packages:${PYTHONPATH} /usr/bin/python3 -W ignore:setup.py install is deprecated -W ignore:easy_install command is deprecated setup.py egg_info --egg-base ../../build/leo_v2 build --build-base /home/nathan/leo-rover-autonomous-exploration/build/leo_v2/build install --record /home/nathan/leo-rover-autonomous-exploration/build/leo_v2/install.log --single-version-externally-managed install_data
[3.224s] Level 1:colcon.colcon_core.environment:checking '/home/nathan/leo-rover-autonomous-exploration/install/leo_v2' for CMake module files
[3.225s] Level 1:colcon.colcon_core.environment:checking '/home/nathan/leo-rover-autonomous-exploration/install/leo_v2' for CMake config files
[3.227s] Level 1:colcon.colcon_core.environment:checking '/home/nathan/leo-rover-autonomous-exploration/install/leo_v2/lib'
[3.228s] Level 1:colcon.colcon_core.environment:checking '/home/nathan/leo-rover-autonomous-exploration/install/leo_v2/bin'
[3.228s] Level 1:colcon.colcon_core.environment:checking '/home/nathan/leo-rover-autonomous-exploration/install/leo_v2/lib/pkgconfig/leo_v2.pc'
[3.228s] Level 1:colcon.colcon_core.environment:checking '/home/nathan/leo-rover-autonomous-exploration/install/leo_v2/lib/python3.12/site-packages'
[3.229s] Level 1:colcon.colcon_core.shell:create_environment_hook('leo_v2', 'pythonpath')
[3.229s] INFO:colcon.colcon_core.shell:Creating environment hook '/home/nathan/leo-rover-autonomous-exploration/install/leo_v2/share/leo_v2/hook/pythonpath.ps1'
[3.230s] INFO:colcon.colcon_core.shell:Creating environment descriptor '/home/nathan/leo-rover-autonomous-exploration/install/leo_v2/share/leo_v2/hook/pythonpath.dsv'
[3.231s] INFO:colcon.colcon_core.shell:Creating environment hook '/home/nathan/leo-rover-autonomous-exploration/install/leo_v2/share/leo_v2/hook/pythonpath.sh'
[3.233s] Level 1:colcon.colcon_core.environment:checking '/home/nathan/leo-rover-autonomous-exploration/install/leo_v2/bin'
[3.233s] Level 1:colcon.colcon_core.environment:create_environment_scripts_only(leo_v2)
[3.234s] INFO:colcon.colcon_core.shell:Creating package script '/home/nathan/leo-rover-autonomous-exploration/install/leo_v2/share/leo_v2/package.ps1'
[3.236s] INFO:colcon.colcon_core.shell:Creating package descriptor '/home/nathan/leo-rover-autonomous-exploration/install/leo_v2/share/leo_v2/package.dsv'
[3.237s] INFO:colcon.colcon_core.shell:Creating package script '/home/nathan/leo-rover-autonomous-exploration/install/leo_v2/share/leo_v2/package.sh'
[3.237s] INFO:colcon.colcon_core.shell:Creating package script '/home/nathan/leo-rover-autonomous-exploration/install/leo_v2/share/leo_v2/package.bash'
[3.238s] INFO:colcon.colcon_core.shell:Creating package script '/home/nathan/leo-rover-autonomous-exploration/install/leo_v2/share/leo_v2/package.zsh'
[3.238s] Level 1:colcon.colcon_core.environment:create_file_with_runtime_dependencies(/home/nathan/leo-rover-autonomous-exploration/install/leo_v2/share/colcon-core/packages/leo_v2)
[3.243s] Level 1:colcon.colcon_core.environment:checking '/home/nathan/leo-rover-autonomous-exploration/install/leo_description' for CMake module files
[3.244s] DEBUG:colcon.colcon_core.event_handler.log_command:Invoked command in '/home/nathan/leo-rover-autonomous-exploration/src/leo_description' returned '0': DEBUGINFOD_URLS=https://debuginfod.ubuntu.com PYTHONPATH=/home/nathan/leo-rover-autonomous-exploration/build/leo_description/prefix_override:/usr/lib/python3/dist-packages/colcon_core/task/python/colcon_distutils_commands:/home/nathan/leo-rover-autonomous-exploration/install/leo_description/lib/python3.12/site-packages:${PYTHONPATH} /usr/bin/python3 -W ignore:setup.py install is deprecated -W ignore:easy_install command is deprecated setup.py egg_info --egg-base ../../build/leo_description build --build-base /home/nathan/leo-rover-autonomous-exploration/build/leo_description/build install --record /home/nathan/leo-rover-autonomous-exploration/build/leo_description/install.log --single-version-externally-managed install_data
[3.244s] Level 1:colcon.colcon_core.environment:checking '/home/nathan/leo-rover-autonomous-exploration/install/leo_description' for CMake config files
[3.245s] Level 1:colcon.colcon_core.environment:checking '/home/nathan/leo-rover-autonomous-exploration/install/leo_description/lib'
[3.245s] Level 1:colcon.colcon_core.environment:checking '/home/nathan/leo-rover-autonomous-exploration/install/leo_description/bin'
[3.245s] Level 1:colcon.colcon_core.environment:checking '/home/nathan/leo-rover-autonomous-exploration/install/leo_description/lib/pkgconfig/leo_description.pc'
[3.245s] Level 1:colcon.colcon_core.environment:checking '/home/nathan/leo-rover-autonomous-exploration/install/leo_description/lib/python3.12/site-packages'
[3.245s] Level 1:colcon.colcon_core.shell:create_environment_hook('leo_description', 'pythonpath')
[3.245s] INFO:colcon.colcon_core.shell:Creating environment hook '/home/nathan/leo-rover-autonomous-exploration/install/leo_description/share/leo_description/hook/pythonpath.ps1'
[3.246s] INFO:colcon.colcon_core.shell:Creating environment descriptor '/home/nathan/leo-rover-autonomous-exploration/install/leo_description/share/leo_description/hook/pythonpath.dsv'
[3.246s] INFO:colcon.colcon_core.shell:Creating environment hook '/home/nathan/leo-rover-autonomous-exploration/install/leo_description/share/leo_description/hook/pythonpath.sh'
[3.247s] Level 1:colcon.colcon_core.environment:checking '/home/nathan/leo-rover-autonomous-exploration/install/leo_description/bin'
[3.247s] Level 1:colcon.colcon_core.environment:create_environment_scripts_only(leo_description)
[3.247s] INFO:colcon.colcon_core.shell:Creating package script '/home/nathan/leo-rover-autonomous-exploration/install/leo_description/share/leo_description/package.ps1'
[3.248s] INFO:colcon.colcon_core.shell:Creating package descriptor '/home/nathan/leo-rover-autonomous-exploration/install/leo_description/share/leo_description/package.dsv'
[3.248s] INFO:colcon.colcon_core.shell:Creating package script '/home/nathan/leo-rover-autonomous-exploration/install/leo_description/share/leo_description/package.sh'
[3.249s] INFO:colcon.colcon_core.shell:Creating package script '/home/nathan/leo-rover-autonomous-exploration/install/leo_description/share/leo_description/package.bash'
[3.249s] INFO:colcon.colcon_core.shell:Creating package script '/home/nathan/leo-rover-autonomous-exploration/install/leo_description/share/leo_description/package.zsh'
[3.249s] Level 1:colcon.colcon_core.environment:create_file_with_runtime_dependencies(/home/nathan/leo-rover-autonomous-exploration/install/leo_description/share/colcon-core/packages/leo_description)
[3.272s] Level 1:colcon.colcon_core.environment:checking '/home/nathan/leo-rover-autonomous-exploration/install/leo_v4' for CMake module files
[3.273s] DEBUG:colcon.colcon_core.event_handler.log_command:Invoked command in '/home/nathan/leo-rover-autonomous-exploration/src/leo_v4' returned '0': DEBUGINFOD_URLS=https://debuginfod.ubuntu.com PYTHONPATH=/home/nathan/leo-rover-autonomous-exploration/build/leo_v4/prefix_override:/usr/lib/python3/dist-packages/colcon_core/task/python/colcon_distutils_commands:/home/nathan/leo-rover-autonomous-exploration/install/leo_v4/lib/python3.12/site-packages:${PYTHONPATH} /usr/bin/python3 -W ignore:setup.py install is deprecated -W ignore:easy_install command is deprecated setup.py egg_info --egg-base ../../build/leo_v4 build --build-base /home/nathan/leo-rover-autonomous-exploration/build/leo_v4/build install --record /home/nathan/leo-rover-autonomous-exploration/build/leo_v4/install.log --single-version-externally-managed install_data
[3.273s] Level 1:colcon.colcon_core.environment:checking '/home/nathan/leo-rover-autonomous-exploration/install/leo_v4' for CMake config files
[3.274s] Level 1:colcon.colcon_core.environment:checking '/home/nathan/leo-rover-autonomous-exploration/install/leo_v4/lib'
[3.274s] Level 1:colcon.colcon_core.environment:checking '/home/nathan/leo-rover-autonomous-exploration/install/leo_v4/bin'
[3.274s] Level 1:colcon.colcon_core.environment:checking '/home/nathan/leo-rover-autonomous-exploration/install/leo_v4/lib/pkgconfig/leo_v4.pc'
[3.274s] Level 1:colcon.colcon_core.environment:checking '/home/nathan/leo-rover-autonomous-exploration/install/leo_v4/lib/python3.12/site-packages'
[3.275s] Level 1:colcon.colcon_core.shell:create_environment_hook('leo_v4', 'pythonpath')
[3.275s] INFO:colcon.colcon_core.shell:Creating environment hook '/home/nathan/leo-rover-autonomous-exploration/install/leo_v4/share/leo_v4/hook/pythonpath.ps1'
[3.275s] INFO:colcon.colcon_core.shell:Creating environment descriptor '/home/nathan/leo-rover-autonomous-exploration/install/leo_v4/share/leo_v4/hook/pythonpath.dsv'
[3.276s] INFO:colcon.colcon_core.shell:Creating environment hook '/home/nathan/leo-rover-autonomous-exploration/install/leo_v4/share/leo_v4/hook/pythonpath.sh'
[3.276s] Level 1:colcon.colcon_core.environment:checking '/home/nathan/leo-rover-autonomous-exploration/install/leo_v4/bin'
[3.276s] Level 1:colcon.colcon_core.environment:create_environment_scripts_only(leo_v4)
[3.277s] INFO:colcon.colcon_core.shell:Creating package script '/home/nathan/leo-rover-autonomous-exploration/install/leo_v4/share/leo_v4/package.ps1'
[3.277s] INFO:colcon.colcon_core.shell:Creating package descriptor '/home/nathan/leo-rover-autonomous-exploration/install/leo_v4/share/leo_v4/package.dsv'
[3.279s] INFO:colcon.colcon_core.shell:Creating package script '/home/nathan/leo-rover-autonomous-exploration/install/leo_v4/share/leo_v4/package.sh'
[3.279s] INFO:colcon.colcon_core.shell:Creating package script '/home/nathan/leo-rover-autonomous-exploration/install/leo_v4/share/leo_v4/package.bash'
[3.280s] INFO:colcon.colcon_core.shell:Creating package script '/home/nathan/leo-rover-autonomous-exploration/install/leo_v4/share/leo_v4/package.zsh'
[3.280s] Level 1:colcon.colcon_core.environment:create_file_with_runtime_dependencies(/home/nathan/leo-rover-autonomous-exploration/install/leo_v4/share/colcon-core/packages/leo_v4)
[3.307s] Level 1:colcon.colcon_core.environment:checking '/home/nathan/leo-rover-autonomous-exploration/install/leo_v1' for CMake module files
[3.309s] DEBUG:colcon.colcon_core.event_handler.log_command:Invoked command in '/home/nathan/leo-rover-autonomous-exploration/src/leo_v1' returned '0': DEBUGINFOD_URLS=https://debuginfod.ubuntu.com PYTHONPATH=/home/nathan/leo-rover-autonomous-exploration/build/leo_v1/prefix_override:/usr/lib/python3/dist-packages/colcon_core/task/python/colcon_distutils_commands:/home/nathan/leo-rover-autonomous-exploration/install/leo_v1/lib/python3.12/site-packages:${PYTHONPATH} /usr/bin/python3 -W ignore:setup.py install is deprecated -W ignore:easy_install command is deprecated setup.py egg_info --egg-base ../../build/leo_v1 build --build-base /home/nathan/leo-rover-autonomous-exploration/build/leo_v1/build install --record /home/nathan/leo-rover-autonomous-exploration/build/leo_v1/install.log --single-version-externally-managed install_data
[3.309s] Level 1:colcon.colcon_core.environment:checking '/home/nathan/leo-rover-autonomous-exploration/install/leo_v1' for CMake config files
[3.310s] Level 1:colcon.colcon_core.environment:checking '/home/nathan/leo-rover-autonomous-exploration/install/leo_v1/lib'
[3.310s] Level 1:colcon.colcon_core.environment:checking '/home/nathan/leo-rover-autonomous-exploration/install/leo_v1/bin'
[3.310s] Level 1:colcon.colcon_core.environment:checking '/home/nathan/leo-rover-autonomous-exploration/install/leo_v1/lib/pkgconfig/leo_v1.pc'
[3.311s] Level 1:colcon.colcon_core.environment:checking '/home/nathan/leo-rover-autonomous-exploration/install/leo_v1/lib/python3.12/site-packages'
[3.311s] Level 1:colcon.colcon_core.shell:create_environment_hook('leo_v1', 'pythonpath')
[3.311s] INFO:colcon.colcon_core.shell:Creating environment hook '/home/nathan/leo-rover-autonomous-exploration/install/leo_v1/share/leo_v1/hook/pythonpath.ps1'
[3.311s] INFO:colcon.colcon_core.shell:Creating environment descriptor '/home/nathan/leo-rover-autonomous-exploration/install/leo_v1/share/leo_v1/hook/pythonpath.dsv'
[3.312s] INFO:colcon.colcon_core.shell:Creating environment hook '/home/nathan/leo-rover-autonomous-exploration/install/leo_v1/share/leo_v1/hook/pythonpath.sh'
[3.312s] Level 1:colcon.colcon_core.environment:checking '/home/nathan/leo-rover-autonomous-exploration/install/leo_v1/bin'
[3.312s] Level 1:colcon.colcon_core.environment:create_environment_scripts_only(leo_v1)
[3.313s] INFO:colcon.colcon_core.shell:Creating package script '/home/nathan/leo-rover-autonomous-exploration/install/leo_v1/share/leo_v1/package.ps1'
[3.313s] INFO:colcon.colcon_core.shell:Creating package descriptor '/home/nathan/leo-rover-autonomous-exploration/install/leo_v1/share/leo_v1/package.dsv'
[3.314s] INFO:colcon.colcon_core.shell:Creating package script '/home/nathan/leo-rover-autonomous-exploration/install/leo_v1/share/leo_v1/package.sh'
[3.314s] INFO:colcon.colcon_core.shell:Creating package script '/home/nathan/leo-rover-autonomous-exploration/install/leo_v1/share/leo_v1/package.bash'
[3.314s] INFO:colcon.colcon_core.shell:Creating package script '/home/nathan/leo-rover-autonomous-exploration/install/leo_v1/share/leo_v1/package.zsh'
[3.315s] Level 1:colcon.colcon_core.environment:create_file_with_runtime_dependencies(/home/nathan/leo-rover-autonomous-exploration/install/leo_v1/share/colcon-core/packages/leo_v1)
[3.774s] Level 1:colcon.colcon_core.environment:checking '/home/nathan/leo-rover-autonomous-exploration/install/leo_v3' for CMake module files
[3.776s] DEBUG:colcon.colcon_core.event_handler.log_command:Invoked command in '/home/nathan/leo-rover-autonomous-exploration/src/leo_v3' returned '0': DEBUGINFOD_URLS=https://debuginfod.ubuntu.com PYTHONPATH=/home/nathan/leo-rover-autonomous-exploration/build/leo_v3/prefix_override:/usr/lib/python3/dist-packages/colcon_core/task/python/colcon_distutils_commands:/home/nathan/leo-rover-autonomous-exploration/install/leo_v3/lib/python3.12/site-packages:${PYTHONPATH} /usr/bin/python3 -W ignore:setup.py install is deprecated -W ignore:easy_install command is deprecated setup.py egg_info --egg-base ../../build/leo_v3 build --build-base /home/nathan/leo-rover-autonomous-exploration/build/leo_v3/build install --record /home/nathan/leo-rover-autonomous-exploration/build/leo_v3/install.log --single-version-externally-managed install_data
[3.776s] Level 1:colcon.colcon_core.environment:checking '/home/nathan/leo-rover-autonomous-exploration/install/leo_v3' for CMake config files
[3.777s] Level 1:colcon.colcon_core.environment:checking '/home/nathan/leo-rover-autonomous-exploration/install/leo_v3/lib'
[3.777s] Level 1:colcon.colcon_core.environment:checking '/home/nathan/leo-rover-autonomous-exploration/install/leo_v3/bin'
[3.777s] Level 1:colcon.colcon_core.environment:checking '/home/nathan/leo-rover-autonomous-exploration/install/leo_v3/lib/pkgconfig/leo_v3.pc'
[3.777s] Level 1:colcon.colcon_core.environment:checking '/home/nathan/leo-rover-autonomous-exploration/install/leo_v3/lib/python3.12/site-packages'
[3.777s] Level 1:colcon.colcon_core.shell:create_environment_hook('leo_v3', 'pythonpath')
[3.778s] INFO:colcon.colcon_core.shell:Creating environment hook '/home/nathan/leo-rover-autonomous-exploration/install/leo_v3/share/leo_v3/hook/pythonpath.ps1'
[3.778s] INFO:colcon.colcon_core.shell:Creating environment descriptor '/home/nathan/leo-rover-autonomous-exploration/install/leo_v3/share/leo_v3/hook/pythonpath.dsv'
[3.778s] INFO:colcon.colcon_core.shell:Creating environment hook '/home/nathan/leo-rover-autonomous-exploration/install/leo_v3/share/leo_v3/hook/pythonpath.sh'
[3.779s] Level 1:colcon.colcon_core.environment:checking '/home/nathan/leo-rover-autonomous-exploration/install/leo_v3/bin'
[3.779s] Level 1:colcon.colcon_core.environment:create_environment_scripts_only(leo_v3)
[3.779s] INFO:colcon.colcon_core.shell:Creating package script '/home/nathan/leo-rover-autonomous-exploration/install/leo_v3/share/leo_v3/package.ps1'
[3.780s] INFO:colcon.colcon_core.shell:Creating package descriptor '/home/nathan/leo-rover-autonomous-exploration/install/leo_v3/share/leo_v3/package.dsv'
[3.780s] INFO:colcon.colcon_core.shell:Creating package script '/home/nathan/leo-rover-autonomous-exploration/install/leo_v3/share/leo_v3/package.sh'
[3.781s] INFO:colcon.colcon_core.shell:Creating package script '/home/nathan/leo-rover-autonomous-exploration/install/leo_v3/share/leo_v3/package.bash'
[3.781s] INFO:colcon.colcon_core.shell:Creating package script '/home/nathan/leo-rover-autonomous-exploration/install/leo_v3/share/leo_v3/package.zsh'
[3.781s] Level 1:colcon.colcon_core.environment:create_file_with_runtime_dependencies(/home/nathan/leo-rover-autonomous-exploration/install/leo_v3/share/colcon-core/packages/leo_v3)
[19.352s] DEBUG:colcon.colcon_core.event_handler.log_command:Invoked command in '/home/nathan/leo-rover-autonomous-exploration/build/leo_explorer' returned '0': CMAKE_PREFIX_PATH=${CMAKE_PREFIX_PATH}:/opt/ros/jazzy DEBUGINFOD_URLS=https://debuginfod.ubuntu.com /usr/bin/cmake --build /home/nathan/leo-rover-autonomous-exploration/build/leo_explorer -- -j20 -l20
[19.365s] DEBUG:colcon.colcon_core.event_handler.log_command:Invoking command in '/home/nathan/leo-rover-autonomous-exploration/build/leo_explorer': CMAKE_PREFIX_PATH=${CMAKE_PREFIX_PATH}:/opt/ros/jazzy DEBUGINFOD_URLS=https://debuginfod.ubuntu.com /usr/bin/cmake --install /home/nathan/leo-rover-autonomous-exploration/build/leo_explorer
[19.395s] Level 1:colcon.colcon_core.environment:create_environment_scripts_only(leo_explorer)
[19.395s] Level 1:colcon.colcon_core.environment:checking '/home/nathan/leo-rover-autonomous-exploration/install/leo_explorer' for CMake module files
[19.396s] DEBUG:colcon.colcon_core.event_handler.log_command:Invoked command in '/home/nathan/leo-rover-autonomous-exploration/build/leo_explorer' returned '0': CMAKE_PREFIX_PATH=${CMAKE_PREFIX_PATH}:/opt/ros/jazzy DEBUGINFOD_URLS=https://debuginfod.ubuntu.com /usr/bin/cmake --install /home/nathan/leo-rover-autonomous-exploration/build/leo_explorer
[19.397s] Level 1:colcon.colcon_core.environment:checking '/home/nathan/leo-rover-autonomous-exploration/install/leo_explorer' for CMake config files
[19.397s] Level 1:colcon.colcon_core.shell:create_environment_hook('leo_explorer', 'cmake_prefix_path')
[19.397s] INFO:colcon.colcon_core.shell:Creating environment hook '/home/nathan/leo-rover-autonomous-exploration/install/leo_explorer/share/leo_explorer/hook/cmake_prefix_path.ps1'
[19.397s] INFO:colcon.colcon_core.shell:Creating environment descriptor '/home/nathan/leo-rover-autonomous-exploration/install/leo_explorer/share/leo_explorer/hook/cmake_prefix_path.dsv'
[19.398s] INFO:colcon.colcon_core.shell:Creating environment hook '/home/nathan/leo-rover-autonomous-exploration/install/leo_explorer/share/leo_explorer/hook/cmake_prefix_path.sh'
[19.398s] Level 1:colcon.colcon_core.environment:checking '/home/nathan/leo-rover-autonomous-exploration/install/leo_explorer/lib'
[19.398s] Level 1:colcon.colcon_core.environment:checking '/home/nathan/leo-rover-autonomous-exploration/install/leo_explorer/bin'
[19.399s] Level 1:colcon.colcon_core.environment:checking '/home/nathan/leo-rover-autonomous-exploration/install/leo_explorer/lib/pkgconfig/leo_explorer.pc'
[19.399s] Level 1:colcon.colcon_core.environment:checking '/home/nathan/leo-rover-autonomous-exploration/install/leo_explorer/lib/python3.12/site-packages'
[19.399s] Level 1:colcon.colcon_core.environment:checking '/home/nathan/leo-rover-autonomous-exploration/install/leo_explorer/bin'
[19.399s] INFO:colcon.colcon_core.shell:Creating package script '/home/nathan/leo-rover-autonomous-exploration/install/leo_explorer/share/leo_explorer/package.ps1'
[19.400s] INFO:colcon.colcon_core.shell:Creating package descriptor '/home/nathan/leo-rover-autonomous-exploration/install/leo_explorer/share/leo_explorer/package.dsv'
[19.400s] INFO:colcon.colcon_core.shell:Creating package script '/home/nathan/leo-rover-autonomous-exploration/install/leo_explorer/share/leo_explorer/package.sh'
[19.401s] INFO:colcon.colcon_core.shell:Creating package script '/home/nathan/leo-rover-autonomous-exploration/install/leo_explorer/share/leo_explorer/package.bash'
[19.401s] INFO:colcon.colcon_core.shell:Creating package script '/home/nathan/leo-rover-autonomous-exploration/install/leo_explorer/share/leo_explorer/package.zsh'
[19.401s] Level 1:colcon.colcon_core.environment:create_file_with_runtime_dependencies(/home/nathan/leo-rover-autonomous-exploration/install/leo_explorer/share/colcon-core/packages/leo_explorer)
[19.402s] Level 1:colcon.colcon_core.environment:create_environment_scripts_only(leo_explorer)
[19.402s] Level 1:colcon.colcon_core.environment:checking '/home/nathan/leo-rover-autonomous-exploration/install/leo_explorer' for CMake module files
[19.402s] Level 1:colcon.colcon_core.environment:checking '/home/nathan/leo-rover-autonomous-exploration/install/leo_explorer' for CMake config files
[19.403s] Level 1:colcon.colcon_core.shell:create_environment_hook('leo_explorer', 'cmake_prefix_path')
[19.403s] INFO:colcon.colcon_core.shell:Creating environment hook '/home/nathan/leo-rover-autonomous-exploration/install/leo_explorer/share/leo_explorer/hook/cmake_prefix_path.ps1'
[19.403s] INFO:colcon.colcon_core.shell:Creating environment descriptor '/home/nathan/leo-rover-autonomous-exploration/install/leo_explorer/share/leo_explorer/hook/cmake_prefix_path.dsv'
[19.403s] INFO:colcon.colcon_core.shell:Creating environment hook '/home/nathan/leo-rover-autonomous-exploration/install/leo_explorer/share/leo_explorer/hook/cmake_prefix_path.sh'
[19.404s] Level 1:colcon.colcon_core.environment:checking '/home/nathan/leo-rover-autonomous-exploration/install/leo_explorer/lib'
[19.404s] Level 1:colcon.colcon_core.environment:checking '/home/nathan/leo-rover-autonomous-exploration/install/leo_explorer/bin'
[19.404s] Level 1:colcon.colcon_core.environment:checking '/home/nathan/leo-rover-autonomous-exploration/install/leo_explorer/lib/pkgconfig/leo_explorer.pc'
[19.404s] Level 1:colcon.colcon_core.environment:checking '/home/nathan/leo-rover-autonomous-exploration/install/leo_explorer/lib/python3.12/site-packages'
[19.405s] Level 1:colcon.colcon_core.environment:checking '/home/nathan/leo-rover-autonomous-exploration/install/leo_explorer/bin'
[19.405s] INFO:colcon.colcon_core.shell:Creating package script '/home/nathan/leo-rover-autonomous-exploration/install/leo_explorer/share/leo_explorer/package.ps1'
[19.405s] INFO:colcon.colcon_core.shell:Creating package descriptor '/home/nathan/leo-rover-autonomous-exploration/install/leo_explorer/share/leo_explorer/package.dsv'
[19.406s] INFO:colcon.colcon_core.shell:Creating package script '/home/nathan/leo-rover-autonomous-exploration/install/leo_explorer/share/leo_explorer/package.sh'
[19.406s] INFO:colcon.colcon_core.shell:Creating package script '/home/nathan/leo-rover-autonomous-exploration/install/leo_explorer/share/leo_explorer/package.bash'
[19.407s] INFO:colcon.colcon_core.shell:Creating package script '/home/nathan/leo-rover-autonomous-exploration/install/leo_explorer/share/leo_explorer/package.zsh'
[19.407s] Level 1:colcon.colcon_core.environment:create_file_with_runtime_dependencies(/home/nathan/leo-rover-autonomous-exploration/install/leo_explorer/share/colcon-core/packages/leo_explorer)
[19.407s] DEBUG:colcon.colcon_parallel_executor.executor.parallel:closing loop
[19.407s] DEBUG:colcon.colcon_parallel_executor.executor.parallel:loop closed
[19.407s] DEBUG:colcon.colcon_parallel_executor.executor.parallel:run_until_complete finished with '0'
[19.408s] DEBUG:colcon.colcon_core.event_reactor:joining thread
[19.415s] INFO:colcon.colcon_core.plugin_system:Skipping extension 'colcon_notification.desktop_notification.terminal_notifier': Not used on non-Darwin systems
[19.415s] INFO:colcon.colcon_core.plugin_system:Skipping extension 'colcon_notification.desktop_notification.win32': Not used on non-Windows systems
[19.415s] INFO:colcon.colcon_notification.desktop_notification:Sending desktop notification using 'notify2'
[19.436s] DEBUG:colcon.colcon_core.event_reactor:joined thread
[19.437s] INFO:colcon.colcon_core.shell:Creating prefix script '/home/nathan/leo-rover-autonomous-exploration/install/local_setup.ps1'
[19.438s] INFO:colcon.colcon_core.shell:Creating prefix util module '/home/nathan/leo-rover-autonomous-exploration/install/_local_setup_util_ps1.py'
[19.439s] INFO:colcon.colcon_core.shell:Creating prefix chain script '/home/nathan/leo-rover-autonomous-exploration/install/setup.ps1'
[19.440s] INFO:colcon.colcon_core.shell:Creating prefix script '/home/nathan/leo-rover-autonomous-exploration/install/local_setup.sh'
[19.440s] INFO:colcon.colcon_core.shell:Creating prefix util module '/home/nathan/leo-rover-autonomous-exploration/install/_local_setup_util_sh.py'
[19.441s] INFO:colcon.colcon_core.shell:Creating prefix chain script '/home/nathan/leo-rover-autonomous-exploration/install/setup.sh'
[19.442s] INFO:colcon.colcon_core.shell:Creating prefix script '/home/nathan/leo-rover-autonomous-exploration/install/local_setup.bash'
[19.442s] INFO:colcon.colcon_core.shell:Creating prefix chain script '/home/nathan/leo-rover-autonomous-exploration/install/setup.bash'
[19.443s] INFO:colcon.colcon_core.shell:Creating prefix script '/home/nathan/leo-rover-autonomous-exploration/install/local_setup.zsh'
[19.444s] INFO:colcon.colcon_core.shell:Creating prefix chain script '/home/nathan/leo-rover-autonomous-exploration/install/setup.zsh'
