running egg_info
creating ../../build/leo_v4/leo_v4.egg-info
writing ../../build/leo_v4/leo_v4.egg-info/PKG-INFO
writing dependency_links to ../../build/leo_v4/leo_v4.egg-info/dependency_links.txt
writing entry points to ../../build/leo_v4/leo_v4.egg-info/entry_points.txt
writing requirements to ../../build/leo_v4/leo_v4.egg-info/requires.txt
writing top-level names to ../../build/leo_v4/leo_v4.egg-info/top_level.txt
writing manifest file '../../build/leo_v4/leo_v4.egg-info/SOURCES.txt'
reading manifest file '../../build/leo_v4/leo_v4.egg-info/SOURCES.txt'
writing manifest file '../../build/leo_v4/leo_v4.egg-info/SOURCES.txt'
running build
running build_py
creating /home/nathan/leo-rover-autonomous-exploration/build/leo_v4/build
creating /home/nathan/leo-rover-autonomous-exploration/build/leo_v4/build/lib
creating /home/nathan/leo-rover-autonomous-exploration/build/leo_v4/build/lib/leo_v4
copying leo_v4/autonav_starter.py -> /home/nathan/leo-rover-autonomous-exploration/build/leo_v4/build/lib/leo_v4
copying leo_v4/__init__.py -> /home/nathan/leo-rover-autonomous-exploration/build/leo_v4/build/lib/leo_v4
running install
running install_lib
creating /home/nathan/leo-rover-autonomous-exploration/install/leo_v4/lib/python3.12/site-packages/leo_v4
copying /home/nathan/leo-rover-autonomous-exploration/build/leo_v4/build/lib/leo_v4/autonav_starter.py -> /home/nathan/leo-rover-autonomous-exploration/install/leo_v4/lib/python3.12/site-packages/leo_v4
copying /home/nathan/leo-rover-autonomous-exploration/build/leo_v4/build/lib/leo_v4/__init__.py -> /home/nathan/leo-rover-autonomous-exploration/install/leo_v4/lib/python3.12/site-packages/leo_v4
byte-compiling /home/nathan/leo-rover-autonomous-exploration/install/leo_v4/lib/python3.12/site-packages/leo_v4/autonav_starter.py to autonav_starter.cpython-312.pyc
byte-compiling /home/nathan/leo-rover-autonomous-exploration/install/leo_v4/lib/python3.12/site-packages/leo_v4/__init__.py to __init__.cpython-312.pyc
running install_data
creating /home/nathan/leo-rover-autonomous-exploration/install/leo_v4/share/ament_index
creating /home/nathan/leo-rover-autonomous-exploration/install/leo_v4/share/ament_index/resource_index
creating /home/nathan/leo-rover-autonomous-exploration/install/leo_v4/share/ament_index/resource_index/packages
copying resource/leo_v4 -> /home/nathan/leo-rover-autonomous-exploration/install/leo_v4/share/ament_index/resource_index/packages
copying package.xml -> /home/nathan/leo-rover-autonomous-exploration/install/leo_v4/share/leo_v4
creating /home/nathan/leo-rover-autonomous-exploration/install/leo_v4/share/leo_v4/launch
copying launch/leo_autosim.launch.py -> /home/nathan/leo-rover-autonomous-exploration/install/leo_v4/share/leo_v4/launch
creating /home/nathan/leo-rover-autonomous-exploration/install/leo_v4/share/leo_v4/config
running install_egg_info
Copying ../../build/leo_v4/leo_v4.egg-info to /home/nathan/leo-rover-autonomous-exploration/install/leo_v4/lib/python3.12/site-packages/leo_v4-0.0.0-py3.12.egg-info
running install_scripts
Installing autonav_starter script to /home/nathan/leo-rover-autonomous-exploration/install/leo_v4/lib/leo_v4
writing list of installed files to '/home/nathan/leo-rover-autonomous-exploration/build/leo_v4/install.log'
