[1.301s] Invoking command in '/home/nathan/leo-rover-autonomous-exploration/src/leo_v4': DEBUGINFOD_URLS=https://debuginfod.ubuntu.com PYTHONPATH=/home/nathan/leo-rover-autonomous-exploration/build/leo_v4/prefix_override:/usr/lib/python3/dist-packages/colcon_core/task/python/colcon_distutils_commands:/home/nathan/leo-rover-autonomous-exploration/install/leo_v4/lib/python3.12/site-packages:${PYTHONPATH} /usr/bin/python3 -W ignore:setup.py install is deprecated -W ignore:easy_install command is deprecated setup.py egg_info --egg-base ../../build/leo_v4 build --build-base /home/nathan/leo-rover-autonomous-exploration/build/leo_v4/build install --record /home/nathan/leo-rover-autonomous-exploration/build/leo_v4/install.log --single-version-externally-managed install_data
[1.510s] running egg_info
[1.511s] creating ../../build/leo_v4/leo_v4.egg-info
[1.525s] writing ../../build/leo_v4/leo_v4.egg-info/PKG-INFO
[1.525s] writing dependency_links to ../../build/leo_v4/leo_v4.egg-info/dependency_links.txt
[1.525s] writing entry points to ../../build/leo_v4/leo_v4.egg-info/entry_points.txt
[1.525s] writing requirements to ../../build/leo_v4/leo_v4.egg-info/requires.txt
[1.525s] writing top-level names to ../../build/leo_v4/leo_v4.egg-info/top_level.txt
[1.526s] writing manifest file '../../build/leo_v4/leo_v4.egg-info/SOURCES.txt'
[1.557s] reading manifest file '../../build/leo_v4/leo_v4.egg-info/SOURCES.txt'
[1.557s] writing manifest file '../../build/leo_v4/leo_v4.egg-info/SOURCES.txt'
[1.557s] running build
[1.558s] running build_py
[1.558s] creating /home/nathan/leo-rover-autonomous-exploration/build/leo_v4/build
[1.558s] creating /home/nathan/leo-rover-autonomous-exploration/build/leo_v4/build/lib
[1.558s] creating /home/nathan/leo-rover-autonomous-exploration/build/leo_v4/build/lib/leo_v4
[1.558s] copying leo_v4/autonav_starter.py -> /home/nathan/leo-rover-autonomous-exploration/build/leo_v4/build/lib/leo_v4
[1.558s] copying leo_v4/__init__.py -> /home/nathan/leo-rover-autonomous-exploration/build/leo_v4/build/lib/leo_v4
[1.558s] running install
[1.564s] running install_lib
[1.580s] creating /home/nathan/leo-rover-autonomous-exploration/install/leo_v4/lib/python3.12/site-packages/leo_v4
[1.581s] copying /home/nathan/leo-rover-autonomous-exploration/build/leo_v4/build/lib/leo_v4/autonav_starter.py -> /home/nathan/leo-rover-autonomous-exploration/install/leo_v4/lib/python3.12/site-packages/leo_v4
[1.581s] copying /home/nathan/leo-rover-autonomous-exploration/build/leo_v4/build/lib/leo_v4/__init__.py -> /home/nathan/leo-rover-autonomous-exploration/install/leo_v4/lib/python3.12/site-packages/leo_v4
[1.581s] byte-compiling /home/nathan/leo-rover-autonomous-exploration/install/leo_v4/lib/python3.12/site-packages/leo_v4/autonav_starter.py to autonav_starter.cpython-312.pyc
[1.582s] byte-compiling /home/nathan/leo-rover-autonomous-exploration/install/leo_v4/lib/python3.12/site-packages/leo_v4/__init__.py to __init__.cpython-312.pyc
[1.582s] running install_data
[1.582s] creating /home/nathan/leo-rover-autonomous-exploration/install/leo_v4/share/ament_index
[1.582s] creating /home/nathan/leo-rover-autonomous-exploration/install/leo_v4/share/ament_index/resource_index
[1.582s] creating /home/nathan/leo-rover-autonomous-exploration/install/leo_v4/share/ament_index/resource_index/packages
[1.582s] copying resource/leo_v4 -> /home/nathan/leo-rover-autonomous-exploration/install/leo_v4/share/ament_index/resource_index/packages
[1.582s] copying package.xml -> /home/nathan/leo-rover-autonomous-exploration/install/leo_v4/share/leo_v4
[1.583s] creating /home/nathan/leo-rover-autonomous-exploration/install/leo_v4/share/leo_v4/launch
[1.583s] copying launch/leo_autosim.launch.py -> /home/nathan/leo-rover-autonomous-exploration/install/leo_v4/share/leo_v4/launch
[1.583s] creating /home/nathan/leo-rover-autonomous-exploration/install/leo_v4/share/leo_v4/config
[1.583s] running install_egg_info
[1.601s] Copying ../../build/leo_v4/leo_v4.egg-info to /home/nathan/leo-rover-autonomous-exploration/install/leo_v4/lib/python3.12/site-packages/leo_v4-0.0.0-py3.12.egg-info
[1.601s] running install_scripts
[1.708s] Installing autonav_starter script to /home/nathan/leo-rover-autonomous-exploration/install/leo_v4/lib/leo_v4
[1.708s] writing list of installed files to '/home/nathan/leo-rover-autonomous-exploration/build/leo_v4/install.log'
[1.743s] Invoked command in '/home/nathan/leo-rover-autonomous-exploration/src/leo_v4' returned '0': DEBUGINFOD_URLS=https://debuginfod.ubuntu.com PYTHONPATH=/home/nathan/leo-rover-autonomous-exploration/build/leo_v4/prefix_override:/usr/lib/python3/dist-packages/colcon_core/task/python/colcon_distutils_commands:/home/nathan/leo-rover-autonomous-exploration/install/leo_v4/lib/python3.12/site-packages:${PYTHONPATH} /usr/bin/python3 -W ignore:setup.py install is deprecated -W ignore:easy_install command is deprecated setup.py egg_info --egg-base ../../build/leo_v4 build --build-base /home/nathan/leo-rover-autonomous-exploration/build/leo_v4/build install --record /home/nathan/leo-rover-autonomous-exploration/build/leo_v4/install.log --single-version-externally-managed install_data
