[0.197s] Invoking command in '/home/nathan/leo-rover-autonomous-exploration/build/leo_explorer': CMAKE_PREFIX_PATH=${CMAKE_PREFIX_PATH}:/home/nathan/leo-rover-autonomous-exploration/install/leo_v4:/home/nathan/leo-rover-autonomous-exploration/install/leo_v3:/home/nathan/leo-rover-autonomous-exploration/install/leo_v2:/home/nathan/leo-rover-autonomous-exploration/install/leo_v1:/home/nathan/leo-rover-autonomous-exploration/install/leo_description:/opt/ros/jazzy DEBUGINFOD_URLS=https://debuginfod.ubuntu.com /usr/bin/cmake --build /home/nathan/leo-rover-autonomous-exploration/build/leo_explorer -- -j20 -l20
[0.749s] [ 20%] Built target gtest_main
[0.750s] [ 40%] Built target gtest
[0.750s] [ 80%] Built target explore
[0.750s] [100%] Built target test_explore
[0.919s] Invoked command in '/home/nathan/leo-rover-autonomous-exploration/build/leo_explorer' returned '0': CMAKE_PREFIX_PATH=${CMAKE_PREFIX_PATH}:/home/nathan/leo-rover-autonomous-exploration/install/leo_v4:/home/nathan/leo-rover-autonomous-exploration/install/leo_v3:/home/nathan/leo-rover-autonomous-exploration/install/leo_v2:/home/nathan/leo-rover-autonomous-exploration/install/leo_v1:/home/nathan/leo-rover-autonomous-exploration/install/leo_description:/opt/ros/jazzy DEBUGINFOD_URLS=https://debuginfod.ubuntu.com /usr/bin/cmake --build /home/nathan/leo-rover-autonomous-exploration/build/leo_explorer -- -j20 -l20
[0.929s] Invoking command in '/home/nathan/leo-rover-autonomous-exploration/build/leo_explorer': CMAKE_PREFIX_PATH=${CMAKE_PREFIX_PATH}:/home/nathan/leo-rover-autonomous-exploration/install/leo_v4:/home/nathan/leo-rover-autonomous-exploration/install/leo_v3:/home/nathan/leo-rover-autonomous-exploration/install/leo_v2:/home/nathan/leo-rover-autonomous-exploration/install/leo_v1:/home/nathan/leo-rover-autonomous-exploration/install/leo_description:/opt/ros/jazzy DEBUGINFOD_URLS=https://debuginfod.ubuntu.com /usr/bin/cmake --install /home/nathan/leo-rover-autonomous-exploration/build/leo_explorer
[0.936s] -- Install configuration: ""
[0.936s] -- Up-to-date: /home/nathan/leo-rover-autonomous-exploration/install/leo_explorer/include/explore/
[0.936s] -- Up-to-date: /home/nathan/leo-rover-autonomous-exploration/install/leo_explorer/include/explore//frontier_search.h
[0.937s] -- Up-to-date: /home/nathan/leo-rover-autonomous-exploration/install/leo_explorer/include/explore//costmap_tools.h
[0.937s] -- Up-to-date: /home/nathan/leo-rover-autonomous-exploration/install/leo_explorer/include/explore//explore.h
[0.937s] -- Up-to-date: /home/nathan/leo-rover-autonomous-exploration/install/leo_explorer/include/explore//costmap_client.h
[0.937s] -- Up-to-date: /home/nathan/leo-rover-autonomous-exploration/install/leo_explorer/share/leo_explorer/config
[0.939s] -- Up-to-date: /home/nathan/leo-rover-autonomous-exploration/install/leo_explorer/share/leo_explorer/config/params_costmap.yaml
[0.939s] -- Up-to-date: /home/nathan/leo-rover-autonomous-exploration/install/leo_explorer/share/leo_explorer/config/params.yaml
[0.939s] -- Up-to-date: /home/nathan/leo-rover-autonomous-exploration/install/leo_explorer/share/leo_explorer/launch
[0.939s] -- Up-to-date: /home/nathan/leo-rover-autonomous-exploration/install/leo_explorer/share/leo_explorer/launch/explore.launch.py
[0.939s] -- Up-to-date: /home/nathan/leo-rover-autonomous-exploration/install/leo_explorer/lib/leo_explorer/explore
[0.939s] -- Up-to-date: /home/nathan/leo-rover-autonomous-exploration/install/leo_explorer/share/ament_index/resource_index/package_run_dependencies/leo_explorer
[0.940s] -- Up-to-date: /home/nathan/leo-rover-autonomous-exploration/install/leo_explorer/share/ament_index/resource_index/parent_prefix_path/leo_explorer
[0.940s] -- Up-to-date: /home/nathan/leo-rover-autonomous-exploration/install/leo_explorer/share/leo_explorer/environment/ament_prefix_path.sh
[0.940s] -- Up-to-date: /home/nathan/leo-rover-autonomous-exploration/install/leo_explorer/share/leo_explorer/environment/ament_prefix_path.dsv
[0.940s] -- Up-to-date: /home/nathan/leo-rover-autonomous-exploration/install/leo_explorer/share/leo_explorer/environment/path.sh
[0.940s] -- Up-to-date: /home/nathan/leo-rover-autonomous-exploration/install/leo_explorer/share/leo_explorer/environment/path.dsv
[0.940s] -- Up-to-date: /home/nathan/leo-rover-autonomous-exploration/install/leo_explorer/share/leo_explorer/local_setup.bash
[0.941s] -- Up-to-date: /home/nathan/leo-rover-autonomous-exploration/install/leo_explorer/share/leo_explorer/local_setup.sh
[0.941s] -- Up-to-date: /home/nathan/leo-rover-autonomous-exploration/install/leo_explorer/share/leo_explorer/local_setup.zsh
[0.941s] -- Up-to-date: /home/nathan/leo-rover-autonomous-exploration/install/leo_explorer/share/leo_explorer/local_setup.dsv
[0.941s] -- Installing: /home/nathan/leo-rover-autonomous-exploration/install/leo_explorer/share/leo_explorer/package.dsv
[0.941s] -- Up-to-date: /home/nathan/leo-rover-autonomous-exploration/install/leo_explorer/share/ament_index/resource_index/packages/leo_explorer
[0.941s] -- Up-to-date: /home/nathan/leo-rover-autonomous-exploration/install/leo_explorer/share/leo_explorer/cmake/ament_cmake_export_include_directories-extras.cmake
[0.941s] -- Up-to-date: /home/nathan/leo-rover-autonomous-exploration/install/leo_explorer/share/leo_explorer/cmake/leo_explorerConfig.cmake
[0.941s] -- Up-to-date: /home/nathan/leo-rover-autonomous-exploration/install/leo_explorer/share/leo_explorer/cmake/leo_explorerConfig-version.cmake
[0.942s] -- Up-to-date: /home/nathan/leo-rover-autonomous-exploration/install/leo_explorer/share/leo_explorer/package.xml
[0.942s] Invoked command in '/home/nathan/leo-rover-autonomous-exploration/build/leo_explorer' returned '0': CMAKE_PREFIX_PATH=${CMAKE_PREFIX_PATH}:/home/nathan/leo-rover-autonomous-exploration/install/leo_v4:/home/nathan/leo-rover-autonomous-exploration/install/leo_v3:/home/nathan/leo-rover-autonomous-exploration/install/leo_v2:/home/nathan/leo-rover-autonomous-exploration/install/leo_v1:/home/nathan/leo-rover-autonomous-exploration/install/leo_description:/opt/ros/jazzy DEBUGINFOD_URLS=https://debuginfod.ubuntu.com /usr/bin/cmake --install /home/nathan/leo-rover-autonomous-exploration/build/leo_explorer
