[2.371s] Invoking command in '/home/nathan/leo-rover-autonomous-exploration/src/leo_v3': DEBUGINFOD_URLS=https://debuginfod.ubuntu.com PYTHONPATH=/home/nathan/leo-rover-autonomous-exploration/build/leo_v3/prefix_override:/usr/lib/python3/dist-packages/colcon_core/task/python/colcon_distutils_commands:/home/nathan/leo-rover-autonomous-exploration/install/leo_v3/lib/python3.12/site-packages:${PYTHONPATH} /usr/bin/python3 -W ignore:setup.py install is deprecated -W ignore:easy_install command is deprecated setup.py egg_info --egg-base ../../build/leo_v3 build --build-base /home/nathan/leo-rover-autonomous-exploration/build/leo_v3/build install --record /home/nathan/leo-rover-autonomous-exploration/build/leo_v3/install.log --single-version-externally-managed install_data
[2.598s] /home/nathan/.local/lib/python3.12/site-packages/setuptools/_distutils/dist.py:261: UserWarning: Unknown distribution option: 'tests_require'
[2.598s]   warnings.warn(msg)
[2.763s] running egg_info
[2.790s] writing ../../build/leo_v3/leo_v3.egg-info/PKG-INFO
[2.790s] writing dependency_links to ../../build/leo_v3/leo_v3.egg-info/dependency_links.txt
[2.791s] writing entry points to ../../build/leo_v3/leo_v3.egg-info/entry_points.txt
[2.791s] writing requirements to ../../build/leo_v3/leo_v3.egg-info/requires.txt
[2.791s] writing top-level names to ../../build/leo_v3/leo_v3.egg-info/top_level.txt
[2.848s] reading manifest file '../../build/leo_v3/leo_v3.egg-info/SOURCES.txt'
[2.850s] writing manifest file '../../build/leo_v3/leo_v3.egg-info/SOURCES.txt'
[2.850s] running build
[2.850s] running build_py
[2.851s] copying leo_v3/__init__.py -> /home/nathan/leo-rover-autonomous-exploration/build/leo_v3/build/lib/leo_v3
[2.851s] copying leo_v3/manipulator_control_gui.py -> /home/nathan/leo-rover-autonomous-exploration/build/leo_v3/build/lib/leo_v3
[2.851s] running install
[2.858s] running install_lib
[2.886s] running install_data
[2.886s] copying resource/leo_v3 -> /home/nathan/leo-rover-autonomous-exploration/install/leo_v3/share/ament_index/resource_index/packages
[2.886s] copying package.xml -> /home/nathan/leo-rover-autonomous-exploration/install/leo_v3/share/leo_v3
[2.886s] copying launch/px150_gz.launch.py -> /home/nathan/leo-rover-autonomous-exploration/install/leo_v3/share/leo_v3/launch
[2.887s] copying launch/px150_rviz.launch.py -> /home/nathan/leo-rover-autonomous-exploration/install/leo_v3/share/leo_v3/launch
[2.887s] copying launch/leo_gz.launch.py -> /home/nathan/leo-rover-autonomous-exploration/install/leo_v3/share/leo_v3/launch
[2.887s] copying models/Rocker.dae -> /home/nathan/leo-rover-autonomous-exploration/install/leo_v3/share/leo_v3/models
[2.890s] copying models/Antenna.dae -> /home/nathan/leo-rover-autonomous-exploration/install/leo_v3/share/leo_v3/models
[2.891s] copying models/Rocker_outline.stl -> /home/nathan/leo-rover-autonomous-exploration/install/leo_v3/share/leo_v3/models
[2.891s] copying models/WheelA.dae -> /home/nathan/leo-rover-autonomous-exploration/install/leo_v3/share/leo_v3/models
[2.893s] copying models/Chassis_outline.stl -> /home/nathan/leo-rover-autonomous-exploration/install/leo_v3/share/leo_v3/models
[2.894s] copying models/Chassis.dae -> /home/nathan/leo-rover-autonomous-exploration/install/leo_v3/share/leo_v3/models
[2.906s] copying models/WheelB.dae -> /home/nathan/leo-rover-autonomous-exploration/install/leo_v3/share/leo_v3/models
[2.909s] copying models/Wheel_outline.stl -> /home/nathan/leo-rover-autonomous-exploration/install/leo_v3/share/leo_v3/models
[2.909s] copying meshes/camera_mount2.2_1.stl -> /home/nathan/leo-rover-autonomous-exploration/install/leo_v3/share/leo_v3/meshes
[2.909s] copying meshes/base_plate.dae -> /home/nathan/leo-rover-autonomous-exploration/install/leo_v3/share/leo_v3/meshes
[2.911s] copying meshes/plug_collision.stl -> /home/nathan/leo-rover-autonomous-exploration/install/leo_v3/share/leo_v3/meshes
[2.911s] copying meshes/camera_mount1.2_1.stl -> /home/nathan/leo-rover-autonomous-exploration/install/leo_v3/share/leo_v3/meshes
[2.911s] copying meshes/manipulator_camera_1.stl -> /home/nathan/leo-rover-autonomous-exploration/install/leo_v3/share/leo_v3/meshes
[2.913s] copying meshes/camera_mount.dae -> /home/nathan/leo-rover-autonomous-exploration/install/leo_v3/share/leo_v3/meshes
[2.914s] copying meshes/endeffector_right_1.stl -> /home/nathan/leo-rover-autonomous-exploration/install/leo_v3/share/leo_v3/meshes
[2.914s] copying meshes/manipulator_shoulder_1.stl -> /home/nathan/leo-rover-autonomous-exploration/install/leo_v3/share/leo_v3/meshes
[2.914s] copying meshes/manipulator_wrist_1.stl -> /home/nathan/leo-rover-autonomous-exploration/install/leo_v3/share/leo_v3/meshes
[2.914s] copying meshes/endeffector_left_1.stl -> /home/nathan/leo-rover-autonomous-exploration/install/leo_v3/share/leo_v3/meshes
[2.915s] copying meshes/lidar_1.dae -> /home/nathan/leo-rover-autonomous-exploration/install/leo_v3/share/leo_v3/meshes
[2.915s] copying meshes/manipulator_link1_1.stl -> /home/nathan/leo-rover-autonomous-exploration/install/leo_v3/share/leo_v3/meshes
[2.915s] copying meshes/manipulator_link2_1.stl -> /home/nathan/leo-rover-autonomous-exploration/install/leo_v3/share/leo_v3/meshes
[2.915s] copying meshes/Lidar_mount_1.dae -> /home/nathan/leo-rover-autonomous-exploration/install/leo_v3/share/leo_v3/meshes
[2.915s] copying meshes/NUC_1.stl -> /home/nathan/leo-rover-autonomous-exploration/install/leo_v3/share/leo_v3/meshes
[2.918s] copying meshes/manipulator_base_1.stl -> /home/nathan/leo-rover-autonomous-exploration/install/leo_v3/share/leo_v3/meshes
[2.919s] copying meshes/lidar_1.stl -> /home/nathan/leo-rover-autonomous-exploration/install/leo_v3/share/leo_v3/meshes
[2.919s] copying meshes/depth_cam.dae -> /home/nathan/leo-rover-autonomous-exploration/install/leo_v3/share/leo_v3/meshes
[2.921s] copying meshes/camera_mount2.1_1.stl -> /home/nathan/leo-rover-autonomous-exploration/install/leo_v3/share/leo_v3/meshes
[2.921s] copying meshes/Lidar_mount_1.stl -> /home/nathan/leo-rover-autonomous-exploration/install/leo_v3/share/leo_v3/meshes
[2.921s] copying meshes/d435.dae -> /home/nathan/leo-rover-autonomous-exploration/install/leo_v3/share/leo_v3/meshes
[2.939s] copying meshes/base_link.stl -> /home/nathan/leo-rover-autonomous-exploration/install/leo_v3/share/leo_v3/meshes
[2.939s] copying meshes/camera_mount1.1_1.stl -> /home/nathan/leo-rover-autonomous-exploration/install/leo_v3/share/leo_v3/meshes
[2.939s] copying meshes/plug.stl -> /home/nathan/leo-rover-autonomous-exploration/install/leo_v3/share/leo_v3/meshes
[2.940s] copying meshes/NUC.dae -> /home/nathan/leo-rover-autonomous-exploration/install/leo_v3/share/leo_v3/meshes
[2.946s] copying meshes/fixed_camera_1.stl -> /home/nathan/leo-rover-autonomous-exploration/install/leo_v3/share/leo_v3/meshes
[2.946s] copying px150_meshes/upper_arm.stl -> /home/nathan/leo-rover-autonomous-exploration/install/leo_v3/share/leo_v3/px150_meshes
[2.947s] copying px150_meshes/wrist.stl -> /home/nathan/leo-rover-autonomous-exploration/install/leo_v3/share/leo_v3/px150_meshes
[2.947s] copying px150_meshes/gripper_finger.stl -> /home/nathan/leo-rover-autonomous-exploration/install/leo_v3/share/leo_v3/px150_meshes
[2.947s] copying px150_meshes/base.stl -> /home/nathan/leo-rover-autonomous-exploration/install/leo_v3/share/leo_v3/px150_meshes
[2.948s] copying px150_meshes/gripper_bar.stl -> /home/nathan/leo-rover-autonomous-exploration/install/leo_v3/share/leo_v3/px150_meshes
[2.948s] copying px150_meshes/forearm.stl -> /home/nathan/leo-rover-autonomous-exploration/install/leo_v3/share/leo_v3/px150_meshes
[2.948s] copying px150_meshes/gripper.stl -> /home/nathan/leo-rover-autonomous-exploration/install/leo_v3/share/leo_v3/px150_meshes
[2.949s] copying px150_meshes/gripper_prop.stl -> /home/nathan/leo-rover-autonomous-exploration/install/leo_v3/share/leo_v3/px150_meshes
[2.949s] copying px150_meshes/shoulder.stl -> /home/nathan/leo-rover-autonomous-exploration/install/leo_v3/share/leo_v3/px150_meshes
[2.949s] copying urdf/leo.urdf.xacro -> /home/nathan/leo-rover-autonomous-exploration/install/leo_v3/share/leo_v3/urdf
[2.949s] copying urdf/px150_gazebo_configs.urdf.xacro -> /home/nathan/leo-rover-autonomous-exploration/install/leo_v3/share/leo_v3/urdf
[2.949s] copying urdf/d435.urdf.xacro -> /home/nathan/leo-rover-autonomous-exploration/install/leo_v3/share/leo_v3/urdf
[2.950s] copying urdf/d435i.urdf.xacro -> /home/nathan/leo-rover-autonomous-exploration/install/leo_v3/share/leo_v3/urdf
[2.950s] copying urdf/test_d435i.urdf.xacro -> /home/nathan/leo-rover-autonomous-exploration/install/leo_v3/share/leo_v3/urdf
[2.950s] copying urdf/materials.urdf.xacro -> /home/nathan/leo-rover-autonomous-exploration/install/leo_v3/share/leo_v3/urdf
[2.950s] copying urdf/px150.urdf.xacro -> /home/nathan/leo-rover-autonomous-exploration/install/leo_v3/share/leo_v3/urdf
[2.950s] copying urdf/d435i_imu_modules.urdf.xacro -> /home/nathan/leo-rover-autonomous-exploration/install/leo_v3/share/leo_v3/urdf
[2.951s] copying urdf/px150_control.urdf.xacro -> /home/nathan/leo-rover-autonomous-exploration/install/leo_v3/share/leo_v3/urdf
[2.951s] copying urdf/usb_plug.urdf.xacro -> /home/nathan/leo-rover-autonomous-exploration/install/leo_v3/share/leo_v3/urdf
[2.951s] copying urdf/leo.gazebo.xacro -> /home/nathan/leo-rover-autonomous-exploration/install/leo_v3/share/leo_v3/urdf
[2.951s] copying urdf/leo_proper.gazebo.xacro -> /home/nathan/leo-rover-autonomous-exploration/install/leo_v3/share/leo_v3/urdf
[2.952s] copying rviz/leo_view.rviz -> /home/nathan/leo-rover-autonomous-exploration/install/leo_v3/share/leo_v3/rviz
[2.952s] copying rviz/nav2.rviz -> /home/nathan/leo-rover-autonomous-exploration/install/leo_v3/share/leo_v3/rviz
[2.952s] copying worlds/meshes/wall.dae -> /home/nathan/leo-rover-autonomous-exploration/install/leo_v3/share/leo_v3/worlds
[2.952s] copying worlds/meshes/hexagon.dae -> /home/nathan/leo-rover-autonomous-exploration/install/leo_v3/share/leo_v3/worlds
[2.952s] copying worlds/tb3.sdf -> /home/nathan/leo-rover-autonomous-exploration/install/leo_v3/share/leo_v3/worlds
[2.952s] copying config/px150.yaml -> /home/nathan/leo-rover-autonomous-exploration/install/leo_v3/share/leo_v3/config
[2.952s] copying config/px150_trajectory_controllers.yaml -> /home/nathan/leo-rover-autonomous-exploration/install/leo_v3/share/leo_v3/config
[2.952s] running install_egg_info
[2.979s] removing '/home/nathan/leo-rover-autonomous-exploration/install/leo_v3/lib/python3.12/site-packages/leo_v3-0.0.0-py3.12.egg-info' (and everything under it)
[2.979s] Copying ../../build/leo_v3/leo_v3.egg-info to /home/nathan/leo-rover-autonomous-exploration/install/leo_v3/lib/python3.12/site-packages/leo_v3-0.0.0-py3.12.egg-info
[2.980s] running install_scripts
[3.136s] Installing manipulator_control_gui script to /home/nathan/leo-rover-autonomous-exploration/install/leo_v3/lib/leo_v3
[3.136s] Installing stretch_ignition_control_action_server script to /home/nathan/leo-rover-autonomous-exploration/install/leo_v3/lib/leo_v3
[3.136s] writing list of installed files to '/home/nathan/leo-rover-autonomous-exploration/build/leo_v3/install.log'
[3.170s] Invoked command in '/home/nathan/leo-rover-autonomous-exploration/src/leo_v3' returned '0': DEBUGINFOD_URLS=https://debuginfod.ubuntu.com PYTHONPATH=/home/nathan/leo-rover-autonomous-exploration/build/leo_v3/prefix_override:/usr/lib/python3/dist-packages/colcon_core/task/python/colcon_distutils_commands:/home/nathan/leo-rover-autonomous-exploration/install/leo_v3/lib/python3.12/site-packages:${PYTHONPATH} /usr/bin/python3 -W ignore:setup.py install is deprecated -W ignore:easy_install command is deprecated setup.py egg_info --egg-base ../../build/leo_v3 build --build-base /home/nathan/leo-rover-autonomous-exploration/build/leo_v3/build install --record /home/nathan/leo-rover-autonomous-exploration/build/leo_v3/install.log --single-version-externally-managed install_data
