running egg_info
writing ../../build/leo_description/leo_description.egg-info/PKG-INFO
writing dependency_links to ../../build/leo_description/leo_description.egg-info/dependency_links.txt
writing requirements to ../../build/leo_description/leo_description.egg-info/requires.txt
writing top-level names to ../../build/leo_description/leo_description.egg-info/top_level.txt
reading manifest file '../../build/leo_description/leo_description.egg-info/SOURCES.txt'
writing manifest file '../../build/leo_description/leo_description.egg-info/SOURCES.txt'
running build
running build_py
copying leo_description/__init__.py -> /home/nathan/leo-rover-autonomous-exploration/build/leo_description/build/lib/leo_description
running install
running install_lib
running install_data
copying resource/leo_description -> /home/nathan/leo-rover-autonomous-exploration/install/leo_description/share/ament_index/resource_index/packages
copying package.xml -> /home/nathan/leo-rover-autonomous-exploration/install/leo_description/share/leo_description
copying launch/leo_gz.launch.py -> /home/nathan/leo-rover-autonomous-exploration/install/leo_description/share/leo_description/launch
copying launch/leo_rviz.launch.py -> /home/nathan/leo-rover-autonomous-exploration/install/leo_description/share/leo_description/launch
copying models/Rocker.dae -> /home/nathan/leo-rover-autonomous-exploration/install/leo_description/share/leo_description/models
copying models/Antenna.dae -> /home/nathan/leo-rover-autonomous-exploration/install/leo_description/share/leo_description/models
copying models/Rocker_outline.stl -> /home/nathan/leo-rover-autonomous-exploration/install/leo_description/share/leo_description/models
copying models/WheelA.dae -> /home/nathan/leo-rover-autonomous-exploration/install/leo_description/share/leo_description/models
copying models/Chassis_outline.stl -> /home/nathan/leo-rover-autonomous-exploration/install/leo_description/share/leo_description/models
copying models/Chassis.dae -> /home/nathan/leo-rover-autonomous-exploration/install/leo_description/share/leo_description/models
copying models/WheelB.dae -> /home/nathan/leo-rover-autonomous-exploration/install/leo_description/share/leo_description/models
copying models/Wheel_outline.stl -> /home/nathan/leo-rover-autonomous-exploration/install/leo_description/share/leo_description/models
copying urdf/leo.urdf.xacro -> /home/nathan/leo-rover-autonomous-exploration/install/leo_description/share/leo_description/urdf
copying urdf/leo.gazebo.xacro -> /home/nathan/leo-rover-autonomous-exploration/install/leo_description/share/leo_description/urdf
copying urdf/leo_proper.gazebo.xacro -> /home/nathan/leo-rover-autonomous-exploration/install/leo_description/share/leo_description/urdf
copying rviz/leo_view.rviz -> /home/nathan/leo-rover-autonomous-exploration/install/leo_description/share/leo_description/rviz
copying rviz/nav2.rviz -> /home/nathan/leo-rover-autonomous-exploration/install/leo_description/share/leo_description/rviz
copying worlds/meshes/wall.dae -> /home/nathan/leo-rover-autonomous-exploration/install/leo_description/share/leo_description/worlds
copying worlds/meshes/hexagon.dae -> /home/nathan/leo-rover-autonomous-exploration/install/leo_description/share/leo_description/worlds
copying worlds/tb3.sdf -> /home/nathan/leo-rover-autonomous-exploration/install/leo_description/share/leo_description/worlds
running install_egg_info
removing '/home/nathan/leo-rover-autonomous-exploration/install/leo_description/lib/python3.12/site-packages/leo_description-0.0.0-py3.12.egg-info' (and everything under it)
Copying ../../build/leo_description/leo_description.egg-info to /home/nathan/leo-rover-autonomous-exploration/install/leo_description/lib/python3.12/site-packages/leo_description-0.0.0-py3.12.egg-info
running install_scripts
writing list of installed files to '/home/nathan/leo-rover-autonomous-exploration/build/leo_description/install.log'
