[3.070s] Invoking command in '/home/nathan/leo-rover-autonomous-exploration/src/leo_v2': DEBUGINFOD_URLS=https://debuginfod.ubuntu.com PYTHONPATH=/home/nathan/leo-rover-autonomous-exploration/build/leo_v2/prefix_override:/usr/lib/python3/dist-packages/colcon_core/task/python/colcon_distutils_commands:/home/nathan/leo-rover-autonomous-exploration/install/leo_v2/lib/python3.12/site-packages:${PYTHONPATH} /usr/bin/python3 -W ignore:setup.py install is deprecated -W ignore:easy_install command is deprecated setup.py egg_info --egg-base ../../build/leo_v2 build --build-base /home/nathan/leo-rover-autonomous-exploration/build/leo_v2/build install --record /home/nathan/leo-rover-autonomous-exploration/build/leo_v2/install.log --single-version-externally-managed install_data
[3.435s] /home/nathan/.local/lib/python3.12/site-packages/setuptools/_distutils/dist.py:261: UserWarning: Unknown distribution option: 'tests_require'
[3.435s]   warnings.warn(msg)
[3.714s] running egg_info
[3.761s] writing ../../build/leo_v2/leo_v2.egg-info/PKG-INFO
[3.762s] writing dependency_links to ../../build/leo_v2/leo_v2.egg-info/dependency_links.txt
[3.763s] writing entry points to ../../build/leo_v2/leo_v2.egg-info/entry_points.txt
[3.763s] writing requirements to ../../build/leo_v2/leo_v2.egg-info/requires.txt
[3.763s] writing top-level names to ../../build/leo_v2/leo_v2.egg-info/top_level.txt
[3.860s] reading manifest file '../../build/leo_v2/leo_v2.egg-info/SOURCES.txt'
[3.863s] writing manifest file '../../build/leo_v2/leo_v2.egg-info/SOURCES.txt'
[3.863s] running build
[3.863s] running build_py
[3.864s] copying leo_v2/__init__.py -> /home/nathan/leo-rover-autonomous-exploration/build/leo_v2/build/lib/leo_v2
[3.864s] copying leo_v2/map_saver.py -> /home/nathan/leo-rover-autonomous-exploration/build/leo_v2/build/lib/leo_v2
[3.864s] running install
[3.877s] running install_lib
[3.926s] running install_data
[3.926s] copying resource/leo_v2 -> /home/nathan/leo-rover-autonomous-exploration/install/leo_v2/share/ament_index/resource_index/packages
[3.927s] copying package.xml -> /home/nathan/leo-rover-autonomous-exploration/install/leo_v2/share/leo_v2
[3.927s] copying launch/leo_autonav.launch.py -> /home/nathan/leo-rover-autonomous-exploration/install/leo_v2/share/leo_v2/launch
[3.927s] copying config/controller.yaml -> /home/nathan/leo-rover-autonomous-exploration/install/leo_v2/share/leo_v2/config
[3.927s] copying config/planner.yaml -> /home/nathan/leo-rover-autonomous-exploration/install/leo_v2/share/leo_v2/config
[3.928s] copying config/bt_nav.yaml -> /home/nathan/leo-rover-autonomous-exploration/install/leo_v2/share/leo_v2/config
[3.928s] copying behavior_tree_xml/modified.xml -> /home/nathan/leo-rover-autonomous-exploration/install/leo_v2/share/leo_v2/behavior_tree_xml
[3.929s] copying behavior_tree_xml/nav_to_pose_with_consistent_replanning_and_if_path_becomes_invalid.xml -> /home/nathan/leo-rover-autonomous-exploration/install/leo_v2/share/leo_v2/behavior_tree_xml
[3.929s] running install_egg_info
[3.980s] removing '/home/nathan/leo-rover-autonomous-exploration/install/leo_v2/lib/python3.12/site-packages/leo_v2-0.0.0-py3.12.egg-info' (and everything under it)
[3.980s] Copying ../../build/leo_v2/leo_v2.egg-info to /home/nathan/leo-rover-autonomous-exploration/install/leo_v2/lib/python3.12/site-packages/leo_v2-0.0.0-py3.12.egg-info
[3.981s] running install_scripts
[4.265s] Installing map_saver script to /home/nathan/leo-rover-autonomous-exploration/install/leo_v2/lib/leo_v2
[4.265s] writing list of installed files to '/home/nathan/leo-rover-autonomous-exploration/build/leo_v2/install.log'
[4.336s] Invoked command in '/home/nathan/leo-rover-autonomous-exploration/src/leo_v2' returned '0': DEBUGINFOD_URLS=https://debuginfod.ubuntu.com PYTHONPATH=/home/nathan/leo-rover-autonomous-exploration/build/leo_v2/prefix_override:/usr/lib/python3/dist-packages/colcon_core/task/python/colcon_distutils_commands:/home/nathan/leo-rover-autonomous-exploration/install/leo_v2/lib/python3.12/site-packages:${PYTHONPATH} /usr/bin/python3 -W ignore:setup.py install is deprecated -W ignore:easy_install command is deprecated setup.py egg_info --egg-base ../../build/leo_v2 build --build-base /home/nathan/leo-rover-autonomous-exploration/build/leo_v2/build install --record /home/nathan/leo-rover-autonomous-exploration/build/leo_v2/install.log --single-version-externally-managed install_data
