/home/nathan/.local/lib/python3.12/site-packages/setuptools/_distutils/dist.py:261: UserWarning: Unknown distribution option: 'tests_require'
  warnings.warn(msg)
running egg_info
writing ../../build/leo_v4/leo_v4.egg-info/PKG-INFO
writing dependency_links to ../../build/leo_v4/leo_v4.egg-info/dependency_links.txt
writing entry points to ../../build/leo_v4/leo_v4.egg-info/entry_points.txt
writing requirements to ../../build/leo_v4/leo_v4.egg-info/requires.txt
writing top-level names to ../../build/leo_v4/leo_v4.egg-info/top_level.txt
reading manifest file '../../build/leo_v4/leo_v4.egg-info/SOURCES.txt'
writing manifest file '../../build/leo_v4/leo_v4.egg-info/SOURCES.txt'
running build
running build_py
copying leo_v4/autonav_starter.py -> /home/nathan/leo-rover-autonomous-exploration/build/leo_v4/build/lib/leo_v4
copying leo_v4/__init__.py -> /home/nathan/leo-rover-autonomous-exploration/build/leo_v4/build/lib/leo_v4
running install
running install_lib
running install_data
copying resource/leo_v4 -> /home/nathan/leo-rover-autonomous-exploration/install/leo_v4/share/ament_index/resource_index/packages
copying package.xml -> /home/nathan/leo-rover-autonomous-exploration/install/leo_v4/share/leo_v4
copying launch/leo_autosim.launch.py -> /home/nathan/leo-rover-autonomous-exploration/install/leo_v4/share/leo_v4/launch
running install_egg_info
removing '/home/nathan/leo-rover-autonomous-exploration/install/leo_v4/lib/python3.12/site-packages/leo_v4-0.0.0-py3.12.egg-info' (and everything under it)
Copying ../../build/leo_v4/leo_v4.egg-info to /home/nathan/leo-rover-autonomous-exploration/install/leo_v4/lib/python3.12/site-packages/leo_v4-0.0.0-py3.12.egg-info
running install_scripts
Installing autonav_starter script to /home/nathan/leo-rover-autonomous-exploration/install/leo_v4/lib/leo_v4
writing list of installed files to '/home/nathan/leo-rover-autonomous-exploration/build/leo_v4/install.log'
