[2.209s] Invoking command in '/home/nathan/leo-rover-autonomous-exploration/src/leo_description': DEBUGINFOD_URLS=https://debuginfod.ubuntu.com PYTHONPATH=/home/nathan/leo-rover-autonomous-exploration/build/leo_description/prefix_override:/usr/lib/python3/dist-packages/colcon_core/task/python/colcon_distutils_commands:/home/nathan/leo-rover-autonomous-exploration/install/leo_description/lib/python3.12/site-packages:${PYTHONPATH} /usr/bin/python3 -W ignore:setup.py install is deprecated -W ignore:easy_install command is deprecated setup.py egg_info --egg-base ../../build/leo_description build --build-base /home/nathan/leo-rover-autonomous-exploration/build/leo_description/build install --record /home/nathan/leo-rover-autonomous-exploration/build/leo_description/install.log --single-version-externally-managed install_data
[2.409s] /home/nathan/.local/lib/python3.12/site-packages/setuptools/_distutils/dist.py:261: UserWarning: Unknown distribution option: 'tests_require'
[2.409s]   warnings.warn(msg)
[2.572s] running egg_info
[2.598s] writing ../../build/leo_description/leo_description.egg-info/PKG-INFO
[2.599s] writing dependency_links to ../../build/leo_description/leo_description.egg-info/dependency_links.txt
[2.599s] writing requirements to ../../build/leo_description/leo_description.egg-info/requires.txt
[2.600s] writing top-level names to ../../build/leo_description/leo_description.egg-info/top_level.txt
[2.654s] reading manifest file '../../build/leo_description/leo_description.egg-info/SOURCES.txt'
[2.656s] writing manifest file '../../build/leo_description/leo_description.egg-info/SOURCES.txt'
[2.657s] running build
[2.657s] running build_py
[2.657s] copying leo_description/__init__.py -> /home/nathan/leo-rover-autonomous-exploration/build/leo_description/build/lib/leo_description
[2.657s] running install
[2.664s] running install_lib
[2.691s] running install_data
[2.692s] copying resource/leo_description -> /home/nathan/leo-rover-autonomous-exploration/install/leo_description/share/ament_index/resource_index/packages
[2.692s] copying package.xml -> /home/nathan/leo-rover-autonomous-exploration/install/leo_description/share/leo_description
[2.692s] copying launch/leo_gz.launch.py -> /home/nathan/leo-rover-autonomous-exploration/install/leo_description/share/leo_description/launch
[2.692s] copying launch/leo_rviz.launch.py -> /home/nathan/leo-rover-autonomous-exploration/install/leo_description/share/leo_description/launch
[2.692s] copying models/Rocker.dae -> /home/nathan/leo-rover-autonomous-exploration/install/leo_description/share/leo_description/models
[2.695s] copying models/Antenna.dae -> /home/nathan/leo-rover-autonomous-exploration/install/leo_description/share/leo_description/models
[2.695s] copying models/Rocker_outline.stl -> /home/nathan/leo-rover-autonomous-exploration/install/leo_description/share/leo_description/models
[2.695s] copying models/WheelA.dae -> /home/nathan/leo-rover-autonomous-exploration/install/leo_description/share/leo_description/models
[2.697s] copying models/Chassis_outline.stl -> /home/nathan/leo-rover-autonomous-exploration/install/leo_description/share/leo_description/models
[2.698s] copying models/Chassis.dae -> /home/nathan/leo-rover-autonomous-exploration/install/leo_description/share/leo_description/models
[2.707s] copying models/WheelB.dae -> /home/nathan/leo-rover-autonomous-exploration/install/leo_description/share/leo_description/models
[2.709s] copying models/Wheel_outline.stl -> /home/nathan/leo-rover-autonomous-exploration/install/leo_description/share/leo_description/models
[2.709s] copying urdf/leo.urdf.xacro -> /home/nathan/leo-rover-autonomous-exploration/install/leo_description/share/leo_description/urdf
[2.710s] copying urdf/leo.gazebo.xacro -> /home/nathan/leo-rover-autonomous-exploration/install/leo_description/share/leo_description/urdf
[2.710s] copying urdf/leo_proper.gazebo.xacro -> /home/nathan/leo-rover-autonomous-exploration/install/leo_description/share/leo_description/urdf
[2.710s] copying rviz/leo_view.rviz -> /home/nathan/leo-rover-autonomous-exploration/install/leo_description/share/leo_description/rviz
[2.710s] copying rviz/nav2.rviz -> /home/nathan/leo-rover-autonomous-exploration/install/leo_description/share/leo_description/rviz
[2.710s] copying worlds/meshes/wall.dae -> /home/nathan/leo-rover-autonomous-exploration/install/leo_description/share/leo_description/worlds
[2.710s] copying worlds/meshes/hexagon.dae -> /home/nathan/leo-rover-autonomous-exploration/install/leo_description/share/leo_description/worlds
[2.710s] copying worlds/tb3.sdf -> /home/nathan/leo-rover-autonomous-exploration/install/leo_description/share/leo_description/worlds
[2.711s] running install_egg_info
[2.745s] removing '/home/nathan/leo-rover-autonomous-exploration/install/leo_description/lib/python3.12/site-packages/leo_description-0.0.0-py3.12.egg-info' (and everything under it)
[2.745s] Copying ../../build/leo_description/leo_description.egg-info to /home/nathan/leo-rover-autonomous-exploration/install/leo_description/lib/python3.12/site-packages/leo_description-0.0.0-py3.12.egg-info
[2.746s] running install_scripts
[2.898s] writing list of installed files to '/home/nathan/leo-rover-autonomous-exploration/build/leo_description/install.log'
[2.931s] Invoked command in '/home/nathan/leo-rover-autonomous-exploration/src/leo_description' returned '0': DEBUGINFOD_URLS=https://debuginfod.ubuntu.com PYTHONPATH=/home/nathan/leo-rover-autonomous-exploration/build/leo_description/prefix_override:/usr/lib/python3/dist-packages/colcon_core/task/python/colcon_distutils_commands:/home/nathan/leo-rover-autonomous-exploration/install/leo_description/lib/python3.12/site-packages:${PYTHONPATH} /usr/bin/python3 -W ignore:setup.py install is deprecated -W ignore:easy_install command is deprecated setup.py egg_info --egg-base ../../build/leo_description build --build-base /home/nathan/leo-rover-autonomous-exploration/build/leo_description/build install --record /home/nathan/leo-rover-autonomous-exploration/build/leo_description/install.log --single-version-externally-managed install_data
