[0.170s] Invoking command in '/home/nathan/leo-rover-autonomous-exploration/build/leo_explorer': CMAKE_PREFIX_PATH=${CMAKE_PREFIX_PATH}:/opt/ros/jazzy DEBUGINFOD_URLS=https://debuginfod.ubuntu.com /usr/bin/cmake /home/nathan/leo-rover-autonomous-exploration/src/leo_explorer -DCMAKE_INSTALL_PREFIX=/home/nathan/leo-rover-autonomous-exploration/install/leo_explorer
[0.624s] -- The C compiler identification is GNU 13.2.0
[0.624s] -- The CXX compiler identification is GNU 13.2.0
[0.624s] -- Detecting C compiler ABI info
[0.624s] -- Detecting C compiler ABI info - done
[0.624s] -- Check for working C compiler: /usr/bin/cc - skipped
[0.624s] -- Detecting C compile features
[0.624s] -- Detecting C compile features - done
[0.624s] -- Detecting CXX compiler ABI info
[0.624s] -- Detecting CXX compiler ABI info - done
[0.624s] -- Check for working CXX compiler: /usr/bin/c++ - skipped
[0.624s] -- Detecting CXX compile features
[0.624s] -- Detecting CXX compile features - done
[0.624s] -- BuilD for ROS2: jazzy
[0.624s] -- Found ament_cmake: 2.5.2 (/opt/ros/jazzy/share/ament_cmake/cmake)
[0.624s] -- Found Python3: /usr/bin/python3 (found version "3.12.3") found components: Interpreter 
[0.702s] -- Found rclcpp: 28.1.5 (/opt/ros/jazzy/share/rclcpp/cmake)
[0.732s] -- Found rosidl_generator_c: 4.6.4 (/opt/ros/jazzy/share/rosidl_generator_c/cmake)
[0.741s] -- Found rosidl_generator_cpp: 4.6.4 (/opt/ros/jazzy/share/rosidl_generator_cpp/cmake)
[0.752s] -- Using all available rosidl_typesupport_c: rosidl_typesupport_fastrtps_c;rosidl_typesupport_introspection_c
[0.764s] -- Using all available rosidl_typesupport_cpp: rosidl_typesupport_fastrtps_cpp;rosidl_typesupport_introspection_cpp
[0.828s] -- Found rmw_implementation_cmake: 7.3.1 (/opt/ros/jazzy/share/rmw_implementation_cmake/cmake)
[0.830s] -- Found rmw_fastrtps_cpp: 8.4.1 (/opt/ros/jazzy/share/rmw_fastrtps_cpp/cmake)
[0.912s] -- Found OpenSSL: /usr/lib/x86_64-linux-gnu/libcrypto.so (found version "3.0.13")  
[0.950s] -- Found FastRTPS: /opt/ros/jazzy/include (Required is at least version "2.13") 
[0.981s] -- Using RMW implementation 'rmw_fastrtps_cpp' as default
[1.049s] -- Found std_msgs: 5.3.5 (/opt/ros/jazzy/share/std_msgs/cmake)
[1.062s] -- Found sensor_msgs: 5.3.5 (/opt/ros/jazzy/share/sensor_msgs/cmake)
[1.098s] -- Found tf2_ros: 0.36.4 (/opt/ros/jazzy/share/tf2_ros/cmake)
[1.220s] -- Found tf2_geometry_msgs: 0.36.4 (/opt/ros/jazzy/share/tf2_geometry_msgs/cmake)
[1.229s] -- Found eigen3_cmake_module: 0.3.0 (/opt/ros/jazzy/share/eigen3_cmake_module/cmake)
[1.230s] -- Found Eigen3: TRUE (found version "3.4.0") 
[1.230s] -- Ensuring Eigen3 include directory is part of orocos-kdl CMake target
[1.233s] -- Found nav2_msgs: 1.3.3 (/opt/ros/jazzy/share/nav2_msgs/cmake)
[1.344s] -- Found map_msgs: 2.4.1 (/opt/ros/jazzy/share/map_msgs/cmake)
[1.375s] -- Found visualization_msgs: 5.3.5 (/opt/ros/jazzy/share/visualization_msgs/cmake)
[1.403s] -- Found nav2_costmap_2d: 1.3.3 (/opt/ros/jazzy/share/nav2_costmap_2d/cmake)
[1.535s] -- Found ament_lint_auto: 0.17.1 (/opt/ros/jazzy/share/ament_lint_auto/cmake)
[1.637s] -- Found ament_cmake_gtest: 2.5.2 (/opt/ros/jazzy/share/ament_cmake_gtest/cmake)
[1.639s] -- Found gtest sources under '/opt/ros/jazzy/src/gtest_vendor': C++ tests using 'Google Test' will be built
[1.643s] -- Performing Test CMAKE_HAVE_LIBC_PTHREAD
[1.755s] -- Performing Test CMAKE_HAVE_LIBC_PTHREAD - Success
[1.756s] -- Found Threads: TRUE  
[1.763s] -- Added test 'cppcheck' to perform static code analysis on C / C++ code
[1.763s] -- Configured cppcheck include dirs: /home/nathan/leo-rover-autonomous-exploration/src/leo_explorer/include;$<BUILD_INTERFACE:/home/nathan/leo-rover-autonomous-exploration/src/leo_explorer/include>
[1.763s] -- Configured cppcheck exclude dirs and/or files: 
[1.764s] -- Added test 'flake8' to check Python code syntax and style conventions
[1.764s] -- Configured 'flake8' exclude dirs and/or files: 
[1.765s] -- Added test 'lint_cmake' to check CMake code style
[1.765s] -- Added test 'pep257' to check Python code against some of the docstring style conventions in PEP 257
[1.766s] -- Added test 'uncrustify' to check C / C++ code style
[1.766s] -- Configured uncrustify additional arguments: 
[1.766s] -- Added test 'xmllint' to check XML markup files
[1.768s] -- Configuring done (1.6s)
[1.824s] -- Generating done (0.0s)
[1.831s] -- Build files have been written to: /home/nathan/leo-rover-autonomous-exploration/build/leo_explorer
[1.843s] Invoked command in '/home/nathan/leo-rover-autonomous-exploration/build/leo_explorer' returned '0': CMAKE_PREFIX_PATH=${CMAKE_PREFIX_PATH}:/opt/ros/jazzy DEBUGINFOD_URLS=https://debuginfod.ubuntu.com /usr/bin/cmake /home/nathan/leo-rover-autonomous-exploration/src/leo_explorer -DCMAKE_INSTALL_PREFIX=/home/nathan/leo-rover-autonomous-exploration/install/leo_explorer
[1.843s] Invoking command in '/home/nathan/leo-rover-autonomous-exploration/build/leo_explorer': CMAKE_PREFIX_PATH=${CMAKE_PREFIX_PATH}:/opt/ros/jazzy DEBUGINFOD_URLS=https://debuginfod.ubuntu.com /usr/bin/cmake --build /home/nathan/leo-rover-autonomous-exploration/build/leo_explorer -- -j20 -l20
[1.899s] [ 10%] [32mBuilding CXX object gtest/CMakeFiles/gtest_main.dir/src/gtest_main.cc.o[0m
[1.900s] [ 20%] [32mBuilding CXX object CMakeFiles/explore.dir/src/explore.cpp.o[0m
[1.900s] [ 30%] [32mBuilding CXX object CMakeFiles/explore.dir/src/frontier_search.cpp.o[0m
[1.900s] [ 40%] [32mBuilding CXX object gtest/CMakeFiles/gtest.dir/src/gtest-all.cc.o[0m
[1.903s] [ 50%] [32mBuilding CXX object CMakeFiles/explore.dir/src/costmap_client.cpp.o[0m
[2.475s] [ 60%] [32m[1mLinking CXX static library libgtest_main.a[0m
[2.514s] [ 60%] Built target gtest_main
[4.885s] [01m[K/home/nathan/leo-rover-autonomous-exploration/src/leo_explorer/src/explore.cpp:[m[K In constructor ‘[01m[Kexplore::Explore::[01;32m[KExplore[m[K()[m[K’:
[4.885s] [01m[K/home/nathan/leo-rover-autonomous-exploration/src/leo_explorer/src/explore.cpp:130:37:[m[K [01;31m[Kerror: [m[Kno matching function for call to ‘[01m[Krclcpp::TimerBase::execute_callback()[m[K’
[4.885s]   130 |   [01;31m[Kexploring_timer_->execute_callback()[m[K;
[4.886s]       |   [01;31m[K~~~~~~~~~~~~~~~~~~~~~~~~~~~~~~~~~~^~[m[K
[4.886s] In file included from [01m[K/opt/ros/jazzy/include/rclcpp/rclcpp/callback_group.hpp:30[m[K,
[4.886s]                  from [01m[K/opt/ros/jazzy/include/rclcpp/rclcpp/any_executable.hpp:20[m[K,
[4.886s]                  from [01m[K/opt/ros/jazzy/include/rclcpp/rclcpp/memory_strategy.hpp:25[m[K,
[4.886s]                  from [01m[K/opt/ros/jazzy/include/rclcpp/rclcpp/memory_strategies.hpp:18[m[K,
[4.886s]                  from [01m[K/opt/ros/jazzy/include/rclcpp/rclcpp/executor_options.hpp:22[m[K,
[4.886s]                  from [01m[K/opt/ros/jazzy/include/rclcpp/rclcpp/executor.hpp:38[m[K,
[4.886s]                  from [01m[K/opt/ros/jazzy/include/rclcpp/rclcpp/executors/multi_threaded_executor.hpp:25[m[K,
[4.886s]                  from [01m[K/opt/ros/jazzy/include/rclcpp/rclcpp/executors.hpp:21[m[K,
[4.886s]                  from [01m[K/opt/ros/jazzy/include/rclcpp/rclcpp/rclcpp.hpp:172[m[K,
[4.886s]                  from [01m[K/opt/ros/jazzy/include/tf2_ros/tf2_ros/buffer_interface.h:48[m[K,
[4.886s]                  from [01m[K/opt/ros/jazzy/include/tf2_ros/tf2_ros/buffer.h:43[m[K,
[4.887s]                  from [01m[K/home/nathan/leo-rover-autonomous-exploration/src/leo_explorer/include/explore/costmap_client.h:41[m[K,
[4.887s]                  from [01m[K/home/nathan/leo-rover-autonomous-exploration/src/leo_explorer/include/explore/explore.h:41[m[K,
[4.887s]                  from [01m[K/home/nathan/leo-rover-autonomous-exploration/src/leo_explorer/src/explore.cpp:39[m[K:
[4.887s] [01m[K/opt/ros/jazzy/include/rclcpp/rclcpp/timer.hpp:124:3:[m[K [01;36m[Knote: [m[Kcandidate: ‘[01m[Kvirtual void rclcpp::TimerBase::[01;32m[Kexecute_callback[m[K(const std::shared_ptr<void>&)[m[K’
[4.887s]   124 |   [01;36m[Kexecute_callback[m[K(const std::shared_ptr<void> & data) = 0;
[4.887s]       |   [01;36m[K^~~~~~~~~~~~~~~~[m[K
[4.887s] [01m[K/opt/ros/jazzy/include/rclcpp/rclcpp/timer.hpp:124:3:[m[K [01;36m[Knote: [m[K  candidate expects 1 argument, 0 provided
[4.903s] [01m[K/home/nathan/leo-rover-autonomous-exploration/src/leo_explorer/src/explore.cpp:[m[K In member function ‘[01m[Kvoid explore::Explore::[01;32m[Kresume[m[K()[m[K’:
[4.903s] [01m[K/home/nathan/leo-rover-autonomous-exploration/src/leo_explorer/src/explore.cpp:414:37:[m[K [01;31m[Kerror: [m[Kno matching function for call to ‘[01m[Krclcpp::TimerBase::execute_callback()[m[K’
[4.903s]   414 |   [01;31m[Kexploring_timer_->execute_callback()[m[K;
[4.903s]       |   [01;31m[K~~~~~~~~~~~~~~~~~~~~~~~~~~~~~~~~~~^~[m[K
[4.903s] [01m[K/opt/ros/jazzy/include/rclcpp/rclcpp/timer.hpp:124:3:[m[K [01;36m[Knote: [m[Kcandidate: ‘[01m[Kvirtual void rclcpp::TimerBase::[01;32m[Kexecute_callback[m[K(const std::shared_ptr<void>&)[m[K’
[4.903s]   124 |   [01;36m[Kexecute_callback[m[K(const std::shared_ptr<void> & data) = 0;
[4.903s]       |   [01;36m[K^~~~~~~~~~~~~~~~[m[K
[4.903s] [01m[K/opt/ros/jazzy/include/rclcpp/rclcpp/timer.hpp:124:3:[m[K [01;36m[Knote: [m[K  candidate expects 1 argument, 0 provided
[4.935s] [ 70%] [32m[1mLinking CXX static library libgtest.a[0m
[4.993s] [ 70%] Built target gtest
[5.014s] [ 80%] [32mBuilding CXX object CMakeFiles/test_explore.dir/test/test_explore.cpp.o[0m
[5.888s] [ 90%] [32m[1mLinking CXX executable test_explore[0m
[6.564s] [ 90%] Built target test_explore
[7.241s] gmake[2]: *** [CMakeFiles/explore.dir/build.make:90: CMakeFiles/explore.dir/src/explore.cpp.o] Error 1
[7.241s] gmake[2]: *** Waiting for unfinished jobs....
[10.794s] gmake[1]: *** [CMakeFiles/Makefile2:157: CMakeFiles/explore.dir/all] Error 2
[10.795s] gmake: *** [Makefile:146: all] Error 2
[10.796s] Invoked command in '/home/nathan/leo-rover-autonomous-exploration/build/leo_explorer' returned '2': CMAKE_PREFIX_PATH=${CMAKE_PREFIX_PATH}:/opt/ros/jazzy DEBUGINFOD_URLS=https://debuginfod.ubuntu.com /usr/bin/cmake --build /home/nathan/leo-rover-autonomous-exploration/build/leo_explorer -- -j20 -l20
