[3.237s] Invoking command in '/home/nathan/leo-rover-autonomous-exploration/src/leo_v2': DEBUGINFOD_URLS=https://debuginfod.ubuntu.com PYTHONPATH=/home/nathan/leo-rover-autonomous-exploration/build/leo_v2/prefix_override:/usr/lib/python3/dist-packages/colcon_core/task/python/colcon_distutils_commands:/home/nathan/leo-rover-autonomous-exploration/install/leo_v2/lib/python3.12/site-packages:${PYTHONPATH} /usr/bin/python3 -W ignore:setup.py install is deprecated -W ignore:easy_install command is deprecated setup.py egg_info --egg-base ../../build/leo_v2 build --build-base /home/nathan/leo-rover-autonomous-exploration/build/leo_v2/build install --record /home/nathan/leo-rover-autonomous-exploration/build/leo_v2/install.log --single-version-externally-managed install_data
[3.602s] /home/nathan/.local/lib/python3.12/site-packages/setuptools/_distutils/dist.py:261: UserWarning: Unknown distribution option: 'tests_require'
[3.602s]   warnings.warn(msg)
[3.885s] running egg_info
[3.933s] writing ../../build/leo_v2/leo_v2.egg-info/PKG-INFO
[3.933s] writing dependency_links to ../../build/leo_v2/leo_v2.egg-info/dependency_links.txt
[3.934s] writing entry points to ../../build/leo_v2/leo_v2.egg-info/entry_points.txt
[3.934s] writing requirements to ../../build/leo_v2/leo_v2.egg-info/requires.txt
[3.934s] writing top-level names to ../../build/leo_v2/leo_v2.egg-info/top_level.txt
[4.035s] reading manifest file '../../build/leo_v2/leo_v2.egg-info/SOURCES.txt'
[4.038s] writing manifest file '../../build/leo_v2/leo_v2.egg-info/SOURCES.txt'
[4.038s] running build
[4.039s] running build_py
[4.039s] copying leo_v2/__init__.py -> /home/nathan/leo-rover-autonomous-exploration/build/leo_v2/build/lib/leo_v2
[4.039s] copying leo_v2/map_saver.py -> /home/nathan/leo-rover-autonomous-exploration/build/leo_v2/build/lib/leo_v2
[4.040s] running install
[4.052s] running install_lib
[4.101s] running install_data
[4.101s] copying resource/leo_v2 -> /home/nathan/leo-rover-autonomous-exploration/install/leo_v2/share/ament_index/resource_index/packages
[4.102s] copying package.xml -> /home/nathan/leo-rover-autonomous-exploration/install/leo_v2/share/leo_v2
[4.102s] copying launch/leo_autonav.launch.py -> /home/nathan/leo-rover-autonomous-exploration/install/leo_v2/share/leo_v2/launch
[4.103s] copying config/controller.yaml -> /home/nathan/leo-rover-autonomous-exploration/install/leo_v2/share/leo_v2/config
[4.103s] copying config/planner.yaml -> /home/nathan/leo-rover-autonomous-exploration/install/leo_v2/share/leo_v2/config
[4.103s] copying config/bt_nav.yaml -> /home/nathan/leo-rover-autonomous-exploration/install/leo_v2/share/leo_v2/config
[4.104s] copying behavior_tree_xml/modified.xml -> /home/nathan/leo-rover-autonomous-exploration/install/leo_v2/share/leo_v2/behavior_tree_xml
[4.104s] copying behavior_tree_xml/nav_to_pose_with_consistent_replanning_and_if_path_becomes_invalid.xml -> /home/nathan/leo-rover-autonomous-exploration/install/leo_v2/share/leo_v2/behavior_tree_xml
[4.104s] running install_egg_info
[4.157s] removing '/home/nathan/leo-rover-autonomous-exploration/install/leo_v2/lib/python3.12/site-packages/leo_v2-0.0.0-py3.12.egg-info' (and everything under it)
[4.157s] Copying ../../build/leo_v2/leo_v2.egg-info to /home/nathan/leo-rover-autonomous-exploration/install/leo_v2/lib/python3.12/site-packages/leo_v2-0.0.0-py3.12.egg-info
[4.158s] running install_scripts
[4.440s] Installing map_saver script to /home/nathan/leo-rover-autonomous-exploration/install/leo_v2/lib/leo_v2
[4.441s] writing list of installed files to '/home/nathan/leo-rover-autonomous-exploration/build/leo_v2/install.log'
[4.525s] Invoked command in '/home/nathan/leo-rover-autonomous-exploration/src/leo_v2' returned '0': DEBUGINFOD_URLS=https://debuginfod.ubuntu.com PYTHONPATH=/home/nathan/leo-rover-autonomous-exploration/build/leo_v2/prefix_override:/usr/lib/python3/dist-packages/colcon_core/task/python/colcon_distutils_commands:/home/nathan/leo-rover-autonomous-exploration/install/leo_v2/lib/python3.12/site-packages:${PYTHONPATH} /usr/bin/python3 -W ignore:setup.py install is deprecated -W ignore:easy_install command is deprecated setup.py egg_info --egg-base ../../build/leo_v2 build --build-base /home/nathan/leo-rover-autonomous-exploration/build/leo_v2/build install --record /home/nathan/leo-rover-autonomous-exploration/build/leo_v2/install.log --single-version-externally-managed install_data
