[3.252s] Invoking command in '/home/nathan/leo-rover-autonomous-exploration/src/leo_v1': DEBUGINFOD_URLS=https://debuginfod.ubuntu.com PYTHONPATH=/home/nathan/leo-rover-autonomous-exploration/build/leo_v1/prefix_override:/usr/lib/python3/dist-packages/colcon_core/task/python/colcon_distutils_commands:/home/nathan/leo-rover-autonomous-exploration/install/leo_v1/lib/python3.12/site-packages:${PYTHONPATH} /usr/bin/python3 -W ignore:setup.py install is deprecated -W ignore:easy_install command is deprecated setup.py egg_info --egg-base ../../build/leo_v1 build --build-base /home/nathan/leo-rover-autonomous-exploration/build/leo_v1/build install --record /home/nathan/leo-rover-autonomous-exploration/build/leo_v1/install.log --single-version-externally-managed install_data
[3.613s] /home/nathan/.local/lib/python3.12/site-packages/setuptools/_distutils/dist.py:261: UserWarning: Unknown distribution option: 'tests_require'
[3.613s]   warnings.warn(msg)
[3.894s] running egg_info
[3.941s] writing ../../build/leo_v1/leo_v1.egg-info/PKG-INFO
[3.942s] writing dependency_links to ../../build/leo_v1/leo_v1.egg-info/dependency_links.txt
[3.942s] writing requirements to ../../build/leo_v1/leo_v1.egg-info/requires.txt
[3.943s] writing top-level names to ../../build/leo_v1/leo_v1.egg-info/top_level.txt
[4.039s] reading manifest file '../../build/leo_v1/leo_v1.egg-info/SOURCES.txt'
[4.041s] writing manifest file '../../build/leo_v1/leo_v1.egg-info/SOURCES.txt'
[4.042s] running build
[4.042s] running build_py
[4.042s] copying leo_v1/__init__.py -> /home/nathan/leo-rover-autonomous-exploration/build/leo_v1/build/lib/leo_v1
[4.042s] running install
[4.054s] running install_lib
[4.102s] running install_data
[4.103s] copying resource/leo_v1 -> /home/nathan/leo-rover-autonomous-exploration/install/leo_v1/share/ament_index/resource_index/packages
[4.103s] copying package.xml -> /home/nathan/leo-rover-autonomous-exploration/install/leo_v1/share/leo_v1
[4.104s] copying launch/leo_v1_sim.launch.py -> /home/nathan/leo-rover-autonomous-exploration/install/leo_v1/share/leo_v1/launch
[4.104s] creating /home/nathan/leo-rover-autonomous-exploration/install/leo_v1/share/leo_v1/config
[4.104s] copying config/twist_mux_params.yaml -> /home/nathan/leo-rover-autonomous-exploration/install/leo_v1/share/leo_v1/config
[4.105s] running install_egg_info
[4.157s] removing '/home/nathan/leo-rover-autonomous-exploration/install/leo_v1/lib/python3.12/site-packages/leo_v1-0.0.0-py3.12.egg-info' (and everything under it)
[4.157s] Copying ../../build/leo_v1/leo_v1.egg-info to /home/nathan/leo-rover-autonomous-exploration/install/leo_v1/lib/python3.12/site-packages/leo_v1-0.0.0-py3.12.egg-info
[4.159s] running install_scripts
[4.436s] writing list of installed files to '/home/nathan/leo-rover-autonomous-exploration/build/leo_v1/install.log'
[4.511s] Invoked command in '/home/nathan/leo-rover-autonomous-exploration/src/leo_v1' returned '0': DEBUGINFOD_URLS=https://debuginfod.ubuntu.com PYTHONPATH=/home/nathan/leo-rover-autonomous-exploration/build/leo_v1/prefix_override:/usr/lib/python3/dist-packages/colcon_core/task/python/colcon_distutils_commands:/home/nathan/leo-rover-autonomous-exploration/install/leo_v1/lib/python3.12/site-packages:${PYTHONPATH} /usr/bin/python3 -W ignore:setup.py install is deprecated -W ignore:easy_install command is deprecated setup.py egg_info --egg-base ../../build/leo_v1 build --build-base /home/nathan/leo-rover-autonomous-exploration/build/leo_v1/build install --record /home/nathan/leo-rover-autonomous-exploration/build/leo_v1/install.log --single-version-externally-managed install_data
