[0.386s] Invoking command in '/home/nathan/leo-rover-autonomous-exploration/build/leo_explorer': CMAKE_PREFIX_PATH=${CMAKE_PREFIX_PATH}:/home/nathan/leo-rover-autonomous-exploration/install/leo_v4:/home/nathan/leo-rover-autonomous-exploration/install/leo_v3:/home/nathan/leo-rover-autonomous-exploration/install/leo_v2:/home/nathan/leo-rover-autonomous-exploration/install/leo_v1:/home/nathan/leo-rover-autonomous-exploration/install/leo_description:/opt/ros/jazzy DEBUGINFOD_URLS=https://debuginfod.ubuntu.com /usr/bin/cmake --build /home/nathan/leo-rover-autonomous-exploration/build/leo_explorer -- -j20 -l20
[1.421s] [ 20%] Built target gtest
[1.421s] [ 40%] Built target gtest_main
[1.421s] [ 80%] Built target explore
[1.422s] [100%] Built target test_explore
[1.423s] Invoked command in '/home/nathan/leo-rover-autonomous-exploration/build/leo_explorer' returned '0': CMAKE_PREFIX_PATH=${CMAKE_PREFIX_PATH}:/home/nathan/leo-rover-autonomous-exploration/install/leo_v4:/home/nathan/leo-rover-autonomous-exploration/install/leo_v3:/home/nathan/leo-rover-autonomous-exploration/install/leo_v2:/home/nathan/leo-rover-autonomous-exploration/install/leo_v1:/home/nathan/leo-rover-autonomous-exploration/install/leo_description:/opt/ros/jazzy DEBUGINFOD_URLS=https://debuginfod.ubuntu.com /usr/bin/cmake --build /home/nathan/leo-rover-autonomous-exploration/build/leo_explorer -- -j20 -l20
[1.440s] Invoking command in '/home/nathan/leo-rover-autonomous-exploration/build/leo_explorer': CMAKE_PREFIX_PATH=${CMAKE_PREFIX_PATH}:/home/nathan/leo-rover-autonomous-exploration/install/leo_v4:/home/nathan/leo-rover-autonomous-exploration/install/leo_v3:/home/nathan/leo-rover-autonomous-exploration/install/leo_v2:/home/nathan/leo-rover-autonomous-exploration/install/leo_v1:/home/nathan/leo-rover-autonomous-exploration/install/leo_description:/opt/ros/jazzy DEBUGINFOD_URLS=https://debuginfod.ubuntu.com /usr/bin/cmake --install /home/nathan/leo-rover-autonomous-exploration/build/leo_explorer
[1.764s] -- Install configuration: ""
[1.765s] -- Up-to-date: /home/nathan/leo-rover-autonomous-exploration/install/leo_explorer/include/explore/
[1.765s] -- Up-to-date: /home/nathan/leo-rover-autonomous-exploration/install/leo_explorer/include/explore//frontier_search.h
[1.766s] -- Up-to-date: /home/nathan/leo-rover-autonomous-exploration/install/leo_explorer/include/explore//costmap_tools.h
[1.766s] -- Up-to-date: /home/nathan/leo-rover-autonomous-exploration/install/leo_explorer/include/explore//explore.h
[1.766s] -- Up-to-date: /home/nathan/leo-rover-autonomous-exploration/install/leo_explorer/include/explore//costmap_client.h
[1.766s] -- Up-to-date: /home/nathan/leo-rover-autonomous-exploration/install/leo_explorer/share/leo_explorer/config
[1.767s] -- Up-to-date: /home/nathan/leo-rover-autonomous-exploration/install/leo_explorer/share/leo_explorer/config/params_costmap.yaml
[1.768s] -- Up-to-date: /home/nathan/leo-rover-autonomous-exploration/install/leo_explorer/share/leo_explorer/config/params.yaml
[1.769s] -- Up-to-date: /home/nathan/leo-rover-autonomous-exploration/install/leo_explorer/share/leo_explorer/launch
[1.770s] -- Up-to-date: /home/nathan/leo-rover-autonomous-exploration/install/leo_explorer/share/leo_explorer/launch/explore.launch.py
[1.771s] -- Up-to-date: /home/nathan/leo-rover-autonomous-exploration/install/leo_explorer/lib/leo_explorer/explore
[1.772s] -- Up-to-date: /home/nathan/leo-rover-autonomous-exploration/install/leo_explorer/share/ament_index/resource_index/package_run_dependencies/leo_explorer
[1.772s] -- Up-to-date: /home/nathan/leo-rover-autonomous-exploration/install/leo_explorer/share/ament_index/resource_index/parent_prefix_path/leo_explorer
[1.772s] -- Up-to-date: /home/nathan/leo-rover-autonomous-exploration/install/leo_explorer/share/leo_explorer/environment/ament_prefix_path.sh
[1.773s] -- Up-to-date: /home/nathan/leo-rover-autonomous-exploration/install/leo_explorer/share/leo_explorer/environment/ament_prefix_path.dsv
[1.774s] -- Up-to-date: /home/nathan/leo-rover-autonomous-exploration/install/leo_explorer/share/leo_explorer/environment/path.sh
[1.775s] -- Up-to-date: /home/nathan/leo-rover-autonomous-exploration/install/leo_explorer/share/leo_explorer/environment/path.dsv
[1.775s] -- Up-to-date: /home/nathan/leo-rover-autonomous-exploration/install/leo_explorer/share/leo_explorer/local_setup.bash
[1.775s] -- Up-to-date: /home/nathan/leo-rover-autonomous-exploration/install/leo_explorer/share/leo_explorer/local_setup.sh
[1.775s] -- Up-to-date: /home/nathan/leo-rover-autonomous-exploration/install/leo_explorer/share/leo_explorer/local_setup.zsh
[1.776s] -- Up-to-date: /home/nathan/leo-rover-autonomous-exploration/install/leo_explorer/share/leo_explorer/local_setup.dsv
[1.776s] -- Installing: /home/nathan/leo-rover-autonomous-exploration/install/leo_explorer/share/leo_explorer/package.dsv
[1.779s] -- Up-to-date: /home/nathan/leo-rover-autonomous-exploration/install/leo_explorer/share/ament_index/resource_index/packages/leo_explorer
[1.779s] -- Up-to-date: /home/nathan/leo-rover-autonomous-exploration/install/leo_explorer/share/leo_explorer/cmake/ament_cmake_export_include_directories-extras.cmake
[1.780s] -- Up-to-date: /home/nathan/leo-rover-autonomous-exploration/install/leo_explorer/share/leo_explorer/cmake/leo_explorerConfig.cmake
[1.780s] -- Up-to-date: /home/nathan/leo-rover-autonomous-exploration/install/leo_explorer/share/leo_explorer/cmake/leo_explorerConfig-version.cmake
[1.780s] -- Up-to-date: /home/nathan/leo-rover-autonomous-exploration/install/leo_explorer/share/leo_explorer/package.xml
[1.783s] Invoked command in '/home/nathan/leo-rover-autonomous-exploration/build/leo_explorer' returned '0': CMAKE_PREFIX_PATH=${CMAKE_PREFIX_PATH}:/home/nathan/leo-rover-autonomous-exploration/install/leo_v4:/home/nathan/leo-rover-autonomous-exploration/install/leo_v3:/home/nathan/leo-rover-autonomous-exploration/install/leo_v2:/home/nathan/leo-rover-autonomous-exploration/install/leo_v1:/home/nathan/leo-rover-autonomous-exploration/install/leo_description:/opt/ros/jazzy DEBUGINFOD_URLS=https://debuginfod.ubuntu.com /usr/bin/cmake --install /home/nathan/leo-rover-autonomous-exploration/build/leo_explorer
