/home/nathan/.local/lib/python3.12/site-packages/setuptools/_distutils/dist.py:261: UserWarning: Unknown distribution option: 'tests_require'
  warnings.warn(msg)
running egg_info
writing ../../build/leo_v1/leo_v1.egg-info/PKG-INFO
writing dependency_links to ../../build/leo_v1/leo_v1.egg-info/dependency_links.txt
writing requirements to ../../build/leo_v1/leo_v1.egg-info/requires.txt
writing top-level names to ../../build/leo_v1/leo_v1.egg-info/top_level.txt
reading manifest file '../../build/leo_v1/leo_v1.egg-info/SOURCES.txt'
writing manifest file '../../build/leo_v1/leo_v1.egg-info/SOURCES.txt'
running build
running build_py
copying leo_v1/__init__.py -> /home/nathan/leo-rover-autonomous-exploration/build/leo_v1/build/lib/leo_v1
running install
running install_lib
running install_data
copying resource/leo_v1 -> /home/nathan/leo-rover-autonomous-exploration/install/leo_v1/share/ament_index/resource_index/packages
copying package.xml -> /home/nathan/leo-rover-autonomous-exploration/install/leo_v1/share/leo_v1
copying launch/leo_v1_sim.launch.py -> /home/nathan/leo-rover-autonomous-exploration/install/leo_v1/share/leo_v1/launch
running install_egg_info
removing '/home/nathan/leo-rover-autonomous-exploration/install/leo_v1/lib/python3.12/site-packages/leo_v1-0.0.0-py3.12.egg-info' (and everything under it)
Copying ../../build/leo_v1/leo_v1.egg-info to /home/nathan/leo-rover-autonomous-exploration/install/leo_v1/lib/python3.12/site-packages/leo_v1-0.0.0-py3.12.egg-info
running install_scripts
writing list of installed files to '/home/nathan/leo-rover-autonomous-exploration/build/leo_v1/install.log'
