[2.215s] Invoking command in '/home/nathan/leo-rover-autonomous-exploration/src/leo_v1': DEBUGINFOD_URLS=https://debuginfod.ubuntu.com PYTHONPATH=/home/nathan/leo-rover-autonomous-exploration/build/leo_v1/prefix_override:/usr/lib/python3/dist-packages/colcon_core/task/python/colcon_distutils_commands:/home/nathan/leo-rover-autonomous-exploration/install/leo_v1/lib/python3.12/site-packages:${PYTHONPATH} /usr/bin/python3 -W ignore:setup.py install is deprecated -W ignore:easy_install command is deprecated setup.py egg_info --egg-base ../../build/leo_v1 build --build-base /home/nathan/leo-rover-autonomous-exploration/build/leo_v1/build install --record /home/nathan/leo-rover-autonomous-exploration/build/leo_v1/install.log --single-version-externally-managed install_data
[2.486s] /home/nathan/.local/lib/python3.12/site-packages/setuptools/_distutils/dist.py:261: UserWarning: Unknown distribution option: 'tests_require'
[2.486s]   warnings.warn(msg)
[2.650s] running egg_info
[2.677s] writing ../../build/leo_v1/leo_v1.egg-info/PKG-INFO
[2.679s] writing dependency_links to ../../build/leo_v1/leo_v1.egg-info/dependency_links.txt
[2.679s] writing requirements to ../../build/leo_v1/leo_v1.egg-info/requires.txt
[2.679s] writing top-level names to ../../build/leo_v1/leo_v1.egg-info/top_level.txt
[2.734s] reading manifest file '../../build/leo_v1/leo_v1.egg-info/SOURCES.txt'
[2.736s] writing manifest file '../../build/leo_v1/leo_v1.egg-info/SOURCES.txt'
[2.736s] running build
[2.736s] running build_py
[2.737s] copying leo_v1/__init__.py -> /home/nathan/leo-rover-autonomous-exploration/build/leo_v1/build/lib/leo_v1
[2.737s] running install
[2.743s] running install_lib
[2.770s] running install_data
[2.771s] copying resource/leo_v1 -> /home/nathan/leo-rover-autonomous-exploration/install/leo_v1/share/ament_index/resource_index/packages
[2.771s] copying package.xml -> /home/nathan/leo-rover-autonomous-exploration/install/leo_v1/share/leo_v1
[2.771s] copying launch/leo_v1_sim.launch.py -> /home/nathan/leo-rover-autonomous-exploration/install/leo_v1/share/leo_v1/launch
[2.772s] running install_egg_info
[2.799s] removing '/home/nathan/leo-rover-autonomous-exploration/install/leo_v1/lib/python3.12/site-packages/leo_v1-0.0.0-py3.12.egg-info' (and everything under it)
[2.799s] Copying ../../build/leo_v1/leo_v1.egg-info to /home/nathan/leo-rover-autonomous-exploration/install/leo_v1/lib/python3.12/site-packages/leo_v1-0.0.0-py3.12.egg-info
[2.799s] running install_scripts
[2.952s] writing list of installed files to '/home/nathan/leo-rover-autonomous-exploration/build/leo_v1/install.log'
[2.983s] Invoked command in '/home/nathan/leo-rover-autonomous-exploration/src/leo_v1' returned '0': DEBUGINFOD_URLS=https://debuginfod.ubuntu.com PYTHONPATH=/home/nathan/leo-rover-autonomous-exploration/build/leo_v1/prefix_override:/usr/lib/python3/dist-packages/colcon_core/task/python/colcon_distutils_commands:/home/nathan/leo-rover-autonomous-exploration/install/leo_v1/lib/python3.12/site-packages:${PYTHONPATH} /usr/bin/python3 -W ignore:setup.py install is deprecated -W ignore:easy_install command is deprecated setup.py egg_info --egg-base ../../build/leo_v1 build --build-base /home/nathan/leo-rover-autonomous-exploration/build/leo_v1/build install --record /home/nathan/leo-rover-autonomous-exploration/build/leo_v1/install.log --single-version-externally-managed install_data
