[3.110s] Invoking command in '/home/nathan/leo-rover-autonomous-exploration/src/leo_v4': DEBUGINFOD_URLS=https://debuginfod.ubuntu.com PYTHONPATH=/home/nathan/leo-rover-autonomous-exploration/build/leo_v4/prefix_override:/usr/lib/python3/dist-packages/colcon_core/task/python/colcon_distutils_commands:/home/nathan/leo-rover-autonomous-exploration/install/leo_v4/lib/python3.12/site-packages:${PYTHONPATH} /usr/bin/python3 -W ignore:setup.py install is deprecated -W ignore:easy_install command is deprecated setup.py egg_info --egg-base ../../build/leo_v4 build --build-base /home/nathan/leo-rover-autonomous-exploration/build/leo_v4/build install --record /home/nathan/leo-rover-autonomous-exploration/build/leo_v4/install.log --single-version-externally-managed install_data
[3.467s] /home/nathan/.local/lib/python3.12/site-packages/setuptools/_distutils/dist.py:261: UserWarning: Unknown distribution option: 'tests_require'
[3.468s]   warnings.warn(msg)
[3.752s] running egg_info
[3.798s] writing ../../build/leo_v4/leo_v4.egg-info/PKG-INFO
[3.799s] writing dependency_links to ../../build/leo_v4/leo_v4.egg-info/dependency_links.txt
[3.800s] writing entry points to ../../build/leo_v4/leo_v4.egg-info/entry_points.txt
[3.800s] writing requirements to ../../build/leo_v4/leo_v4.egg-info/requires.txt
[3.800s] writing top-level names to ../../build/leo_v4/leo_v4.egg-info/top_level.txt
[3.896s] reading manifest file '../../build/leo_v4/leo_v4.egg-info/SOURCES.txt'
[3.899s] writing manifest file '../../build/leo_v4/leo_v4.egg-info/SOURCES.txt'
[3.899s] running build
[3.900s] running build_py
[3.900s] copying leo_v4/autonav_starter.py -> /home/nathan/leo-rover-autonomous-exploration/build/leo_v4/build/lib/leo_v4
[3.900s] copying leo_v4/__init__.py -> /home/nathan/leo-rover-autonomous-exploration/build/leo_v4/build/lib/leo_v4
[3.900s] running install
[3.912s] running install_lib
[3.961s] running install_data
[3.962s] copying resource/leo_v4 -> /home/nathan/leo-rover-autonomous-exploration/install/leo_v4/share/ament_index/resource_index/packages
[3.962s] copying package.xml -> /home/nathan/leo-rover-autonomous-exploration/install/leo_v4/share/leo_v4
[3.962s] copying launch/leo_autosim.launch.py -> /home/nathan/leo-rover-autonomous-exploration/install/leo_v4/share/leo_v4/launch
[3.962s] running install_egg_info
[4.015s] removing '/home/nathan/leo-rover-autonomous-exploration/install/leo_v4/lib/python3.12/site-packages/leo_v4-0.0.0-py3.12.egg-info' (and everything under it)
[4.016s] Copying ../../build/leo_v4/leo_v4.egg-info to /home/nathan/leo-rover-autonomous-exploration/install/leo_v4/lib/python3.12/site-packages/leo_v4-0.0.0-py3.12.egg-info
[4.018s] running install_scripts
[4.293s] Installing autonav_starter script to /home/nathan/leo-rover-autonomous-exploration/install/leo_v4/lib/leo_v4
[4.294s] writing list of installed files to '/home/nathan/leo-rover-autonomous-exploration/build/leo_v4/install.log'
[4.362s] Invoked command in '/home/nathan/leo-rover-autonomous-exploration/src/leo_v4' returned '0': DEBUGINFOD_URLS=https://debuginfod.ubuntu.com PYTHONPATH=/home/nathan/leo-rover-autonomous-exploration/build/leo_v4/prefix_override:/usr/lib/python3/dist-packages/colcon_core/task/python/colcon_distutils_commands:/home/nathan/leo-rover-autonomous-exploration/install/leo_v4/lib/python3.12/site-packages:${PYTHONPATH} /usr/bin/python3 -W ignore:setup.py install is deprecated -W ignore:easy_install command is deprecated setup.py egg_info --egg-base ../../build/leo_v4 build --build-base /home/nathan/leo-rover-autonomous-exploration/build/leo_v4/build install --record /home/nathan/leo-rover-autonomous-exploration/build/leo_v4/install.log --single-version-externally-managed install_data
