[1.375s] Invoking command in '/home/nathan/leo-rover-autonomous-exploration/src/leo_v3': DEBUGINFOD_URLS=https://debuginfod.ubuntu.com PYTHONPATH=/home/nathan/leo-rover-autonomous-exploration/build/leo_v3/prefix_override:/usr/lib/python3/dist-packages/colcon_core/task/python/colcon_distutils_commands:/home/nathan/leo-rover-autonomous-exploration/install/leo_v3/lib/python3.12/site-packages:${PYTHONPATH} /usr/bin/python3 -W ignore:setup.py install is deprecated -W ignore:easy_install command is deprecated setup.py egg_info --egg-base ../../build/leo_v3 build --build-base /home/nathan/leo-rover-autonomous-exploration/build/leo_v3/build install --record /home/nathan/leo-rover-autonomous-exploration/build/leo_v3/install.log --single-version-externally-managed install_data
[1.600s] running egg_info
[1.617s] writing ../../build/leo_v3/leo_v3.egg-info/PKG-INFO
[1.617s] writing dependency_links to ../../build/leo_v3/leo_v3.egg-info/dependency_links.txt
[1.617s] writing entry points to ../../build/leo_v3/leo_v3.egg-info/entry_points.txt
[1.618s] writing requirements to ../../build/leo_v3/leo_v3.egg-info/requires.txt
[1.618s] writing top-level names to ../../build/leo_v3/leo_v3.egg-info/top_level.txt
[1.653s] reading manifest file '../../build/leo_v3/leo_v3.egg-info/SOURCES.txt'
[1.654s] writing manifest file '../../build/leo_v3/leo_v3.egg-info/SOURCES.txt'
[1.654s] running build
[1.654s] running build_py
[1.654s] running install
[1.660s] running install_lib
[1.677s] running install_data
[1.678s] running install_egg_info
[1.696s] removing '/home/nathan/leo-rover-autonomous-exploration/install/leo_v3/lib/python3.12/site-packages/leo_v3-0.0.0-py3.12.egg-info' (and everything under it)
[1.697s] Copying ../../build/leo_v3/leo_v3.egg-info to /home/nathan/leo-rover-autonomous-exploration/install/leo_v3/lib/python3.12/site-packages/leo_v3-0.0.0-py3.12.egg-info
[1.697s] running install_scripts
[1.805s] Installing manipulator_control_gui script to /home/nathan/leo-rover-autonomous-exploration/install/leo_v3/lib/leo_v3
[1.805s] Installing stretch_ignition_control_action_server script to /home/nathan/leo-rover-autonomous-exploration/install/leo_v3/lib/leo_v3
[1.805s] writing list of installed files to '/home/nathan/leo-rover-autonomous-exploration/build/leo_v3/install.log'
[1.844s] Invoked command in '/home/nathan/leo-rover-autonomous-exploration/src/leo_v3' returned '0': DEBUGINFOD_URLS=https://debuginfod.ubuntu.com PYTHONPATH=/home/nathan/leo-rover-autonomous-exploration/build/leo_v3/prefix_override:/usr/lib/python3/dist-packages/colcon_core/task/python/colcon_distutils_commands:/home/nathan/leo-rover-autonomous-exploration/install/leo_v3/lib/python3.12/site-packages:${PYTHONPATH} /usr/bin/python3 -W ignore:setup.py install is deprecated -W ignore:easy_install command is deprecated setup.py egg_info --egg-base ../../build/leo_v3 build --build-base /home/nathan/leo-rover-autonomous-exploration/build/leo_v3/build install --record /home/nathan/leo-rover-autonomous-exploration/build/leo_v3/install.log --single-version-externally-managed install_data
