/home/nathan/leo-rover-autonomous-exploration/install/leo_v3/lib/python3.12/site-packages/leo_v3/__init__.py
/home/nathan/leo-rover-autonomous-exploration/install/leo_v3/lib/python3.12/site-packages/leo_v3/manipulator_control_gui.py
/home/nathan/leo-rover-autonomous-exploration/install/leo_v3/lib/python3.12/site-packages/leo_v3/__pycache__/__init__.cpython-312.pyc
/home/nathan/leo-rover-autonomous-exploration/install/leo_v3/lib/python3.12/site-packages/leo_v3/__pycache__/manipulator_control_gui.cpython-312.pyc
/home/nathan/leo-rover-autonomous-exploration/install/leo_v3/share/ament_index/resource_index/packages/leo_v3
/home/nathan/leo-rover-autonomous-exploration/install/leo_v3/share/leo_v3/package.xml
/home/nathan/leo-rover-autonomous-exploration/install/leo_v3/share/leo_v3/launch/px150_gz.launch.py
/home/nathan/leo-rover-autonomous-exploration/install/leo_v3/share/leo_v3/launch/px150_rviz.launch.py
/home/nathan/leo-rover-autonomous-exploration/install/leo_v3/share/leo_v3/launch/leo_gz.launch.py
/home/nathan/leo-rover-autonomous-exploration/install/leo_v3/share/leo_v3/models/Rocker.dae
/home/nathan/leo-rover-autonomous-exploration/install/leo_v3/share/leo_v3/models/Antenna.dae
/home/nathan/leo-rover-autonomous-exploration/install/leo_v3/share/leo_v3/models/Rocker_outline.stl
/home/nathan/leo-rover-autonomous-exploration/install/leo_v3/share/leo_v3/models/WheelA.dae
/home/nathan/leo-rover-autonomous-exploration/install/leo_v3/share/leo_v3/models/Chassis_outline.stl
/home/nathan/leo-rover-autonomous-exploration/install/leo_v3/share/leo_v3/models/Chassis.dae
/home/nathan/leo-rover-autonomous-exploration/install/leo_v3/share/leo_v3/models/WheelB.dae
/home/nathan/leo-rover-autonomous-exploration/install/leo_v3/share/leo_v3/models/Wheel_outline.stl
/home/nathan/leo-rover-autonomous-exploration/install/leo_v3/share/leo_v3/meshes/camera_mount2.2_1.stl
/home/nathan/leo-rover-autonomous-exploration/install/leo_v3/share/leo_v3/meshes/base_plate.dae
/home/nathan/leo-rover-autonomous-exploration/install/leo_v3/share/leo_v3/meshes/plug_collision.stl
/home/nathan/leo-rover-autonomous-exploration/install/leo_v3/share/leo_v3/meshes/camera_mount1.2_1.stl
/home/nathan/leo-rover-autonomous-exploration/install/leo_v3/share/leo_v3/meshes/manipulator_camera_1.stl
/home/nathan/leo-rover-autonomous-exploration/install/leo_v3/share/leo_v3/meshes/camera_mount.dae
/home/nathan/leo-rover-autonomous-exploration/install/leo_v3/share/leo_v3/meshes/endeffector_right_1.stl
/home/nathan/leo-rover-autonomous-exploration/install/leo_v3/share/leo_v3/meshes/manipulator_shoulder_1.stl
/home/nathan/leo-rover-autonomous-exploration/install/leo_v3/share/leo_v3/meshes/manipulator_wrist_1.stl
/home/nathan/leo-rover-autonomous-exploration/install/leo_v3/share/leo_v3/meshes/endeffector_left_1.stl
/home/nathan/leo-rover-autonomous-exploration/install/leo_v3/share/leo_v3/meshes/lidar_1.dae
/home/nathan/leo-rover-autonomous-exploration/install/leo_v3/share/leo_v3/meshes/manipulator_link1_1.stl
/home/nathan/leo-rover-autonomous-exploration/install/leo_v3/share/leo_v3/meshes/manipulator_link2_1.stl
/home/nathan/leo-rover-autonomous-exploration/install/leo_v3/share/leo_v3/meshes/Lidar_mount_1.dae
/home/nathan/leo-rover-autonomous-exploration/install/leo_v3/share/leo_v3/meshes/NUC_1.stl
/home/nathan/leo-rover-autonomous-exploration/install/leo_v3/share/leo_v3/meshes/manipulator_base_1.stl
/home/nathan/leo-rover-autonomous-exploration/install/leo_v3/share/leo_v3/meshes/lidar_1.stl
/home/nathan/leo-rover-autonomous-exploration/install/leo_v3/share/leo_v3/meshes/depth_cam.dae
/home/nathan/leo-rover-autonomous-exploration/install/leo_v3/share/leo_v3/meshes/camera_mount2.1_1.stl
/home/nathan/leo-rover-autonomous-exploration/install/leo_v3/share/leo_v3/meshes/Lidar_mount_1.stl
/home/nathan/leo-rover-autonomous-exploration/install/leo_v3/share/leo_v3/meshes/d435.dae
/home/nathan/leo-rover-autonomous-exploration/install/leo_v3/share/leo_v3/meshes/base_link.stl
/home/nathan/leo-rover-autonomous-exploration/install/leo_v3/share/leo_v3/meshes/camera_mount1.1_1.stl
/home/nathan/leo-rover-autonomous-exploration/install/leo_v3/share/leo_v3/meshes/plug.stl
/home/nathan/leo-rover-autonomous-exploration/install/leo_v3/share/leo_v3/meshes/NUC.dae
/home/nathan/leo-rover-autonomous-exploration/install/leo_v3/share/leo_v3/meshes/fixed_camera_1.stl
/home/nathan/leo-rover-autonomous-exploration/install/leo_v3/share/leo_v3/px150_meshes/upper_arm.stl
/home/nathan/leo-rover-autonomous-exploration/install/leo_v3/share/leo_v3/px150_meshes/wrist.stl
/home/nathan/leo-rover-autonomous-exploration/install/leo_v3/share/leo_v3/px150_meshes/gripper_finger.stl
/home/nathan/leo-rover-autonomous-exploration/install/leo_v3/share/leo_v3/px150_meshes/base.stl
/home/nathan/leo-rover-autonomous-exploration/install/leo_v3/share/leo_v3/px150_meshes/gripper_bar.stl
/home/nathan/leo-rover-autonomous-exploration/install/leo_v3/share/leo_v3/px150_meshes/forearm.stl
/home/nathan/leo-rover-autonomous-exploration/install/leo_v3/share/leo_v3/px150_meshes/gripper.stl
/home/nathan/leo-rover-autonomous-exploration/install/leo_v3/share/leo_v3/px150_meshes/gripper_prop.stl
/home/nathan/leo-rover-autonomous-exploration/install/leo_v3/share/leo_v3/px150_meshes/shoulder.stl
/home/nathan/leo-rover-autonomous-exploration/install/leo_v3/share/leo_v3/urdf/leo.urdf.xacro
/home/nathan/leo-rover-autonomous-exploration/install/leo_v3/share/leo_v3/urdf/px150_gazebo_configs.urdf.xacro
/home/nathan/leo-rover-autonomous-exploration/install/leo_v3/share/leo_v3/urdf/d435.urdf.xacro
/home/nathan/leo-rover-autonomous-exploration/install/leo_v3/share/leo_v3/urdf/d435i.urdf.xacro
/home/nathan/leo-rover-autonomous-exploration/install/leo_v3/share/leo_v3/urdf/test_d435i.urdf.xacro
/home/nathan/leo-rover-autonomous-exploration/install/leo_v3/share/leo_v3/urdf/materials.urdf.xacro
/home/nathan/leo-rover-autonomous-exploration/install/leo_v3/share/leo_v3/urdf/px150.urdf.xacro
/home/nathan/leo-rover-autonomous-exploration/install/leo_v3/share/leo_v3/urdf/d435i_imu_modules.urdf.xacro
/home/nathan/leo-rover-autonomous-exploration/install/leo_v3/share/leo_v3/urdf/px150_control.urdf.xacro
/home/nathan/leo-rover-autonomous-exploration/install/leo_v3/share/leo_v3/urdf/usb_plug.urdf.xacro
/home/nathan/leo-rover-autonomous-exploration/install/leo_v3/share/leo_v3/urdf/leo.gazebo.xacro
/home/nathan/leo-rover-autonomous-exploration/install/leo_v3/share/leo_v3/urdf/leo_proper.gazebo.xacro
/home/nathan/leo-rover-autonomous-exploration/install/leo_v3/share/leo_v3/rviz/leo_view.rviz
/home/nathan/leo-rover-autonomous-exploration/install/leo_v3/share/leo_v3/rviz/nav2.rviz
/home/nathan/leo-rover-autonomous-exploration/install/leo_v3/share/leo_v3/worlds/wall.dae
/home/nathan/leo-rover-autonomous-exploration/install/leo_v3/share/leo_v3/worlds/hexagon.dae
/home/nathan/leo-rover-autonomous-exploration/install/leo_v3/share/leo_v3/worlds/tb3.sdf
/home/nathan/leo-rover-autonomous-exploration/install/leo_v3/share/leo_v3/config/px150.yaml
/home/nathan/leo-rover-autonomous-exploration/install/leo_v3/share/leo_v3/config/px150_trajectory_controllers.yaml
/home/nathan/leo-rover-autonomous-exploration/install/leo_v3/share/leo_v3/maps
/home/nathan/leo-rover-autonomous-exploration/install/leo_v3/lib/python3.12/site-packages/leo_v3-0.0.0-py3.12.egg-info/dependency_links.txt
/home/nathan/leo-rover-autonomous-exploration/install/leo_v3/lib/python3.12/site-packages/leo_v3-0.0.0-py3.12.egg-info/SOURCES.txt
/home/nathan/leo-rover-autonomous-exploration/install/leo_v3/lib/python3.12/site-packages/leo_v3-0.0.0-py3.12.egg-info/entry_points.txt
/home/nathan/leo-rover-autonomous-exploration/install/leo_v3/lib/python3.12/site-packages/leo_v3-0.0.0-py3.12.egg-info/requires.txt
/home/nathan/leo-rover-autonomous-exploration/install/leo_v3/lib/python3.12/site-packages/leo_v3-0.0.0-py3.12.egg-info/top_level.txt
/home/nathan/leo-rover-autonomous-exploration/install/leo_v3/lib/python3.12/site-packages/leo_v3-0.0.0-py3.12.egg-info/zip-safe
/home/nathan/leo-rover-autonomous-exploration/install/leo_v3/lib/python3.12/site-packages/leo_v3-0.0.0-py3.12.egg-info/PKG-INFO
/home/nathan/leo-rover-autonomous-exploration/install/leo_v3/lib/leo_v3/manipulator_control_gui
/home/nathan/leo-rover-autonomous-exploration/install/leo_v3/lib/leo_v3/stretch_ignition_control_action_server
