[1.394s] Invoking command in '/home/nathan/leo-rover-autonomous-exploration/src/leo_description': DEBUGINFOD_URLS=https://debuginfod.ubuntu.com PYTHONPATH=/home/nathan/leo-rover-autonomous-exploration/build/leo_description/prefix_override:/usr/lib/python3/dist-packages/colcon_core/task/python/colcon_distutils_commands:/home/nathan/leo-rover-autonomous-exploration/install/leo_description/lib/python3.12/site-packages:${PYTHONPATH} /usr/bin/python3 -W ignore:setup.py install is deprecated -W ignore:easy_install command is deprecated setup.py egg_info --egg-base ../../build/leo_description build --build-base /home/nathan/leo-rover-autonomous-exploration/build/leo_description/build install --record /home/nathan/leo-rover-autonomous-exploration/build/leo_description/install.log --single-version-externally-managed install_data
[1.626s] running egg_info
[1.653s] writing ../../build/leo_description/leo_description.egg-info/PKG-INFO
[1.654s] writing dependency_links to ../../build/leo_description/leo_description.egg-info/dependency_links.txt
[1.654s] writing requirements to ../../build/leo_description/leo_description.egg-info/requires.txt
[1.654s] writing top-level names to ../../build/leo_description/leo_description.egg-info/top_level.txt
[1.688s] reading manifest file '../../build/leo_description/leo_description.egg-info/SOURCES.txt'
[1.688s] writing manifest file '../../build/leo_description/leo_description.egg-info/SOURCES.txt'
[1.689s] running build
[1.689s] running build_py
[1.689s] running install
[1.694s] running install_lib
[1.711s] running install_data
[1.712s] copying worlds/tb3.sdf -> /home/nathan/leo-rover-autonomous-exploration/install/leo_description/share/leo_description/worlds
[1.712s] running install_egg_info
[1.732s] removing '/home/nathan/leo-rover-autonomous-exploration/install/leo_description/lib/python3.12/site-packages/leo_description-0.0.0-py3.12.egg-info' (and everything under it)
[1.732s] Copying ../../build/leo_description/leo_description.egg-info to /home/nathan/leo-rover-autonomous-exploration/install/leo_description/lib/python3.12/site-packages/leo_description-0.0.0-py3.12.egg-info
[1.733s] running install_scripts
[1.857s] writing list of installed files to '/home/nathan/leo-rover-autonomous-exploration/build/leo_description/install.log'
[1.885s] Invoked command in '/home/nathan/leo-rover-autonomous-exploration/src/leo_description' returned '0': DEBUGINFOD_URLS=https://debuginfod.ubuntu.com PYTHONPATH=/home/nathan/leo-rover-autonomous-exploration/build/leo_description/prefix_override:/usr/lib/python3/dist-packages/colcon_core/task/python/colcon_distutils_commands:/home/nathan/leo-rover-autonomous-exploration/install/leo_description/lib/python3.12/site-packages:${PYTHONPATH} /usr/bin/python3 -W ignore:setup.py install is deprecated -W ignore:easy_install command is deprecated setup.py egg_info --egg-base ../../build/leo_description build --build-base /home/nathan/leo-rover-autonomous-exploration/build/leo_description/build install --record /home/nathan/leo-rover-autonomous-exploration/build/leo_description/install.log --single-version-externally-managed install_data
