[1.304s] Invoking command in '/home/nathan/leo-rover-autonomous-exploration/src/leo_v2': DEBUGINFOD_URLS=https://debuginfod.ubuntu.com PYTHONPATH=/home/nathan/leo-rover-autonomous-exploration/build/leo_v2/prefix_override:/usr/lib/python3/dist-packages/colcon_core/task/python/colcon_distutils_commands:/home/nathan/leo-rover-autonomous-exploration/install/leo_v2/lib/python3.12/site-packages:${PYTHONPATH} /usr/bin/python3 -W ignore:setup.py install is deprecated -W ignore:easy_install command is deprecated setup.py egg_info --egg-base ../../build/leo_v2 build --build-base /home/nathan/leo-rover-autonomous-exploration/build/leo_v2/build install --record /home/nathan/leo-rover-autonomous-exploration/build/leo_v2/install.log --single-version-externally-managed install_data
[1.512s] running egg_info
[1.512s] creating ../../build/leo_v2/leo_v2.egg-info
[1.526s] writing ../../build/leo_v2/leo_v2.egg-info/PKG-INFO
[1.526s] writing dependency_links to ../../build/leo_v2/leo_v2.egg-info/dependency_links.txt
[1.526s] writing entry points to ../../build/leo_v2/leo_v2.egg-info/entry_points.txt
[1.526s] writing requirements to ../../build/leo_v2/leo_v2.egg-info/requires.txt
[1.526s] writing top-level names to ../../build/leo_v2/leo_v2.egg-info/top_level.txt
[1.527s] writing manifest file '../../build/leo_v2/leo_v2.egg-info/SOURCES.txt'
[1.556s] reading manifest file '../../build/leo_v2/leo_v2.egg-info/SOURCES.txt'
[1.557s] writing manifest file '../../build/leo_v2/leo_v2.egg-info/SOURCES.txt'
[1.557s] running build
[1.557s] running build_py
[1.557s] creating /home/nathan/leo-rover-autonomous-exploration/build/leo_v2/build
[1.557s] creating /home/nathan/leo-rover-autonomous-exploration/build/leo_v2/build/lib
[1.558s] creating /home/nathan/leo-rover-autonomous-exploration/build/leo_v2/build/lib/leo_v2
[1.558s] copying leo_v2/__init__.py -> /home/nathan/leo-rover-autonomous-exploration/build/leo_v2/build/lib/leo_v2
[1.558s] copying leo_v2/map_saver.py -> /home/nathan/leo-rover-autonomous-exploration/build/leo_v2/build/lib/leo_v2
[1.558s] running install
[1.563s] running install_lib
[1.580s] creating /home/nathan/leo-rover-autonomous-exploration/install/leo_v2/lib/python3.12/site-packages/leo_v2
[1.580s] copying /home/nathan/leo-rover-autonomous-exploration/build/leo_v2/build/lib/leo_v2/__init__.py -> /home/nathan/leo-rover-autonomous-exploration/install/leo_v2/lib/python3.12/site-packages/leo_v2
[1.580s] copying /home/nathan/leo-rover-autonomous-exploration/build/leo_v2/build/lib/leo_v2/map_saver.py -> /home/nathan/leo-rover-autonomous-exploration/install/leo_v2/lib/python3.12/site-packages/leo_v2
[1.580s] byte-compiling /home/nathan/leo-rover-autonomous-exploration/install/leo_v2/lib/python3.12/site-packages/leo_v2/__init__.py to __init__.cpython-312.pyc
[1.580s] byte-compiling /home/nathan/leo-rover-autonomous-exploration/install/leo_v2/lib/python3.12/site-packages/leo_v2/map_saver.py to map_saver.cpython-312.pyc
[1.581s] running install_data
[1.581s] creating /home/nathan/leo-rover-autonomous-exploration/install/leo_v2/share/ament_index
[1.581s] creating /home/nathan/leo-rover-autonomous-exploration/install/leo_v2/share/ament_index/resource_index
[1.581s] creating /home/nathan/leo-rover-autonomous-exploration/install/leo_v2/share/ament_index/resource_index/packages
[1.582s] copying resource/leo_v2 -> /home/nathan/leo-rover-autonomous-exploration/install/leo_v2/share/ament_index/resource_index/packages
[1.582s] copying package.xml -> /home/nathan/leo-rover-autonomous-exploration/install/leo_v2/share/leo_v2
[1.582s] creating /home/nathan/leo-rover-autonomous-exploration/install/leo_v2/share/leo_v2/launch
[1.582s] copying launch/leo_autonav.launch.py -> /home/nathan/leo-rover-autonomous-exploration/install/leo_v2/share/leo_v2/launch
[1.582s] creating /home/nathan/leo-rover-autonomous-exploration/install/leo_v2/share/leo_v2/config
[1.582s] copying config/controller.yaml -> /home/nathan/leo-rover-autonomous-exploration/install/leo_v2/share/leo_v2/config
[1.582s] copying config/planner.yaml -> /home/nathan/leo-rover-autonomous-exploration/install/leo_v2/share/leo_v2/config
[1.582s] copying config/bt_nav.yaml -> /home/nathan/leo-rover-autonomous-exploration/install/leo_v2/share/leo_v2/config
[1.583s] creating /home/nathan/leo-rover-autonomous-exploration/install/leo_v2/share/leo_v2/maps
[1.583s] creating /home/nathan/leo-rover-autonomous-exploration/install/leo_v2/share/leo_v2/behavior_tree_xml
[1.583s] copying behavior_tree_xml/modified.xml -> /home/nathan/leo-rover-autonomous-exploration/install/leo_v2/share/leo_v2/behavior_tree_xml
[1.583s] copying behavior_tree_xml/nav_to_pose_with_consistent_replanning_and_if_path_becomes_invalid.xml -> /home/nathan/leo-rover-autonomous-exploration/install/leo_v2/share/leo_v2/behavior_tree_xml
[1.583s] running install_egg_info
[1.599s] Copying ../../build/leo_v2/leo_v2.egg-info to /home/nathan/leo-rover-autonomous-exploration/install/leo_v2/lib/python3.12/site-packages/leo_v2-0.0.0-py3.12.egg-info
[1.599s] running install_scripts
[1.706s] Installing map_saver script to /home/nathan/leo-rover-autonomous-exploration/install/leo_v2/lib/leo_v2
[1.707s] writing list of installed files to '/home/nathan/leo-rover-autonomous-exploration/build/leo_v2/install.log'
[1.740s] Invoked command in '/home/nathan/leo-rover-autonomous-exploration/src/leo_v2' returned '0': DEBUGINFOD_URLS=https://debuginfod.ubuntu.com PYTHONPATH=/home/nathan/leo-rover-autonomous-exploration/build/leo_v2/prefix_override:/usr/lib/python3/dist-packages/colcon_core/task/python/colcon_distutils_commands:/home/nathan/leo-rover-autonomous-exploration/install/leo_v2/lib/python3.12/site-packages:${PYTHONPATH} /usr/bin/python3 -W ignore:setup.py install is deprecated -W ignore:easy_install command is deprecated setup.py egg_info --egg-base ../../build/leo_v2 build --build-base /home/nathan/leo-rover-autonomous-exploration/build/leo_v2/build install --record /home/nathan/leo-rover-autonomous-exploration/build/leo_v2/install.log --single-version-externally-managed install_data
