[ 20%] Built target gtest_main
[ 40%] Built target gtest
[ 60%] Built target test_explore
[ 70%] [32mBuilding CXX object CMakeFiles/explore.dir/src/explore.cpp.o[0m
[ 80%] [32m[1mLinking CXX executable explore[0m
[100%] Built target explore
-- Install configuration: ""
-- Installing: /home/nathan/leo-rover-autonomous-exploration/install/leo_explorer/include/explore/
-- Installing: /home/nathan/leo-rover-autonomous-exploration/install/leo_explorer/include/explore//frontier_search.h
-- Installing: /home/nathan/leo-rover-autonomous-exploration/install/leo_explorer/include/explore//costmap_tools.h
-- Installing: /home/nathan/leo-rover-autonomous-exploration/install/leo_explorer/include/explore//explore.h
-- Installing: /home/nathan/leo-rover-autonomous-exploration/install/leo_explorer/include/explore//costmap_client.h
-- Installing: /home/nathan/leo-rover-autonomous-exploration/install/leo_explorer/share/leo_explorer/config
-- Installing: /home/nathan/leo-rover-autonomous-exploration/install/leo_explorer/share/leo_explorer/config/params_costmap.yaml
-- Installing: /home/nathan/leo-rover-autonomous-exploration/install/leo_explorer/share/leo_explorer/config/params.yaml
-- Installing: /home/nathan/leo-rover-autonomous-exploration/install/leo_explorer/share/leo_explorer/launch
-- Installing: /home/nathan/leo-rover-autonomous-exploration/install/leo_explorer/share/leo_explorer/launch/explore.launch.py
-- Installing: /home/nathan/leo-rover-autonomous-exploration/install/leo_explorer/lib/leo_explorer/explore
-- Set non-toolchain portion of runtime path of "/home/nathan/leo-rover-autonomous-exploration/install/leo_explorer/lib/leo_explorer/explore" to ""
-- Installing: /home/nathan/leo-rover-autonomous-exploration/install/leo_explorer/share/ament_index/resource_index/package_run_dependencies/leo_explorer
-- Installing: /home/nathan/leo-rover-autonomous-exploration/install/leo_explorer/share/ament_index/resource_index/parent_prefix_path/leo_explorer
-- Installing: /home/nathan/leo-rover-autonomous-exploration/install/leo_explorer/share/leo_explorer/environment/ament_prefix_path.sh
-- Installing: /home/nathan/leo-rover-autonomous-exploration/install/leo_explorer/share/leo_explorer/environment/ament_prefix_path.dsv
-- Installing: /home/nathan/leo-rover-autonomous-exploration/install/leo_explorer/share/leo_explorer/environment/path.sh
-- Installing: /home/nathan/leo-rover-autonomous-exploration/install/leo_explorer/share/leo_explorer/environment/path.dsv
-- Installing: /home/nathan/leo-rover-autonomous-exploration/install/leo_explorer/share/leo_explorer/local_setup.bash
-- Installing: /home/nathan/leo-rover-autonomous-exploration/install/leo_explorer/share/leo_explorer/local_setup.sh
-- Installing: /home/nathan/leo-rover-autonomous-exploration/install/leo_explorer/share/leo_explorer/local_setup.zsh
-- Installing: /home/nathan/leo-rover-autonomous-exploration/install/leo_explorer/share/leo_explorer/local_setup.dsv
-- Installing: /home/nathan/leo-rover-autonomous-exploration/install/leo_explorer/share/leo_explorer/package.dsv
-- Installing: /home/nathan/leo-rover-autonomous-exploration/install/leo_explorer/share/ament_index/resource_index/packages/leo_explorer
-- Installing: /home/nathan/leo-rover-autonomous-exploration/install/leo_explorer/share/leo_explorer/cmake/ament_cmake_export_include_directories-extras.cmake
-- Installing: /home/nathan/leo-rover-autonomous-exploration/install/leo_explorer/share/leo_explorer/cmake/leo_explorerConfig.cmake
-- Installing: /home/nathan/leo-rover-autonomous-exploration/install/leo_explorer/share/leo_explorer/cmake/leo_explorerConfig-version.cmake
-- Installing: /home/nathan/leo-rover-autonomous-exploration/install/leo_explorer/share/leo_explorer/package.xml
