[0.010s] Invoking command in '/home/nathan/leo-rover-autonomous-exploration/build/leo_explorer': CMAKE_PREFIX_PATH=${CMAKE_PREFIX_PATH}:/opt/ros/jazzy DEBUGINFOD_URLS=https://debuginfod.ubuntu.com /usr/bin/cmake --build /home/nathan/leo-rover-autonomous-exploration/build/leo_explorer -- -j20 -l20
[0.067s] [ 20%] Built target gtest_main
[0.071s] [ 40%] Built target gtest
[0.096s] [ 60%] Built target test_explore
[0.104s] [ 70%] [32mBuilding CXX object CMakeFiles/explore.dir/src/explore.cpp.o[0m
[9.212s] [ 80%] [32m[1mLinking CXX executable explore[0m
[10.302s] [100%] Built target explore
[10.313s] Invoked command in '/home/nathan/leo-rover-autonomous-exploration/build/leo_explorer' returned '0': CMAKE_PREFIX_PATH=${CMAKE_PREFIX_PATH}:/opt/ros/jazzy DEBUGINFOD_URLS=https://debuginfod.ubuntu.com /usr/bin/cmake --build /home/nathan/leo-rover-autonomous-exploration/build/leo_explorer -- -j20 -l20
[10.321s] Invoking command in '/home/nathan/leo-rover-autonomous-exploration/build/leo_explorer': CMAKE_PREFIX_PATH=${CMAKE_PREFIX_PATH}:/opt/ros/jazzy DEBUGINFOD_URLS=https://debuginfod.ubuntu.com /usr/bin/cmake --install /home/nathan/leo-rover-autonomous-exploration/build/leo_explorer
[10.328s] -- Install configuration: ""
[10.328s] -- Installing: /home/nathan/leo-rover-autonomous-exploration/install/leo_explorer/include/explore/
[10.328s] -- Installing: /home/nathan/leo-rover-autonomous-exploration/install/leo_explorer/include/explore//frontier_search.h
[10.328s] -- Installing: /home/nathan/leo-rover-autonomous-exploration/install/leo_explorer/include/explore//costmap_tools.h
[10.328s] -- Installing: /home/nathan/leo-rover-autonomous-exploration/install/leo_explorer/include/explore//explore.h
[10.328s] -- Installing: /home/nathan/leo-rover-autonomous-exploration/install/leo_explorer/include/explore//costmap_client.h
[10.328s] -- Installing: /home/nathan/leo-rover-autonomous-exploration/install/leo_explorer/share/leo_explorer/config
[10.328s] -- Installing: /home/nathan/leo-rover-autonomous-exploration/install/leo_explorer/share/leo_explorer/config/params_costmap.yaml
[10.328s] -- Installing: /home/nathan/leo-rover-autonomous-exploration/install/leo_explorer/share/leo_explorer/config/params.yaml
[10.328s] -- Installing: /home/nathan/leo-rover-autonomous-exploration/install/leo_explorer/share/leo_explorer/launch
[10.329s] -- Installing: /home/nathan/leo-rover-autonomous-exploration/install/leo_explorer/share/leo_explorer/launch/explore.launch.py
[10.329s] -- Installing: /home/nathan/leo-rover-autonomous-exploration/install/leo_explorer/lib/leo_explorer/explore
[10.336s] -- Set non-toolchain portion of runtime path of "/home/nathan/leo-rover-autonomous-exploration/install/leo_explorer/lib/leo_explorer/explore" to ""
[10.336s] -- Installing: /home/nathan/leo-rover-autonomous-exploration/install/leo_explorer/share/ament_index/resource_index/package_run_dependencies/leo_explorer
[10.336s] -- Installing: /home/nathan/leo-rover-autonomous-exploration/install/leo_explorer/share/ament_index/resource_index/parent_prefix_path/leo_explorer
[10.336s] -- Installing: /home/nathan/leo-rover-autonomous-exploration/install/leo_explorer/share/leo_explorer/environment/ament_prefix_path.sh
[10.336s] -- Installing: /home/nathan/leo-rover-autonomous-exploration/install/leo_explorer/share/leo_explorer/environment/ament_prefix_path.dsv
[10.336s] -- Installing: /home/nathan/leo-rover-autonomous-exploration/install/leo_explorer/share/leo_explorer/environment/path.sh
[10.336s] -- Installing: /home/nathan/leo-rover-autonomous-exploration/install/leo_explorer/share/leo_explorer/environment/path.dsv
[10.336s] -- Installing: /home/nathan/leo-rover-autonomous-exploration/install/leo_explorer/share/leo_explorer/local_setup.bash
[10.336s] -- Installing: /home/nathan/leo-rover-autonomous-exploration/install/leo_explorer/share/leo_explorer/local_setup.sh
[10.336s] -- Installing: /home/nathan/leo-rover-autonomous-exploration/install/leo_explorer/share/leo_explorer/local_setup.zsh
[10.336s] -- Installing: /home/nathan/leo-rover-autonomous-exploration/install/leo_explorer/share/leo_explorer/local_setup.dsv
[10.336s] -- Installing: /home/nathan/leo-rover-autonomous-exploration/install/leo_explorer/share/leo_explorer/package.dsv
[10.336s] -- Installing: /home/nathan/leo-rover-autonomous-exploration/install/leo_explorer/share/ament_index/resource_index/packages/leo_explorer
[10.337s] -- Installing: /home/nathan/leo-rover-autonomous-exploration/install/leo_explorer/share/leo_explorer/cmake/ament_cmake_export_include_directories-extras.cmake
[10.337s] -- Installing: /home/nathan/leo-rover-autonomous-exploration/install/leo_explorer/share/leo_explorer/cmake/leo_explorerConfig.cmake
[10.337s] -- Installing: /home/nathan/leo-rover-autonomous-exploration/install/leo_explorer/share/leo_explorer/cmake/leo_explorerConfig-version.cmake
[10.337s] -- Installing: /home/nathan/leo-rover-autonomous-exploration/install/leo_explorer/share/leo_explorer/package.xml
[10.338s] Invoked command in '/home/nathan/leo-rover-autonomous-exploration/build/leo_explorer' returned '0': CMAKE_PREFIX_PATH=${CMAKE_PREFIX_PATH}:/opt/ros/jazzy DEBUGINFOD_URLS=https://debuginfod.ubuntu.com /usr/bin/cmake --install /home/nathan/leo-rover-autonomous-exploration/build/leo_explorer
