[1.309s] Invoking command in '/home/nathan/leo-rover-autonomous-exploration/src/leo_v3': DEBUGINFOD_URLS=https://debuginfod.ubuntu.com PYTHONPATH=/home/nathan/leo-rover-autonomous-exploration/build/leo_v3/prefix_override:/usr/lib/python3/dist-packages/colcon_core/task/python/colcon_distutils_commands:/home/nathan/leo-rover-autonomous-exploration/install/leo_v3/lib/python3.12/site-packages:${PYTHONPATH} /usr/bin/python3 -W ignore:setup.py install is deprecated -W ignore:easy_install command is deprecated setup.py egg_info --egg-base ../../build/leo_v3 build --build-base /home/nathan/leo-rover-autonomous-exploration/build/leo_v3/build install --record /home/nathan/leo-rover-autonomous-exploration/build/leo_v3/install.log --single-version-externally-managed install_data
[1.590s] running egg_info
[1.590s] creating ../../build/leo_v3/leo_v3.egg-info
[1.614s] writing ../../build/leo_v3/leo_v3.egg-info/PKG-INFO
[1.614s] writing dependency_links to ../../build/leo_v3/leo_v3.egg-info/dependency_links.txt
[1.614s] writing entry points to ../../build/leo_v3/leo_v3.egg-info/entry_points.txt
[1.614s] writing requirements to ../../build/leo_v3/leo_v3.egg-info/requires.txt
[1.614s] writing top-level names to ../../build/leo_v3/leo_v3.egg-info/top_level.txt
[1.614s] writing manifest file '../../build/leo_v3/leo_v3.egg-info/SOURCES.txt'
[1.646s] reading manifest file '../../build/leo_v3/leo_v3.egg-info/SOURCES.txt'
[1.647s] writing manifest file '../../build/leo_v3/leo_v3.egg-info/SOURCES.txt'
[1.647s] running build
[1.647s] running build_py
[1.647s] creating /home/nathan/leo-rover-autonomous-exploration/build/leo_v3/build
[1.647s] creating /home/nathan/leo-rover-autonomous-exploration/build/leo_v3/build/lib
[1.647s] creating /home/nathan/leo-rover-autonomous-exploration/build/leo_v3/build/lib/leo_v3
[1.648s] copying leo_v3/__init__.py -> /home/nathan/leo-rover-autonomous-exploration/build/leo_v3/build/lib/leo_v3
[1.648s] copying leo_v3/manipulator_control_gui.py -> /home/nathan/leo-rover-autonomous-exploration/build/leo_v3/build/lib/leo_v3
[1.648s] running install
[1.653s] running install_lib
[1.669s] creating /home/nathan/leo-rover-autonomous-exploration/install/leo_v3/lib/python3.12/site-packages/leo_v3
[1.669s] copying /home/nathan/leo-rover-autonomous-exploration/build/leo_v3/build/lib/leo_v3/__init__.py -> /home/nathan/leo-rover-autonomous-exploration/install/leo_v3/lib/python3.12/site-packages/leo_v3
[1.669s] copying /home/nathan/leo-rover-autonomous-exploration/build/leo_v3/build/lib/leo_v3/manipulator_control_gui.py -> /home/nathan/leo-rover-autonomous-exploration/install/leo_v3/lib/python3.12/site-packages/leo_v3
[1.670s] byte-compiling /home/nathan/leo-rover-autonomous-exploration/install/leo_v3/lib/python3.12/site-packages/leo_v3/__init__.py to __init__.cpython-312.pyc
[1.670s] byte-compiling /home/nathan/leo-rover-autonomous-exploration/install/leo_v3/lib/python3.12/site-packages/leo_v3/manipulator_control_gui.py to manipulator_control_gui.cpython-312.pyc
[1.672s] running install_data
[1.672s] creating /home/nathan/leo-rover-autonomous-exploration/install/leo_v3/share/ament_index
[1.672s] creating /home/nathan/leo-rover-autonomous-exploration/install/leo_v3/share/ament_index/resource_index
[1.672s] creating /home/nathan/leo-rover-autonomous-exploration/install/leo_v3/share/ament_index/resource_index/packages
[1.672s] copying resource/leo_v3 -> /home/nathan/leo-rover-autonomous-exploration/install/leo_v3/share/ament_index/resource_index/packages
[1.673s] copying package.xml -> /home/nathan/leo-rover-autonomous-exploration/install/leo_v3/share/leo_v3
[1.673s] creating /home/nathan/leo-rover-autonomous-exploration/install/leo_v3/share/leo_v3/launch
[1.673s] copying launch/px150_gz.launch.py -> /home/nathan/leo-rover-autonomous-exploration/install/leo_v3/share/leo_v3/launch
[1.673s] copying launch/px150_rviz.launch.py -> /home/nathan/leo-rover-autonomous-exploration/install/leo_v3/share/leo_v3/launch
[1.673s] copying launch/leo_gz.launch.py -> /home/nathan/leo-rover-autonomous-exploration/install/leo_v3/share/leo_v3/launch
[1.673s] creating /home/nathan/leo-rover-autonomous-exploration/install/leo_v3/share/leo_v3/models
[1.673s] copying models/Rocker.dae -> /home/nathan/leo-rover-autonomous-exploration/install/leo_v3/share/leo_v3/models
[1.674s] copying models/Antenna.dae -> /home/nathan/leo-rover-autonomous-exploration/install/leo_v3/share/leo_v3/models
[1.674s] copying models/Rocker_outline.stl -> /home/nathan/leo-rover-autonomous-exploration/install/leo_v3/share/leo_v3/models
[1.675s] copying models/WheelA.dae -> /home/nathan/leo-rover-autonomous-exploration/install/leo_v3/share/leo_v3/models
[1.676s] copying models/Chassis_outline.stl -> /home/nathan/leo-rover-autonomous-exploration/install/leo_v3/share/leo_v3/models
[1.676s] copying models/Chassis.dae -> /home/nathan/leo-rover-autonomous-exploration/install/leo_v3/share/leo_v3/models
[1.683s] copying models/WheelB.dae -> /home/nathan/leo-rover-autonomous-exploration/install/leo_v3/share/leo_v3/models
[1.684s] copying models/Wheel_outline.stl -> /home/nathan/leo-rover-autonomous-exploration/install/leo_v3/share/leo_v3/models
[1.684s] creating /home/nathan/leo-rover-autonomous-exploration/install/leo_v3/share/leo_v3/meshes
[1.684s] copying meshes/camera_mount2.2_1.stl -> /home/nathan/leo-rover-autonomous-exploration/install/leo_v3/share/leo_v3/meshes
[1.685s] copying meshes/base_plate.dae -> /home/nathan/leo-rover-autonomous-exploration/install/leo_v3/share/leo_v3/meshes
[1.685s] copying meshes/plug_collision.stl -> /home/nathan/leo-rover-autonomous-exploration/install/leo_v3/share/leo_v3/meshes
[1.685s] copying meshes/camera_mount1.2_1.stl -> /home/nathan/leo-rover-autonomous-exploration/install/leo_v3/share/leo_v3/meshes
[1.685s] copying meshes/manipulator_camera_1.stl -> /home/nathan/leo-rover-autonomous-exploration/install/leo_v3/share/leo_v3/meshes
[1.685s] copying meshes/camera_mount.dae -> /home/nathan/leo-rover-autonomous-exploration/install/leo_v3/share/leo_v3/meshes
[1.685s] copying meshes/endeffector_right_1.stl -> /home/nathan/leo-rover-autonomous-exploration/install/leo_v3/share/leo_v3/meshes
[1.686s] copying meshes/manipulator_shoulder_1.stl -> /home/nathan/leo-rover-autonomous-exploration/install/leo_v3/share/leo_v3/meshes
[1.686s] copying meshes/manipulator_wrist_1.stl -> /home/nathan/leo-rover-autonomous-exploration/install/leo_v3/share/leo_v3/meshes
[1.686s] copying meshes/endeffector_left_1.stl -> /home/nathan/leo-rover-autonomous-exploration/install/leo_v3/share/leo_v3/meshes
[1.686s] copying meshes/lidar_1.dae -> /home/nathan/leo-rover-autonomous-exploration/install/leo_v3/share/leo_v3/meshes
[1.686s] copying meshes/manipulator_link1_1.stl -> /home/nathan/leo-rover-autonomous-exploration/install/leo_v3/share/leo_v3/meshes
[1.686s] copying meshes/manipulator_link2_1.stl -> /home/nathan/leo-rover-autonomous-exploration/install/leo_v3/share/leo_v3/meshes
[1.686s] copying meshes/Lidar_mount_1.dae -> /home/nathan/leo-rover-autonomous-exploration/install/leo_v3/share/leo_v3/meshes
[1.687s] copying meshes/NUC_1.stl -> /home/nathan/leo-rover-autonomous-exploration/install/leo_v3/share/leo_v3/meshes
[1.688s] copying meshes/manipulator_base_1.stl -> /home/nathan/leo-rover-autonomous-exploration/install/leo_v3/share/leo_v3/meshes
[1.688s] copying meshes/lidar_1.stl -> /home/nathan/leo-rover-autonomous-exploration/install/leo_v3/share/leo_v3/meshes
[1.689s] copying meshes/depth_cam.dae -> /home/nathan/leo-rover-autonomous-exploration/install/leo_v3/share/leo_v3/meshes
[1.689s] copying meshes/camera_mount2.1_1.stl -> /home/nathan/leo-rover-autonomous-exploration/install/leo_v3/share/leo_v3/meshes
[1.690s] copying meshes/Lidar_mount_1.stl -> /home/nathan/leo-rover-autonomous-exploration/install/leo_v3/share/leo_v3/meshes
[1.690s] copying meshes/d435.dae -> /home/nathan/leo-rover-autonomous-exploration/install/leo_v3/share/leo_v3/meshes
[1.698s] copying meshes/base_link.stl -> /home/nathan/leo-rover-autonomous-exploration/install/leo_v3/share/leo_v3/meshes
[1.698s] copying meshes/camera_mount1.1_1.stl -> /home/nathan/leo-rover-autonomous-exploration/install/leo_v3/share/leo_v3/meshes
[1.699s] copying meshes/plug.stl -> /home/nathan/leo-rover-autonomous-exploration/install/leo_v3/share/leo_v3/meshes
[1.699s] copying meshes/NUC.dae -> /home/nathan/leo-rover-autonomous-exploration/install/leo_v3/share/leo_v3/meshes
[1.703s] copying meshes/fixed_camera_1.stl -> /home/nathan/leo-rover-autonomous-exploration/install/leo_v3/share/leo_v3/meshes
[1.703s] creating /home/nathan/leo-rover-autonomous-exploration/install/leo_v3/share/leo_v3/px150_meshes
[1.703s] copying px150_meshes/upper_arm.stl -> /home/nathan/leo-rover-autonomous-exploration/install/leo_v3/share/leo_v3/px150_meshes
[1.704s] copying px150_meshes/wrist.stl -> /home/nathan/leo-rover-autonomous-exploration/install/leo_v3/share/leo_v3/px150_meshes
[1.704s] copying px150_meshes/gripper_finger.stl -> /home/nathan/leo-rover-autonomous-exploration/install/leo_v3/share/leo_v3/px150_meshes
[1.704s] copying px150_meshes/base.stl -> /home/nathan/leo-rover-autonomous-exploration/install/leo_v3/share/leo_v3/px150_meshes
[1.704s] copying px150_meshes/gripper_bar.stl -> /home/nathan/leo-rover-autonomous-exploration/install/leo_v3/share/leo_v3/px150_meshes
[1.704s] copying px150_meshes/forearm.stl -> /home/nathan/leo-rover-autonomous-exploration/install/leo_v3/share/leo_v3/px150_meshes
[1.705s] copying px150_meshes/gripper.stl -> /home/nathan/leo-rover-autonomous-exploration/install/leo_v3/share/leo_v3/px150_meshes
[1.705s] copying px150_meshes/gripper_prop.stl -> /home/nathan/leo-rover-autonomous-exploration/install/leo_v3/share/leo_v3/px150_meshes
[1.705s] copying px150_meshes/shoulder.stl -> /home/nathan/leo-rover-autonomous-exploration/install/leo_v3/share/leo_v3/px150_meshes
[1.705s] creating /home/nathan/leo-rover-autonomous-exploration/install/leo_v3/share/leo_v3/urdf
[1.705s] copying urdf/leo.urdf.xacro -> /home/nathan/leo-rover-autonomous-exploration/install/leo_v3/share/leo_v3/urdf
[1.705s] copying urdf/px150_gazebo_configs.urdf.xacro -> /home/nathan/leo-rover-autonomous-exploration/install/leo_v3/share/leo_v3/urdf
[1.705s] copying urdf/d435.urdf.xacro -> /home/nathan/leo-rover-autonomous-exploration/install/leo_v3/share/leo_v3/urdf
[1.706s] copying urdf/d435i.urdf.xacro -> /home/nathan/leo-rover-autonomous-exploration/install/leo_v3/share/leo_v3/urdf
[1.706s] copying urdf/test_d435i.urdf.xacro -> /home/nathan/leo-rover-autonomous-exploration/install/leo_v3/share/leo_v3/urdf
[1.706s] copying urdf/materials.urdf.xacro -> /home/nathan/leo-rover-autonomous-exploration/install/leo_v3/share/leo_v3/urdf
[1.706s] copying urdf/px150.urdf.xacro -> /home/nathan/leo-rover-autonomous-exploration/install/leo_v3/share/leo_v3/urdf
[1.706s] copying urdf/d435i_imu_modules.urdf.xacro -> /home/nathan/leo-rover-autonomous-exploration/install/leo_v3/share/leo_v3/urdf
[1.706s] copying urdf/px150_control.urdf.xacro -> /home/nathan/leo-rover-autonomous-exploration/install/leo_v3/share/leo_v3/urdf
[1.706s] copying urdf/usb_plug.urdf.xacro -> /home/nathan/leo-rover-autonomous-exploration/install/leo_v3/share/leo_v3/urdf
[1.706s] copying urdf/leo.gazebo.xacro -> /home/nathan/leo-rover-autonomous-exploration/install/leo_v3/share/leo_v3/urdf
[1.707s] copying urdf/leo_proper.gazebo.xacro -> /home/nathan/leo-rover-autonomous-exploration/install/leo_v3/share/leo_v3/urdf
[1.707s] creating /home/nathan/leo-rover-autonomous-exploration/install/leo_v3/share/leo_v3/rviz
[1.707s] copying rviz/leo_view.rviz -> /home/nathan/leo-rover-autonomous-exploration/install/leo_v3/share/leo_v3/rviz
[1.707s] copying rviz/nav2.rviz -> /home/nathan/leo-rover-autonomous-exploration/install/leo_v3/share/leo_v3/rviz
[1.707s] creating /home/nathan/leo-rover-autonomous-exploration/install/leo_v3/share/leo_v3/worlds
[1.707s] copying worlds/meshes/wall.dae -> /home/nathan/leo-rover-autonomous-exploration/install/leo_v3/share/leo_v3/worlds
[1.707s] copying worlds/meshes/hexagon.dae -> /home/nathan/leo-rover-autonomous-exploration/install/leo_v3/share/leo_v3/worlds
[1.707s] copying worlds/tb3.sdf -> /home/nathan/leo-rover-autonomous-exploration/install/leo_v3/share/leo_v3/worlds
[1.707s] creating /home/nathan/leo-rover-autonomous-exploration/install/leo_v3/share/leo_v3/config
[1.708s] copying config/px150.yaml -> /home/nathan/leo-rover-autonomous-exploration/install/leo_v3/share/leo_v3/config
[1.708s] copying config/px150_trajectory_controllers.yaml -> /home/nathan/leo-rover-autonomous-exploration/install/leo_v3/share/leo_v3/config
[1.708s] creating /home/nathan/leo-rover-autonomous-exploration/install/leo_v3/share/leo_v3/maps
[1.708s] running install_egg_info
[1.723s] Copying ../../build/leo_v3/leo_v3.egg-info to /home/nathan/leo-rover-autonomous-exploration/install/leo_v3/lib/python3.12/site-packages/leo_v3-0.0.0-py3.12.egg-info
[1.723s] running install_scripts
[1.822s] Installing manipulator_control_gui script to /home/nathan/leo-rover-autonomous-exploration/install/leo_v3/lib/leo_v3
[1.822s] Installing stretch_ignition_control_action_server script to /home/nathan/leo-rover-autonomous-exploration/install/leo_v3/lib/leo_v3
[1.822s] writing list of installed files to '/home/nathan/leo-rover-autonomous-exploration/build/leo_v3/install.log'
[1.841s] Invoked command in '/home/nathan/leo-rover-autonomous-exploration/src/leo_v3' returned '0': DEBUGINFOD_URLS=https://debuginfod.ubuntu.com PYTHONPATH=/home/nathan/leo-rover-autonomous-exploration/build/leo_v3/prefix_override:/usr/lib/python3/dist-packages/colcon_core/task/python/colcon_distutils_commands:/home/nathan/leo-rover-autonomous-exploration/install/leo_v3/lib/python3.12/site-packages:${PYTHONPATH} /usr/bin/python3 -W ignore:setup.py install is deprecated -W ignore:easy_install command is deprecated setup.py egg_info --egg-base ../../build/leo_v3 build --build-base /home/nathan/leo-rover-autonomous-exploration/build/leo_v3/build install --record /home/nathan/leo-rover-autonomous-exploration/build/leo_v3/install.log --single-version-externally-managed install_data
