[1.622s] Invoking command in '/home/nathan/leo-rover-autonomous-exploration/src/leo_v1': DEBUGINFOD_URLS=https://debuginfod.ubuntu.com PYTHONPATH=/home/nathan/leo-rover-autonomous-exploration/build/leo_v1/prefix_override:/usr/lib/python3/dist-packages/colcon_core/task/python/colcon_distutils_commands:/home/nathan/leo-rover-autonomous-exploration/install/leo_v1/lib/python3.12/site-packages:${PYTHONPATH} /usr/bin/python3 -W ignore:setup.py install is deprecated -W ignore:easy_install command is deprecated setup.py egg_info --egg-base ../../build/leo_v1 build --build-base /home/nathan/leo-rover-autonomous-exploration/build/leo_v1/build install --record /home/nathan/leo-rover-autonomous-exploration/build/leo_v1/install.log --single-version-externally-managed install_data
[1.804s] /home/nathan/.local/lib/python3.12/site-packages/setuptools/_distutils/dist.py:261: UserWarning: Unknown distribution option: 'tests_require'
[1.804s]   warnings.warn(msg)
[1.944s] running egg_info
[1.966s] writing ../../build/leo_v1/leo_v1.egg-info/PKG-INFO
[1.966s] writing dependency_links to ../../build/leo_v1/leo_v1.egg-info/dependency_links.txt
[1.966s] writing requirements to ../../build/leo_v1/leo_v1.egg-info/requires.txt
[1.966s] writing top-level names to ../../build/leo_v1/leo_v1.egg-info/top_level.txt
[2.015s] reading manifest file '../../build/leo_v1/leo_v1.egg-info/SOURCES.txt'
[2.016s] writing manifest file '../../build/leo_v1/leo_v1.egg-info/SOURCES.txt'
[2.016s] running build
[2.016s] running build_py
[2.016s] copying leo_v1/__init__.py -> /home/nathan/leo-rover-autonomous-exploration/build/leo_v1/build/lib/leo_v1
[2.016s] running install
[2.022s] running install_lib
[2.047s] running install_data
[2.047s] copying resource/leo_v1 -> /home/nathan/leo-rover-autonomous-exploration/install/leo_v1/share/ament_index/resource_index/packages
[2.047s] copying package.xml -> /home/nathan/leo-rover-autonomous-exploration/install/leo_v1/share/leo_v1
[2.047s] copying launch/leo_v1_sim.launch.py -> /home/nathan/leo-rover-autonomous-exploration/install/leo_v1/share/leo_v1/launch
[2.047s] copying config/twist_mux_params.yaml -> /home/nathan/leo-rover-autonomous-exploration/install/leo_v1/share/leo_v1/config
[2.047s] running install_egg_info
[2.070s] removing '/home/nathan/leo-rover-autonomous-exploration/install/leo_v1/lib/python3.12/site-packages/leo_v1-0.0.0-py3.12.egg-info' (and everything under it)
[2.071s] Copying ../../build/leo_v1/leo_v1.egg-info to /home/nathan/leo-rover-autonomous-exploration/install/leo_v1/lib/python3.12/site-packages/leo_v1-0.0.0-py3.12.egg-info
[2.071s] running install_scripts
[2.200s] writing list of installed files to '/home/nathan/leo-rover-autonomous-exploration/build/leo_v1/install.log'
[2.229s] Invoked command in '/home/nathan/leo-rover-autonomous-exploration/src/leo_v1' returned '0': DEBUGINFOD_URLS=https://debuginfod.ubuntu.com PYTHONPATH=/home/nathan/leo-rover-autonomous-exploration/build/leo_v1/prefix_override:/usr/lib/python3/dist-packages/colcon_core/task/python/colcon_distutils_commands:/home/nathan/leo-rover-autonomous-exploration/install/leo_v1/lib/python3.12/site-packages:${PYTHONPATH} /usr/bin/python3 -W ignore:setup.py install is deprecated -W ignore:easy_install command is deprecated setup.py egg_info --egg-base ../../build/leo_v1 build --build-base /home/nathan/leo-rover-autonomous-exploration/build/leo_v1/build install --record /home/nathan/leo-rover-autonomous-exploration/build/leo_v1/install.log --single-version-externally-managed install_data
