/home/nathan/leo-rover-autonomous-exploration/install/leo_description/lib/python3.12/site-packages/leo_description/__init__.py
/home/nathan/leo-rover-autonomous-exploration/install/leo_description/lib/python3.12/site-packages/leo_description/__pycache__/__init__.cpython-312.pyc
/home/nathan/leo-rover-autonomous-exploration/install/leo_description/share/ament_index/resource_index/packages/leo_description
/home/nathan/leo-rover-autonomous-exploration/install/leo_description/share/leo_description/package.xml
/home/nathan/leo-rover-autonomous-exploration/install/leo_description/share/leo_description/launch/leo_gz.launch.py
/home/nathan/leo-rover-autonomous-exploration/install/leo_description/share/leo_description/launch/leo_rviz.launch.py
/home/nathan/leo-rover-autonomous-exploration/install/leo_description/share/leo_description/models/Rocker.dae
/home/nathan/leo-rover-autonomous-exploration/install/leo_description/share/leo_description/models/Antenna.dae
/home/nathan/leo-rover-autonomous-exploration/install/leo_description/share/leo_description/models/Rocker_outline.stl
/home/nathan/leo-rover-autonomous-exploration/install/leo_description/share/leo_description/models/WheelA.dae
/home/nathan/leo-rover-autonomous-exploration/install/leo_description/share/leo_description/models/Chassis_outline.stl
/home/nathan/leo-rover-autonomous-exploration/install/leo_description/share/leo_description/models/Chassis.dae
/home/nathan/leo-rover-autonomous-exploration/install/leo_description/share/leo_description/models/WheelB.dae
/home/nathan/leo-rover-autonomous-exploration/install/leo_description/share/leo_description/models/Wheel_outline.stl
/home/nathan/leo-rover-autonomous-exploration/install/leo_description/share/leo_description/urdf/leo.urdf.xacro
/home/nathan/leo-rover-autonomous-exploration/install/leo_description/share/leo_description/urdf/leo.gazebo.xacro
/home/nathan/leo-rover-autonomous-exploration/install/leo_description/share/leo_description/urdf/leo_proper.gazebo.xacro
/home/nathan/leo-rover-autonomous-exploration/install/leo_description/share/leo_description/rviz/leo_view.rviz
/home/nathan/leo-rover-autonomous-exploration/install/leo_description/share/leo_description/rviz/nav2.rviz
/home/nathan/leo-rover-autonomous-exploration/install/leo_description/share/leo_description/worlds/wall.dae
/home/nathan/leo-rover-autonomous-exploration/install/leo_description/share/leo_description/worlds/hexagon.dae
/home/nathan/leo-rover-autonomous-exploration/install/leo_description/share/leo_description/worlds/tb3.sdf
/home/nathan/leo-rover-autonomous-exploration/install/leo_description/share/leo_description/config
/home/nathan/leo-rover-autonomous-exploration/install/leo_description/share/leo_description/maps
/home/nathan/leo-rover-autonomous-exploration/install/leo_description/lib/python3.12/site-packages/leo_description-0.0.0-py3.12.egg-info/dependency_links.txt
/home/nathan/leo-rover-autonomous-exploration/install/leo_description/lib/python3.12/site-packages/leo_description-0.0.0-py3.12.egg-info/SOURCES.txt
/home/nathan/leo-rover-autonomous-exploration/install/leo_description/lib/python3.12/site-packages/leo_description-0.0.0-py3.12.egg-info/requires.txt
/home/nathan/leo-rover-autonomous-exploration/install/leo_description/lib/python3.12/site-packages/leo_description-0.0.0-py3.12.egg-info/top_level.txt
/home/nathan/leo-rover-autonomous-exploration/install/leo_description/lib/python3.12/site-packages/leo_description-0.0.0-py3.12.egg-info/zip-safe
/home/nathan/leo-rover-autonomous-exploration/install/leo_description/lib/python3.12/site-packages/leo_description-0.0.0-py3.12.egg-info/PKG-INFO
