[3.698s] Invoking command in '/home/nathan/leo-rover-autonomous-exploration/src/leo_v1': DEBUGINFOD_URLS=https://debuginfod.ubuntu.com PYTHONPATH=/home/nathan/leo-rover-autonomous-exploration/build/leo_v1/prefix_override:/usr/lib/python3/dist-packages/colcon_core/task/python/colcon_distutils_commands:/home/nathan/leo-rover-autonomous-exploration/install/leo_v1/lib/python3.12/site-packages:${PYTHONPATH} /usr/bin/python3 -W ignore:setup.py install is deprecated -W ignore:easy_install command is deprecated setup.py egg_info --egg-base ../../build/leo_v1 build --build-base /home/nathan/leo-rover-autonomous-exploration/build/leo_v1/build install --record /home/nathan/leo-rover-autonomous-exploration/build/leo_v1/install.log --single-version-externally-managed install_data
[4.128s] /home/nathan/.local/lib/python3.12/site-packages/setuptools/_distutils/dist.py:261: UserWarning: Unknown distribution option: 'tests_require'
[4.129s]   warnings.warn(msg)
[4.508s] running egg_info
[4.568s] writing ../../build/leo_v1/leo_v1.egg-info/PKG-INFO
[4.569s] writing dependency_links to ../../build/leo_v1/leo_v1.egg-info/dependency_links.txt
[4.570s] writing requirements to ../../build/leo_v1/leo_v1.egg-info/requires.txt
[4.570s] writing top-level names to ../../build/leo_v1/leo_v1.egg-info/top_level.txt
[4.690s] reading manifest file '../../build/leo_v1/leo_v1.egg-info/SOURCES.txt'
[4.692s] writing manifest file '../../build/leo_v1/leo_v1.egg-info/SOURCES.txt'
[4.693s] running build
[4.693s] running build_py
[4.693s] copying leo_v1/__init__.py -> /home/nathan/leo-rover-autonomous-exploration/build/leo_v1/build/lib/leo_v1
[4.694s] running install
[4.706s] running install_lib
[4.754s] running install_data
[4.755s] copying resource/leo_v1 -> /home/nathan/leo-rover-autonomous-exploration/install/leo_v1/share/ament_index/resource_index/packages
[4.755s] copying package.xml -> /home/nathan/leo-rover-autonomous-exploration/install/leo_v1/share/leo_v1
[4.755s] copying launch/leo_v1_sim.launch.py -> /home/nathan/leo-rover-autonomous-exploration/install/leo_v1/share/leo_v1/launch
[4.755s] running install_egg_info
[4.808s] removing '/home/nathan/leo-rover-autonomous-exploration/install/leo_v1/lib/python3.12/site-packages/leo_v1-0.0.0-py3.12.egg-info' (and everything under it)
[4.809s] Copying ../../build/leo_v1/leo_v1.egg-info to /home/nathan/leo-rover-autonomous-exploration/install/leo_v1/lib/python3.12/site-packages/leo_v1-0.0.0-py3.12.egg-info
[4.809s] running install_scripts
[5.152s] writing list of installed files to '/home/nathan/leo-rover-autonomous-exploration/build/leo_v1/install.log'
[5.235s] Invoked command in '/home/nathan/leo-rover-autonomous-exploration/src/leo_v1' returned '0': DEBUGINFOD_URLS=https://debuginfod.ubuntu.com PYTHONPATH=/home/nathan/leo-rover-autonomous-exploration/build/leo_v1/prefix_override:/usr/lib/python3/dist-packages/colcon_core/task/python/colcon_distutils_commands:/home/nathan/leo-rover-autonomous-exploration/install/leo_v1/lib/python3.12/site-packages:${PYTHONPATH} /usr/bin/python3 -W ignore:setup.py install is deprecated -W ignore:easy_install command is deprecated setup.py egg_info --egg-base ../../build/leo_v1 build --build-base /home/nathan/leo-rover-autonomous-exploration/build/leo_v1/build install --record /home/nathan/leo-rover-autonomous-exploration/build/leo_v1/install.log --single-version-externally-managed install_data
