[0.136s] DEBUG:colcon:Command line arguments: ['/usr/bin/colcon', 'build']
[0.136s] DEBUG:colcon:Parsed command line arguments: Namespace(log_base=None, log_level=None, verb_name='build', build_base='build', install_base='install', merge_install=False, symlink_install=False, test_result_base=None, continue_on_error=False, executor='parallel', parallel_workers=20, event_handlers=None, ignore_user_meta=False, metas=['./colcon.meta'], base_paths=['.'], packages_ignore=None, packages_ignore_regex=None, paths=None, packages_up_to=None, packages_up_to_regex=None, packages_above=None, packages_above_and_dependencies=None, packages_above_depth=None, packages_select_by_dep=None, packages_skip_by_dep=None, packages_skip_up_to=None, packages_select_build_failed=False, packages_skip_build_finished=False, packages_select_test_failures=False, packages_skip_test_passed=False, packages_select=None, packages_skip=None, packages_select_regex=None, packages_skip_regex=None, packages_start=None, packages_end=None, allow_overriding=[], cmake_args=None, cmake_target=None, cmake_target_skip_unavailable=False, cmake_clean_cache=False, cmake_clean_first=False, cmake_force_configure=False, ament_cmake_args=None, catkin_cmake_args=None, catkin_skip_building_tests=False, mixin_files=None, mixin=None, verb_parser=<colcon_mixin.mixin.mixin_argument.MixinArgumentDecorator object at 0x7c3403f74590>, verb_extension=<colcon_core.verb.build.BuildVerb object at 0x7c3403f74080>, main=<bound method BuildVerb.main of <colcon_core.verb.build.BuildVerb object at 0x7c3403f74080>>, mixin_verb=('build',))
[0.183s] Level 1:colcon.colcon_core.package_discovery:discover_packages(colcon_meta) check parameters
[0.183s] Level 1:colcon.colcon_core.package_discovery:discover_packages(recursive) check parameters
[0.183s] Level 1:colcon.colcon_core.package_discovery:discover_packages(ignore) check parameters
[0.183s] Level 1:colcon.colcon_core.package_discovery:discover_packages(path) check parameters
[0.183s] Level 1:colcon.colcon_core.package_discovery:discover_packages(colcon_meta) discover
[0.183s] Level 1:colcon.colcon_core.package_discovery:discover_packages(recursive) discover
[0.183s] INFO:colcon.colcon_core.package_discovery:Crawling recursively for packages in '/home/nathan/leo-rover-autonomous-exploration'
[0.184s] Level 1:colcon.colcon_core.package_identification:_identify(.) by extensions ['ignore', 'ignore_ament_install']
[0.184s] Level 1:colcon.colcon_core.package_identification:_identify(.) by extension 'ignore'
[0.184s] Level 1:colcon.colcon_core.package_identification:_identify(.) by extension 'ignore_ament_install'
[0.184s] Level 1:colcon.colcon_core.package_identification:_identify(.) by extensions ['colcon_pkg']
[0.184s] Level 1:colcon.colcon_core.package_identification:_identify(.) by extension 'colcon_pkg'
[0.184s] Level 1:colcon.colcon_core.package_identification:_identify(.) by extensions ['colcon_meta']
[0.184s] Level 1:colcon.colcon_core.package_identification:_identify(.) by extension 'colcon_meta'
[0.184s] Level 1:colcon.colcon_core.package_identification:_identify(.) by extensions ['ros']
[0.184s] Level 1:colcon.colcon_core.package_identification:_identify(.) by extension 'ros'
[0.215s] Level 1:colcon.colcon_core.package_identification:_identify(.) by extensions ['cmake', 'python']
[0.215s] Level 1:colcon.colcon_core.package_identification:_identify(.) by extension 'cmake'
[0.215s] Level 1:colcon.colcon_core.package_identification:_identify(.) by extension 'python'
[0.215s] Level 1:colcon.colcon_core.package_identification:_identify(.) by extensions ['python_setup_py']
[0.215s] Level 1:colcon.colcon_core.package_identification:_identify(.) by extension 'python_setup_py'
[0.216s] Level 1:colcon.colcon_core.package_identification:_identify(build) by extensions ['ignore', 'ignore_ament_install']
[0.216s] Level 1:colcon.colcon_core.package_identification:_identify(build) by extension 'ignore'
[0.216s] Level 1:colcon.colcon_core.package_identification:_identify(build) ignored
[0.216s] Level 1:colcon.colcon_core.package_identification:_identify(install) by extensions ['ignore', 'ignore_ament_install']
[0.216s] Level 1:colcon.colcon_core.package_identification:_identify(install) by extension 'ignore'
[0.216s] Level 1:colcon.colcon_core.package_identification:_identify(install) ignored
[0.216s] Level 1:colcon.colcon_core.package_identification:_identify(log) by extensions ['ignore', 'ignore_ament_install']
[0.216s] Level 1:colcon.colcon_core.package_identification:_identify(log) by extension 'ignore'
[0.216s] Level 1:colcon.colcon_core.package_identification:_identify(log) ignored
[0.217s] Level 1:colcon.colcon_core.package_identification:_identify(src) by extensions ['ignore', 'ignore_ament_install']
[0.217s] Level 1:colcon.colcon_core.package_identification:_identify(src) by extension 'ignore'
[0.217s] Level 1:colcon.colcon_core.package_identification:_identify(src) by extension 'ignore_ament_install'
[0.217s] Level 1:colcon.colcon_core.package_identification:_identify(src) by extensions ['colcon_pkg']
[0.217s] Level 1:colcon.colcon_core.package_identification:_identify(src) by extension 'colcon_pkg'
[0.217s] Level 1:colcon.colcon_core.package_identification:_identify(src) by extensions ['colcon_meta']
[0.217s] Level 1:colcon.colcon_core.package_identification:_identify(src) by extension 'colcon_meta'
[0.217s] Level 1:colcon.colcon_core.package_identification:_identify(src) by extensions ['ros']
[0.217s] Level 1:colcon.colcon_core.package_identification:_identify(src) by extension 'ros'
[0.217s] Level 1:colcon.colcon_core.package_identification:_identify(src) by extensions ['cmake', 'python']
[0.217s] Level 1:colcon.colcon_core.package_identification:_identify(src) by extension 'cmake'
[0.217s] Level 1:colcon.colcon_core.package_identification:_identify(src) by extension 'python'
[0.217s] Level 1:colcon.colcon_core.package_identification:_identify(src) by extensions ['python_setup_py']
[0.217s] Level 1:colcon.colcon_core.package_identification:_identify(src) by extension 'python_setup_py'
[0.217s] Level 1:colcon.colcon_core.package_identification:_identify(src/leo_description) by extensions ['ignore', 'ignore_ament_install']
[0.217s] Level 1:colcon.colcon_core.package_identification:_identify(src/leo_description) by extension 'ignore'
[0.217s] Level 1:colcon.colcon_core.package_identification:_identify(src/leo_description) by extension 'ignore_ament_install'
[0.217s] Level 1:colcon.colcon_core.package_identification:_identify(src/leo_description) by extensions ['colcon_pkg']
[0.217s] Level 1:colcon.colcon_core.package_identification:_identify(src/leo_description) by extension 'colcon_pkg'
[0.217s] Level 1:colcon.colcon_core.package_identification:_identify(src/leo_description) by extensions ['colcon_meta']
[0.218s] Level 1:colcon.colcon_core.package_identification:_identify(src/leo_description) by extension 'colcon_meta'
[0.218s] Level 1:colcon.colcon_core.package_identification:_identify(src/leo_description) by extensions ['ros']
[0.218s] Level 1:colcon.colcon_core.package_identification:_identify(src/leo_description) by extension 'ros'
[0.221s] DEBUG:colcon.colcon_core.package_identification:Package 'src/leo_description' with type 'ros.ament_python' and name 'leo_description'
[0.221s] Level 1:colcon.colcon_core.package_identification:_identify(src/leo_explorer) by extensions ['ignore', 'ignore_ament_install']
[0.221s] Level 1:colcon.colcon_core.package_identification:_identify(src/leo_explorer) by extension 'ignore'
[0.221s] Level 1:colcon.colcon_core.package_identification:_identify(src/leo_explorer) by extension 'ignore_ament_install'
[0.221s] Level 1:colcon.colcon_core.package_identification:_identify(src/leo_explorer) by extensions ['colcon_pkg']
[0.221s] Level 1:colcon.colcon_core.package_identification:_identify(src/leo_explorer) by extension 'colcon_pkg'
[0.221s] Level 1:colcon.colcon_core.package_identification:_identify(src/leo_explorer) by extensions ['colcon_meta']
[0.222s] Level 1:colcon.colcon_core.package_identification:_identify(src/leo_explorer) by extension 'colcon_meta'
[0.222s] Level 1:colcon.colcon_core.package_identification:_identify(src/leo_explorer) by extensions ['ros']
[0.222s] Level 1:colcon.colcon_core.package_identification:_identify(src/leo_explorer) by extension 'ros'
[0.223s] DEBUG:colcon.colcon_core.package_identification:Package 'src/leo_explorer' with type 'ros.ament_cmake' and name 'leo_explorer'
[0.223s] Level 1:colcon.colcon_core.package_identification:_identify(src/leo_v1) by extensions ['ignore', 'ignore_ament_install']
[0.223s] Level 1:colcon.colcon_core.package_identification:_identify(src/leo_v1) by extension 'ignore'
[0.223s] Level 1:colcon.colcon_core.package_identification:_identify(src/leo_v1) by extension 'ignore_ament_install'
[0.223s] Level 1:colcon.colcon_core.package_identification:_identify(src/leo_v1) by extensions ['colcon_pkg']
[0.223s] Level 1:colcon.colcon_core.package_identification:_identify(src/leo_v1) by extension 'colcon_pkg'
[0.223s] Level 1:colcon.colcon_core.package_identification:_identify(src/leo_v1) by extensions ['colcon_meta']
[0.223s] Level 1:colcon.colcon_core.package_identification:_identify(src/leo_v1) by extension 'colcon_meta'
[0.223s] Level 1:colcon.colcon_core.package_identification:_identify(src/leo_v1) by extensions ['ros']
[0.223s] Level 1:colcon.colcon_core.package_identification:_identify(src/leo_v1) by extension 'ros'
[0.224s] DEBUG:colcon.colcon_core.package_identification:Package 'src/leo_v1' with type 'ros.ament_python' and name 'leo_v1'
[0.224s] Level 1:colcon.colcon_core.package_identification:_identify(src/leo_v2) by extensions ['ignore', 'ignore_ament_install']
[0.224s] Level 1:colcon.colcon_core.package_identification:_identify(src/leo_v2) by extension 'ignore'
[0.224s] Level 1:colcon.colcon_core.package_identification:_identify(src/leo_v2) by extension 'ignore_ament_install'
[0.224s] Level 1:colcon.colcon_core.package_identification:_identify(src/leo_v2) by extensions ['colcon_pkg']
[0.224s] Level 1:colcon.colcon_core.package_identification:_identify(src/leo_v2) by extension 'colcon_pkg'
[0.224s] Level 1:colcon.colcon_core.package_identification:_identify(src/leo_v2) by extensions ['colcon_meta']
[0.225s] Level 1:colcon.colcon_core.package_identification:_identify(src/leo_v2) by extension 'colcon_meta'
[0.225s] Level 1:colcon.colcon_core.package_identification:_identify(src/leo_v2) by extensions ['ros']
[0.225s] Level 1:colcon.colcon_core.package_identification:_identify(src/leo_v2) by extension 'ros'
[0.225s] DEBUG:colcon.colcon_core.package_identification:Package 'src/leo_v2' with type 'ros.ament_python' and name 'leo_v2'
[0.225s] Level 1:colcon.colcon_core.package_identification:_identify(src/leo_v3) by extensions ['ignore', 'ignore_ament_install']
[0.225s] Level 1:colcon.colcon_core.package_identification:_identify(src/leo_v3) by extension 'ignore'
[0.225s] Level 1:colcon.colcon_core.package_identification:_identify(src/leo_v3) by extension 'ignore_ament_install'
[0.225s] Level 1:colcon.colcon_core.package_identification:_identify(src/leo_v3) by extensions ['colcon_pkg']
[0.225s] Level 1:colcon.colcon_core.package_identification:_identify(src/leo_v3) by extension 'colcon_pkg'
[0.225s] Level 1:colcon.colcon_core.package_identification:_identify(src/leo_v3) by extensions ['colcon_meta']
[0.225s] Level 1:colcon.colcon_core.package_identification:_identify(src/leo_v3) by extension 'colcon_meta'
[0.225s] Level 1:colcon.colcon_core.package_identification:_identify(src/leo_v3) by extensions ['ros']
[0.226s] Level 1:colcon.colcon_core.package_identification:_identify(src/leo_v3) by extension 'ros'
[0.226s] DEBUG:colcon.colcon_core.package_identification:Package 'src/leo_v3' with type 'ros.ament_python' and name 'leo_v3'
[0.226s] Level 1:colcon.colcon_core.package_identification:_identify(src/leo_v4) by extensions ['ignore', 'ignore_ament_install']
[0.226s] Level 1:colcon.colcon_core.package_identification:_identify(src/leo_v4) by extension 'ignore'
[0.226s] Level 1:colcon.colcon_core.package_identification:_identify(src/leo_v4) by extension 'ignore_ament_install'
[0.226s] Level 1:colcon.colcon_core.package_identification:_identify(src/leo_v4) by extensions ['colcon_pkg']
[0.226s] Level 1:colcon.colcon_core.package_identification:_identify(src/leo_v4) by extension 'colcon_pkg'
[0.226s] Level 1:colcon.colcon_core.package_identification:_identify(src/leo_v4) by extensions ['colcon_meta']
[0.226s] Level 1:colcon.colcon_core.package_identification:_identify(src/leo_v4) by extension 'colcon_meta'
[0.227s] Level 1:colcon.colcon_core.package_identification:_identify(src/leo_v4) by extensions ['ros']
[0.227s] Level 1:colcon.colcon_core.package_identification:_identify(src/leo_v4) by extension 'ros'
[0.227s] DEBUG:colcon.colcon_core.package_identification:Package 'src/leo_v4' with type 'ros.ament_python' and name 'leo_v4'
[0.227s] Level 1:colcon.colcon_core.package_discovery:discover_packages(recursive) using defaults
[0.227s] Level 1:colcon.colcon_core.package_discovery:discover_packages(ignore) discover
[0.227s] Level 1:colcon.colcon_core.package_discovery:discover_packages(ignore) using defaults
[0.227s] Level 1:colcon.colcon_core.package_discovery:discover_packages(path) discover
[0.227s] Level 1:colcon.colcon_core.package_discovery:discover_packages(path) using defaults
[0.250s] Level 1:colcon.colcon_core.package_discovery:discover_packages(prefix_path) check parameters
[0.250s] Level 1:colcon.colcon_core.package_discovery:discover_packages(prefix_path) discover
[0.252s] DEBUG:colcon.colcon_installed_package_information.package_discovery:Found 6 installed packages in /home/nathan/leo-rover-autonomous-exploration/install
[0.254s] DEBUG:colcon.colcon_installed_package_information.package_discovery:Found 484 installed packages in /opt/ros/jazzy
[0.256s] Level 1:colcon.colcon_core.package_discovery:discover_packages(prefix_path) using defaults
[0.342s] Level 5:colcon.colcon_core.verb:set package 'leo_description' build argument 'cmake_args' from command line to 'None'
[0.342s] Level 5:colcon.colcon_core.verb:set package 'leo_description' build argument 'cmake_target' from command line to 'None'
[0.342s] Level 5:colcon.colcon_core.verb:set package 'leo_description' build argument 'cmake_target_skip_unavailable' from command line to 'False'
[0.342s] Level 5:colcon.colcon_core.verb:set package 'leo_description' build argument 'cmake_clean_cache' from command line to 'False'
[0.342s] Level 5:colcon.colcon_core.verb:set package 'leo_description' build argument 'cmake_clean_first' from command line to 'False'
[0.342s] Level 5:colcon.colcon_core.verb:set package 'leo_description' build argument 'cmake_force_configure' from command line to 'False'
[0.342s] Level 5:colcon.colcon_core.verb:set package 'leo_description' build argument 'ament_cmake_args' from command line to 'None'
[0.342s] Level 5:colcon.colcon_core.verb:set package 'leo_description' build argument 'catkin_cmake_args' from command line to 'None'
[0.342s] Level 5:colcon.colcon_core.verb:set package 'leo_description' build argument 'catkin_skip_building_tests' from command line to 'False'
[0.342s] DEBUG:colcon.colcon_core.verb:Building package 'leo_description' with the following arguments: {'ament_cmake_args': None, 'build_base': '/home/nathan/leo-rover-autonomous-exploration/build/leo_description', 'catkin_cmake_args': None, 'catkin_skip_building_tests': False, 'cmake_args': None, 'cmake_clean_cache': False, 'cmake_clean_first': False, 'cmake_force_configure': False, 'cmake_target': None, 'cmake_target_skip_unavailable': False, 'install_base': '/home/nathan/leo-rover-autonomous-exploration/install/leo_description', 'merge_install': False, 'path': '/home/nathan/leo-rover-autonomous-exploration/src/leo_description', 'symlink_install': False, 'test_result_base': None}
[0.343s] Level 5:colcon.colcon_core.verb:set package 'leo_explorer' build argument 'cmake_args' from command line to 'None'
[0.343s] Level 5:colcon.colcon_core.verb:set package 'leo_explorer' build argument 'cmake_target' from command line to 'None'
[0.343s] Level 5:colcon.colcon_core.verb:set package 'leo_explorer' build argument 'cmake_target_skip_unavailable' from command line to 'False'
[0.343s] Level 5:colcon.colcon_core.verb:set package 'leo_explorer' build argument 'cmake_clean_cache' from command line to 'False'
[0.343s] Level 5:colcon.colcon_core.verb:set package 'leo_explorer' build argument 'cmake_clean_first' from command line to 'False'
[0.343s] Level 5:colcon.colcon_core.verb:set package 'leo_explorer' build argument 'cmake_force_configure' from command line to 'False'
[0.343s] Level 5:colcon.colcon_core.verb:set package 'leo_explorer' build argument 'ament_cmake_args' from command line to 'None'
[0.343s] Level 5:colcon.colcon_core.verb:set package 'leo_explorer' build argument 'catkin_cmake_args' from command line to 'None'
[0.343s] Level 5:colcon.colcon_core.verb:set package 'leo_explorer' build argument 'catkin_skip_building_tests' from command line to 'False'
[0.343s] DEBUG:colcon.colcon_core.verb:Building package 'leo_explorer' with the following arguments: {'ament_cmake_args': None, 'build_base': '/home/nathan/leo-rover-autonomous-exploration/build/leo_explorer', 'catkin_cmake_args': None, 'catkin_skip_building_tests': False, 'cmake_args': None, 'cmake_clean_cache': False, 'cmake_clean_first': False, 'cmake_force_configure': False, 'cmake_target': None, 'cmake_target_skip_unavailable': False, 'install_base': '/home/nathan/leo-rover-autonomous-exploration/install/leo_explorer', 'merge_install': False, 'path': '/home/nathan/leo-rover-autonomous-exploration/src/leo_explorer', 'symlink_install': False, 'test_result_base': None}
[0.343s] Level 5:colcon.colcon_core.verb:set package 'leo_v1' build argument 'cmake_args' from command line to 'None'
[0.343s] Level 5:colcon.colcon_core.verb:set package 'leo_v1' build argument 'cmake_target' from command line to 'None'
[0.343s] Level 5:colcon.colcon_core.verb:set package 'leo_v1' build argument 'cmake_target_skip_unavailable' from command line to 'False'
[0.343s] Level 5:colcon.colcon_core.verb:set package 'leo_v1' build argument 'cmake_clean_cache' from command line to 'False'
[0.343s] Level 5:colcon.colcon_core.verb:set package 'leo_v1' build argument 'cmake_clean_first' from command line to 'False'
[0.343s] Level 5:colcon.colcon_core.verb:set package 'leo_v1' build argument 'cmake_force_configure' from command line to 'False'
[0.343s] Level 5:colcon.colcon_core.verb:set package 'leo_v1' build argument 'ament_cmake_args' from command line to 'None'
[0.343s] Level 5:colcon.colcon_core.verb:set package 'leo_v1' build argument 'catkin_cmake_args' from command line to 'None'
[0.343s] Level 5:colcon.colcon_core.verb:set package 'leo_v1' build argument 'catkin_skip_building_tests' from command line to 'False'
[0.343s] DEBUG:colcon.colcon_core.verb:Building package 'leo_v1' with the following arguments: {'ament_cmake_args': None, 'build_base': '/home/nathan/leo-rover-autonomous-exploration/build/leo_v1', 'catkin_cmake_args': None, 'catkin_skip_building_tests': False, 'cmake_args': None, 'cmake_clean_cache': False, 'cmake_clean_first': False, 'cmake_force_configure': False, 'cmake_target': None, 'cmake_target_skip_unavailable': False, 'install_base': '/home/nathan/leo-rover-autonomous-exploration/install/leo_v1', 'merge_install': False, 'path': '/home/nathan/leo-rover-autonomous-exploration/src/leo_v1', 'symlink_install': False, 'test_result_base': None}
[0.344s] Level 5:colcon.colcon_core.verb:set package 'leo_v2' build argument 'cmake_args' from command line to 'None'
[0.344s] Level 5:colcon.colcon_core.verb:set package 'leo_v2' build argument 'cmake_target' from command line to 'None'
[0.344s] Level 5:colcon.colcon_core.verb:set package 'leo_v2' build argument 'cmake_target_skip_unavailable' from command line to 'False'
[0.344s] Level 5:colcon.colcon_core.verb:set package 'leo_v2' build argument 'cmake_clean_cache' from command line to 'False'
[0.344s] Level 5:colcon.colcon_core.verb:set package 'leo_v2' build argument 'cmake_clean_first' from command line to 'False'
[0.344s] Level 5:colcon.colcon_core.verb:set package 'leo_v2' build argument 'cmake_force_configure' from command line to 'False'
[0.344s] Level 5:colcon.colcon_core.verb:set package 'leo_v2' build argument 'ament_cmake_args' from command line to 'None'
[0.344s] Level 5:colcon.colcon_core.verb:set package 'leo_v2' build argument 'catkin_cmake_args' from command line to 'None'
[0.344s] Level 5:colcon.colcon_core.verb:set package 'leo_v2' build argument 'catkin_skip_building_tests' from command line to 'False'
[0.344s] DEBUG:colcon.colcon_core.verb:Building package 'leo_v2' with the following arguments: {'ament_cmake_args': None, 'build_base': '/home/nathan/leo-rover-autonomous-exploration/build/leo_v2', 'catkin_cmake_args': None, 'catkin_skip_building_tests': False, 'cmake_args': None, 'cmake_clean_cache': False, 'cmake_clean_first': False, 'cmake_force_configure': False, 'cmake_target': None, 'cmake_target_skip_unavailable': False, 'install_base': '/home/nathan/leo-rover-autonomous-exploration/install/leo_v2', 'merge_install': False, 'path': '/home/nathan/leo-rover-autonomous-exploration/src/leo_v2', 'symlink_install': False, 'test_result_base': None}
[0.344s] Level 5:colcon.colcon_core.verb:set package 'leo_v3' build argument 'cmake_args' from command line to 'None'
[0.344s] Level 5:colcon.colcon_core.verb:set package 'leo_v3' build argument 'cmake_target' from command line to 'None'
[0.344s] Level 5:colcon.colcon_core.verb:set package 'leo_v3' build argument 'cmake_target_skip_unavailable' from command line to 'False'
[0.344s] Level 5:colcon.colcon_core.verb:set package 'leo_v3' build argument 'cmake_clean_cache' from command line to 'False'
[0.344s] Level 5:colcon.colcon_core.verb:set package 'leo_v3' build argument 'cmake_clean_first' from command line to 'False'
[0.344s] Level 5:colcon.colcon_core.verb:set package 'leo_v3' build argument 'cmake_force_configure' from command line to 'False'
[0.344s] Level 5:colcon.colcon_core.verb:set package 'leo_v3' build argument 'ament_cmake_args' from command line to 'None'
[0.344s] Level 5:colcon.colcon_core.verb:set package 'leo_v3' build argument 'catkin_cmake_args' from command line to 'None'
[0.344s] Level 5:colcon.colcon_core.verb:set package 'leo_v3' build argument 'catkin_skip_building_tests' from command line to 'False'
[0.344s] DEBUG:colcon.colcon_core.verb:Building package 'leo_v3' with the following arguments: {'ament_cmake_args': None, 'build_base': '/home/nathan/leo-rover-autonomous-exploration/build/leo_v3', 'catkin_cmake_args': None, 'catkin_skip_building_tests': False, 'cmake_args': None, 'cmake_clean_cache': False, 'cmake_clean_first': False, 'cmake_force_configure': False, 'cmake_target': None, 'cmake_target_skip_unavailable': False, 'install_base': '/home/nathan/leo-rover-autonomous-exploration/install/leo_v3', 'merge_install': False, 'path': '/home/nathan/leo-rover-autonomous-exploration/src/leo_v3', 'symlink_install': False, 'test_result_base': None}
[0.345s] Level 5:colcon.colcon_core.verb:set package 'leo_v4' build argument 'cmake_args' from command line to 'None'
[0.345s] Level 5:colcon.colcon_core.verb:set package 'leo_v4' build argument 'cmake_target' from command line to 'None'
[0.345s] Level 5:colcon.colcon_core.verb:set package 'leo_v4' build argument 'cmake_target_skip_unavailable' from command line to 'False'
[0.345s] Level 5:colcon.colcon_core.verb:set package 'leo_v4' build argument 'cmake_clean_cache' from command line to 'False'
[0.345s] Level 5:colcon.colcon_core.verb:set package 'leo_v4' build argument 'cmake_clean_first' from command line to 'False'
[0.345s] Level 5:colcon.colcon_core.verb:set package 'leo_v4' build argument 'cmake_force_configure' from command line to 'False'
[0.345s] Level 5:colcon.colcon_core.verb:set package 'leo_v4' build argument 'ament_cmake_args' from command line to 'None'
[0.345s] Level 5:colcon.colcon_core.verb:set package 'leo_v4' build argument 'catkin_cmake_args' from command line to 'None'
[0.345s] Level 5:colcon.colcon_core.verb:set package 'leo_v4' build argument 'catkin_skip_building_tests' from command line to 'False'
[0.345s] DEBUG:colcon.colcon_core.verb:Building package 'leo_v4' with the following arguments: {'ament_cmake_args': None, 'build_base': '/home/nathan/leo-rover-autonomous-exploration/build/leo_v4', 'catkin_cmake_args': None, 'catkin_skip_building_tests': False, 'cmake_args': None, 'cmake_clean_cache': False, 'cmake_clean_first': False, 'cmake_force_configure': False, 'cmake_target': None, 'cmake_target_skip_unavailable': False, 'install_base': '/home/nathan/leo-rover-autonomous-exploration/install/leo_v4', 'merge_install': False, 'path': '/home/nathan/leo-rover-autonomous-exploration/src/leo_v4', 'symlink_install': False, 'test_result_base': None}
[0.345s] INFO:colcon.colcon_core.executor:Executing jobs using 'parallel' executor
[0.346s] DEBUG:colcon.colcon_parallel_executor.executor.parallel:run_until_complete
[0.347s] INFO:colcon.colcon_ros.task.ament_python.build:Building ROS package in '/home/nathan/leo-rover-autonomous-exploration/src/leo_description' with build type 'ament_python'
[0.347s] Level 1:colcon.colcon_core.shell:create_environment_hook('leo_description', 'ament_prefix_path')
[0.349s] INFO:colcon.colcon_core.plugin_system:Skipping extension 'colcon_core.shell.bat': Not used on non-Windows systems
[0.350s] INFO:colcon.colcon_core.shell:Creating environment hook '/home/nathan/leo-rover-autonomous-exploration/install/leo_description/share/leo_description/hook/ament_prefix_path.ps1'
[0.351s] INFO:colcon.colcon_core.shell:Creating environment descriptor '/home/nathan/leo-rover-autonomous-exploration/install/leo_description/share/leo_description/hook/ament_prefix_path.dsv'
[0.351s] INFO:colcon.colcon_core.shell:Creating environment hook '/home/nathan/leo-rover-autonomous-exploration/install/leo_description/share/leo_description/hook/ament_prefix_path.sh'
[0.352s] INFO:colcon.colcon_core.shell:Skip shell extension 'powershell' for command environment: Not usable outside of PowerShell
[0.352s] DEBUG:colcon.colcon_core.shell:Skip shell extension 'dsv' for command environment
[0.357s] INFO:colcon.colcon_ros.task.ament_cmake.build:Building ROS package in '/home/nathan/leo-rover-autonomous-exploration/src/leo_explorer' with build type 'ament_cmake'
[0.357s] INFO:colcon.colcon_cmake.task.cmake.build:Building CMake package in '/home/nathan/leo-rover-autonomous-exploration/src/leo_explorer'
[0.357s] INFO:colcon.colcon_core.shell:Skip shell extension 'powershell' for command environment: Not usable outside of PowerShell
[0.357s] DEBUG:colcon.colcon_core.shell:Skip shell extension 'dsv' for command environment
[0.363s] INFO:colcon.colcon_ros.task.ament_python.build:Building ROS package in '/home/nathan/leo-rover-autonomous-exploration/src/leo_v1' with build type 'ament_python'
[0.363s] Level 1:colcon.colcon_core.shell:create_environment_hook('leo_v1', 'ament_prefix_path')
[0.363s] INFO:colcon.colcon_core.shell:Creating environment hook '/home/nathan/leo-rover-autonomous-exploration/install/leo_v1/share/leo_v1/hook/ament_prefix_path.ps1'
[0.364s] INFO:colcon.colcon_core.shell:Creating environment descriptor '/home/nathan/leo-rover-autonomous-exploration/install/leo_v1/share/leo_v1/hook/ament_prefix_path.dsv'
[0.365s] INFO:colcon.colcon_core.shell:Creating environment hook '/home/nathan/leo-rover-autonomous-exploration/install/leo_v1/share/leo_v1/hook/ament_prefix_path.sh'
[0.366s] INFO:colcon.colcon_core.shell:Skip shell extension 'powershell' for command environment: Not usable outside of PowerShell
[0.366s] DEBUG:colcon.colcon_core.shell:Skip shell extension 'dsv' for command environment
[0.371s] INFO:colcon.colcon_ros.task.ament_python.build:Building ROS package in '/home/nathan/leo-rover-autonomous-exploration/src/leo_v2' with build type 'ament_python'
[0.372s] Level 1:colcon.colcon_core.shell:create_environment_hook('leo_v2', 'ament_prefix_path')
[0.372s] INFO:colcon.colcon_core.shell:Creating environment hook '/home/nathan/leo-rover-autonomous-exploration/install/leo_v2/share/leo_v2/hook/ament_prefix_path.ps1'
[0.373s] INFO:colcon.colcon_core.shell:Creating environment descriptor '/home/nathan/leo-rover-autonomous-exploration/install/leo_v2/share/leo_v2/hook/ament_prefix_path.dsv'
[0.374s] INFO:colcon.colcon_core.shell:Creating environment hook '/home/nathan/leo-rover-autonomous-exploration/install/leo_v2/share/leo_v2/hook/ament_prefix_path.sh'
[0.375s] INFO:colcon.colcon_core.shell:Skip shell extension 'powershell' for command environment: Not usable outside of PowerShell
[0.375s] DEBUG:colcon.colcon_core.shell:Skip shell extension 'dsv' for command environment
[0.381s] INFO:colcon.colcon_ros.task.ament_python.build:Building ROS package in '/home/nathan/leo-rover-autonomous-exploration/src/leo_v3' with build type 'ament_python'
[0.382s] Level 1:colcon.colcon_core.shell:create_environment_hook('leo_v3', 'ament_prefix_path')
[0.382s] INFO:colcon.colcon_core.shell:Creating environment hook '/home/nathan/leo-rover-autonomous-exploration/install/leo_v3/share/leo_v3/hook/ament_prefix_path.ps1'
[0.383s] INFO:colcon.colcon_core.shell:Creating environment descriptor '/home/nathan/leo-rover-autonomous-exploration/install/leo_v3/share/leo_v3/hook/ament_prefix_path.dsv'
[0.384s] INFO:colcon.colcon_core.shell:Creating environment hook '/home/nathan/leo-rover-autonomous-exploration/install/leo_v3/share/leo_v3/hook/ament_prefix_path.sh'
[0.385s] INFO:colcon.colcon_core.shell:Skip shell extension 'powershell' for command environment: Not usable outside of PowerShell
[0.385s] DEBUG:colcon.colcon_core.shell:Skip shell extension 'dsv' for command environment
[0.393s] INFO:colcon.colcon_ros.task.ament_python.build:Building ROS package in '/home/nathan/leo-rover-autonomous-exploration/src/leo_v4' with build type 'ament_python'
[0.393s] Level 1:colcon.colcon_core.shell:create_environment_hook('leo_v4', 'ament_prefix_path')
[0.393s] INFO:colcon.colcon_core.shell:Creating environment hook '/home/nathan/leo-rover-autonomous-exploration/install/leo_v4/share/leo_v4/hook/ament_prefix_path.ps1'
[0.394s] INFO:colcon.colcon_core.shell:Creating environment descriptor '/home/nathan/leo-rover-autonomous-exploration/install/leo_v4/share/leo_v4/hook/ament_prefix_path.dsv'
[0.395s] INFO:colcon.colcon_core.shell:Creating environment hook '/home/nathan/leo-rover-autonomous-exploration/install/leo_v4/share/leo_v4/hook/ament_prefix_path.sh'
[0.396s] INFO:colcon.colcon_core.shell:Skip shell extension 'powershell' for command environment: Not usable outside of PowerShell
[0.397s] DEBUG:colcon.colcon_core.shell:Skip shell extension 'dsv' for command environment
[0.716s] INFO:colcon.colcon_core.task.python.build:Building Python package in '/home/nathan/leo-rover-autonomous-exploration/src/leo_description'
[0.717s] INFO:colcon.colcon_core.shell:Skip shell extension 'powershell' for command environment: Not usable outside of PowerShell
[0.717s] DEBUG:colcon.colcon_core.shell:Skip shell extension 'dsv' for command environment
[0.730s] DEBUG:colcon.colcon_core.event_handler.log_command:Invoking command in '/home/nathan/leo-rover-autonomous-exploration/build/leo_explorer': CMAKE_PREFIX_PATH=${CMAKE_PREFIX_PATH}:/home/nathan/leo-rover-autonomous-exploration/install/leo_v4:/home/nathan/leo-rover-autonomous-exploration/install/leo_v3:/home/nathan/leo-rover-autonomous-exploration/install/leo_v2:/home/nathan/leo-rover-autonomous-exploration/install/leo_v1:/home/nathan/leo-rover-autonomous-exploration/install/leo_description:/opt/ros/jazzy DEBUGINFOD_URLS=https://debuginfod.ubuntu.com /usr/bin/cmake --build /home/nathan/leo-rover-autonomous-exploration/build/leo_explorer -- -j20 -l20
[1.041s] INFO:colcon.colcon_core.task.python.build:Building Python package in '/home/nathan/leo-rover-autonomous-exploration/src/leo_v1'
[1.041s] INFO:colcon.colcon_core.shell:Skip shell extension 'powershell' for command environment: Not usable outside of PowerShell
[1.041s] DEBUG:colcon.colcon_core.shell:Skip shell extension 'dsv' for command environment
[1.345s] INFO:colcon.colcon_core.task.python.build:Building Python package in '/home/nathan/leo-rover-autonomous-exploration/src/leo_v2'
[1.346s] INFO:colcon.colcon_core.shell:Skip shell extension 'powershell' for command environment: Not usable outside of PowerShell
[1.346s] DEBUG:colcon.colcon_core.shell:Skip shell extension 'dsv' for command environment
[1.651s] INFO:colcon.colcon_core.task.python.build:Building Python package in '/home/nathan/leo-rover-autonomous-exploration/src/leo_v3'
[1.652s] INFO:colcon.colcon_core.shell:Skip shell extension 'powershell' for command environment: Not usable outside of PowerShell
[1.652s] DEBUG:colcon.colcon_core.shell:Skip shell extension 'dsv' for command environment
[1.662s] DEBUG:colcon.colcon_core.event_handler.log_command:Invoked command in '/home/nathan/leo-rover-autonomous-exploration/build/leo_explorer' returned '0': CMAKE_PREFIX_PATH=${CMAKE_PREFIX_PATH}:/home/nathan/leo-rover-autonomous-exploration/install/leo_v4:/home/nathan/leo-rover-autonomous-exploration/install/leo_v3:/home/nathan/leo-rover-autonomous-exploration/install/leo_v2:/home/nathan/leo-rover-autonomous-exploration/install/leo_v1:/home/nathan/leo-rover-autonomous-exploration/install/leo_description:/opt/ros/jazzy DEBUGINFOD_URLS=https://debuginfod.ubuntu.com /usr/bin/cmake --build /home/nathan/leo-rover-autonomous-exploration/build/leo_explorer -- -j20 -l20
[1.678s] DEBUG:colcon.colcon_core.event_handler.log_command:Invoking command in '/home/nathan/leo-rover-autonomous-exploration/build/leo_explorer': CMAKE_PREFIX_PATH=${CMAKE_PREFIX_PATH}:/home/nathan/leo-rover-autonomous-exploration/install/leo_v4:/home/nathan/leo-rover-autonomous-exploration/install/leo_v3:/home/nathan/leo-rover-autonomous-exploration/install/leo_v2:/home/nathan/leo-rover-autonomous-exploration/install/leo_v1:/home/nathan/leo-rover-autonomous-exploration/install/leo_description:/opt/ros/jazzy DEBUGINFOD_URLS=https://debuginfod.ubuntu.com /usr/bin/cmake --install /home/nathan/leo-rover-autonomous-exploration/build/leo_explorer
[1.994s] INFO:colcon.colcon_core.task.python.build:Building Python package in '/home/nathan/leo-rover-autonomous-exploration/src/leo_v4'
[1.995s] INFO:colcon.colcon_core.shell:Skip shell extension 'powershell' for command environment: Not usable outside of PowerShell
[1.995s] DEBUG:colcon.colcon_core.shell:Skip shell extension 'dsv' for command environment
[2.014s] Level 1:colcon.colcon_core.environment:create_environment_scripts_only(leo_explorer)
[2.015s] DEBUG:colcon.colcon_core.event_handler.log_command:Invoked command in '/home/nathan/leo-rover-autonomous-exploration/build/leo_explorer' returned '0': CMAKE_PREFIX_PATH=${CMAKE_PREFIX_PATH}:/home/nathan/leo-rover-autonomous-exploration/install/leo_v4:/home/nathan/leo-rover-autonomous-exploration/install/leo_v3:/home/nathan/leo-rover-autonomous-exploration/install/leo_v2:/home/nathan/leo-rover-autonomous-exploration/install/leo_v1:/home/nathan/leo-rover-autonomous-exploration/install/leo_description:/opt/ros/jazzy DEBUGINFOD_URLS=https://debuginfod.ubuntu.com /usr/bin/cmake --install /home/nathan/leo-rover-autonomous-exploration/build/leo_explorer
[2.017s] Level 1:colcon.colcon_core.environment:checking '/home/nathan/leo-rover-autonomous-exploration/install/leo_explorer' for CMake module files
[2.018s] Level 1:colcon.colcon_core.environment:checking '/home/nathan/leo-rover-autonomous-exploration/install/leo_explorer' for CMake config files
[2.018s] Level 1:colcon.colcon_core.shell:create_environment_hook('leo_explorer', 'cmake_prefix_path')
[2.019s] INFO:colcon.colcon_core.shell:Creating environment hook '/home/nathan/leo-rover-autonomous-exploration/install/leo_explorer/share/leo_explorer/hook/cmake_prefix_path.ps1'
[2.019s] INFO:colcon.colcon_core.shell:Creating environment descriptor '/home/nathan/leo-rover-autonomous-exploration/install/leo_explorer/share/leo_explorer/hook/cmake_prefix_path.dsv'
[2.020s] INFO:colcon.colcon_core.shell:Creating environment hook '/home/nathan/leo-rover-autonomous-exploration/install/leo_explorer/share/leo_explorer/hook/cmake_prefix_path.sh'
[2.021s] Level 1:colcon.colcon_core.environment:checking '/home/nathan/leo-rover-autonomous-exploration/install/leo_explorer/lib'
[2.021s] Level 1:colcon.colcon_core.environment:checking '/home/nathan/leo-rover-autonomous-exploration/install/leo_explorer/bin'
[2.022s] Level 1:colcon.colcon_core.environment:checking '/home/nathan/leo-rover-autonomous-exploration/install/leo_explorer/lib/pkgconfig/leo_explorer.pc'
[2.022s] Level 1:colcon.colcon_core.environment:checking '/home/nathan/leo-rover-autonomous-exploration/install/leo_explorer/lib/python3.12/site-packages'
[2.022s] Level 1:colcon.colcon_core.environment:checking '/home/nathan/leo-rover-autonomous-exploration/install/leo_explorer/bin'
[2.023s] INFO:colcon.colcon_core.shell:Creating package script '/home/nathan/leo-rover-autonomous-exploration/install/leo_explorer/share/leo_explorer/package.ps1'
[2.024s] INFO:colcon.colcon_core.shell:Creating package descriptor '/home/nathan/leo-rover-autonomous-exploration/install/leo_explorer/share/leo_explorer/package.dsv'
[2.025s] INFO:colcon.colcon_core.shell:Creating package script '/home/nathan/leo-rover-autonomous-exploration/install/leo_explorer/share/leo_explorer/package.sh'
[2.026s] INFO:colcon.colcon_core.shell:Creating package script '/home/nathan/leo-rover-autonomous-exploration/install/leo_explorer/share/leo_explorer/package.bash'
[2.027s] INFO:colcon.colcon_core.shell:Creating package script '/home/nathan/leo-rover-autonomous-exploration/install/leo_explorer/share/leo_explorer/package.zsh'
[2.028s] Level 1:colcon.colcon_core.environment:create_file_with_runtime_dependencies(/home/nathan/leo-rover-autonomous-exploration/install/leo_explorer/share/colcon-core/packages/leo_explorer)
[2.029s] Level 1:colcon.colcon_core.environment:create_environment_scripts_only(leo_explorer)
[2.029s] Level 1:colcon.colcon_core.environment:checking '/home/nathan/leo-rover-autonomous-exploration/install/leo_explorer' for CMake module files
[2.030s] Level 1:colcon.colcon_core.environment:checking '/home/nathan/leo-rover-autonomous-exploration/install/leo_explorer' for CMake config files
[2.030s] Level 1:colcon.colcon_core.shell:create_environment_hook('leo_explorer', 'cmake_prefix_path')
[2.030s] INFO:colcon.colcon_core.shell:Creating environment hook '/home/nathan/leo-rover-autonomous-exploration/install/leo_explorer/share/leo_explorer/hook/cmake_prefix_path.ps1'
[2.031s] INFO:colcon.colcon_core.shell:Creating environment descriptor '/home/nathan/leo-rover-autonomous-exploration/install/leo_explorer/share/leo_explorer/hook/cmake_prefix_path.dsv'
[2.031s] INFO:colcon.colcon_core.shell:Creating environment hook '/home/nathan/leo-rover-autonomous-exploration/install/leo_explorer/share/leo_explorer/hook/cmake_prefix_path.sh'
[2.032s] Level 1:colcon.colcon_core.environment:checking '/home/nathan/leo-rover-autonomous-exploration/install/leo_explorer/lib'
[2.033s] Level 1:colcon.colcon_core.environment:checking '/home/nathan/leo-rover-autonomous-exploration/install/leo_explorer/bin'
[2.033s] Level 1:colcon.colcon_core.environment:checking '/home/nathan/leo-rover-autonomous-exploration/install/leo_explorer/lib/pkgconfig/leo_explorer.pc'
[2.033s] Level 1:colcon.colcon_core.environment:checking '/home/nathan/leo-rover-autonomous-exploration/install/leo_explorer/lib/python3.12/site-packages'
[2.034s] Level 1:colcon.colcon_core.environment:checking '/home/nathan/leo-rover-autonomous-exploration/install/leo_explorer/bin'
[2.034s] INFO:colcon.colcon_core.shell:Creating package script '/home/nathan/leo-rover-autonomous-exploration/install/leo_explorer/share/leo_explorer/package.ps1'
[2.035s] INFO:colcon.colcon_core.shell:Creating package descriptor '/home/nathan/leo-rover-autonomous-exploration/install/leo_explorer/share/leo_explorer/package.dsv'
[2.036s] INFO:colcon.colcon_core.shell:Creating package script '/home/nathan/leo-rover-autonomous-exploration/install/leo_explorer/share/leo_explorer/package.sh'
[2.036s] INFO:colcon.colcon_core.shell:Creating package script '/home/nathan/leo-rover-autonomous-exploration/install/leo_explorer/share/leo_explorer/package.bash'
[2.037s] INFO:colcon.colcon_core.shell:Creating package script '/home/nathan/leo-rover-autonomous-exploration/install/leo_explorer/share/leo_explorer/package.zsh'
[2.037s] Level 1:colcon.colcon_core.environment:create_file_with_runtime_dependencies(/home/nathan/leo-rover-autonomous-exploration/install/leo_explorer/share/colcon-core/packages/leo_explorer)
[2.746s] DEBUG:colcon.colcon_core.event_handler.log_command:Invoking command in '/home/nathan/leo-rover-autonomous-exploration/src/leo_v1': DEBUGINFOD_URLS=https://debuginfod.ubuntu.com PYTHONPATH=/home/nathan/leo-rover-autonomous-exploration/build/leo_v1/prefix_override:/usr/lib/python3/dist-packages/colcon_core/task/python/colcon_distutils_commands:/home/nathan/leo-rover-autonomous-exploration/install/leo_v1/lib/python3.12/site-packages:${PYTHONPATH} /usr/bin/python3 -W ignore:setup.py install is deprecated -W ignore:easy_install command is deprecated setup.py egg_info --egg-base ../../build/leo_v1 build --build-base /home/nathan/leo-rover-autonomous-exploration/build/leo_v1/build install --record /home/nathan/leo-rover-autonomous-exploration/build/leo_v1/install.log --single-version-externally-managed install_data
[2.749s] DEBUG:colcon.colcon_core.event_handler.log_command:Invoking command in '/home/nathan/leo-rover-autonomous-exploration/src/leo_v4': DEBUGINFOD_URLS=https://debuginfod.ubuntu.com PYTHONPATH=/home/nathan/leo-rover-autonomous-exploration/build/leo_v4/prefix_override:/usr/lib/python3/dist-packages/colcon_core/task/python/colcon_distutils_commands:/home/nathan/leo-rover-autonomous-exploration/install/leo_v4/lib/python3.12/site-packages:${PYTHONPATH} /usr/bin/python3 -W ignore:setup.py install is deprecated -W ignore:easy_install command is deprecated setup.py egg_info --egg-base ../../build/leo_v4 build --build-base /home/nathan/leo-rover-autonomous-exploration/build/leo_v4/build install --record /home/nathan/leo-rover-autonomous-exploration/build/leo_v4/install.log --single-version-externally-managed install_data
[2.752s] DEBUG:colcon.colcon_core.event_handler.log_command:Invoking command in '/home/nathan/leo-rover-autonomous-exploration/src/leo_v2': DEBUGINFOD_URLS=https://debuginfod.ubuntu.com PYTHONPATH=/home/nathan/leo-rover-autonomous-exploration/build/leo_v2/prefix_override:/usr/lib/python3/dist-packages/colcon_core/task/python/colcon_distutils_commands:/home/nathan/leo-rover-autonomous-exploration/install/leo_v2/lib/python3.12/site-packages:${PYTHONPATH} /usr/bin/python3 -W ignore:setup.py install is deprecated -W ignore:easy_install command is deprecated setup.py egg_info --egg-base ../../build/leo_v2 build --build-base /home/nathan/leo-rover-autonomous-exploration/build/leo_v2/build install --record /home/nathan/leo-rover-autonomous-exploration/build/leo_v2/install.log --single-version-externally-managed install_data
[2.753s] DEBUG:colcon.colcon_core.event_handler.log_command:Invoking command in '/home/nathan/leo-rover-autonomous-exploration/src/leo_v3': DEBUGINFOD_URLS=https://debuginfod.ubuntu.com PYTHONPATH=/home/nathan/leo-rover-autonomous-exploration/build/leo_v3/prefix_override:/usr/lib/python3/dist-packages/colcon_core/task/python/colcon_distutils_commands:/home/nathan/leo-rover-autonomous-exploration/install/leo_v3/lib/python3.12/site-packages:${PYTHONPATH} /usr/bin/python3 -W ignore:setup.py install is deprecated -W ignore:easy_install command is deprecated setup.py egg_info --egg-base ../../build/leo_v3 build --build-base /home/nathan/leo-rover-autonomous-exploration/build/leo_v3/build install --record /home/nathan/leo-rover-autonomous-exploration/build/leo_v3/install.log --single-version-externally-managed install_data
[2.787s] DEBUG:colcon.colcon_core.event_handler.log_command:Invoking command in '/home/nathan/leo-rover-autonomous-exploration/src/leo_description': DEBUGINFOD_URLS=https://debuginfod.ubuntu.com PYTHONPATH=/home/nathan/leo-rover-autonomous-exploration/build/leo_description/prefix_override:/usr/lib/python3/dist-packages/colcon_core/task/python/colcon_distutils_commands:/home/nathan/leo-rover-autonomous-exploration/install/leo_description/lib/python3.12/site-packages:${PYTHONPATH} /usr/bin/python3 -W ignore:setup.py install is deprecated -W ignore:easy_install command is deprecated setup.py egg_info --egg-base ../../build/leo_description build --build-base /home/nathan/leo-rover-autonomous-exploration/build/leo_description/build install --record /home/nathan/leo-rover-autonomous-exploration/build/leo_description/install.log --single-version-externally-managed install_data
[3.452s] Level 1:colcon.colcon_core.environment:checking '/home/nathan/leo-rover-autonomous-exploration/install/leo_v1' for CMake module files
[3.454s] DEBUG:colcon.colcon_core.event_handler.log_command:Invoked command in '/home/nathan/leo-rover-autonomous-exploration/src/leo_v1' returned '0': DEBUGINFOD_URLS=https://debuginfod.ubuntu.com PYTHONPATH=/home/nathan/leo-rover-autonomous-exploration/build/leo_v1/prefix_override:/usr/lib/python3/dist-packages/colcon_core/task/python/colcon_distutils_commands:/home/nathan/leo-rover-autonomous-exploration/install/leo_v1/lib/python3.12/site-packages:${PYTHONPATH} /usr/bin/python3 -W ignore:setup.py install is deprecated -W ignore:easy_install command is deprecated setup.py egg_info --egg-base ../../build/leo_v1 build --build-base /home/nathan/leo-rover-autonomous-exploration/build/leo_v1/build install --record /home/nathan/leo-rover-autonomous-exploration/build/leo_v1/install.log --single-version-externally-managed install_data
[3.455s] Level 1:colcon.colcon_core.environment:checking '/home/nathan/leo-rover-autonomous-exploration/install/leo_v1' for CMake config files
[3.456s] Level 1:colcon.colcon_core.environment:checking '/home/nathan/leo-rover-autonomous-exploration/install/leo_v1/lib'
[3.456s] Level 1:colcon.colcon_core.environment:checking '/home/nathan/leo-rover-autonomous-exploration/install/leo_v1/bin'
[3.456s] Level 1:colcon.colcon_core.environment:checking '/home/nathan/leo-rover-autonomous-exploration/install/leo_v1/lib/pkgconfig/leo_v1.pc'
[3.457s] Level 1:colcon.colcon_core.environment:checking '/home/nathan/leo-rover-autonomous-exploration/install/leo_v1/lib/python3.12/site-packages'
[3.457s] Level 1:colcon.colcon_core.shell:create_environment_hook('leo_v1', 'pythonpath')
[3.458s] INFO:colcon.colcon_core.shell:Creating environment hook '/home/nathan/leo-rover-autonomous-exploration/install/leo_v1/share/leo_v1/hook/pythonpath.ps1'
[3.459s] INFO:colcon.colcon_core.shell:Creating environment descriptor '/home/nathan/leo-rover-autonomous-exploration/install/leo_v1/share/leo_v1/hook/pythonpath.dsv'
[3.460s] INFO:colcon.colcon_core.shell:Creating environment hook '/home/nathan/leo-rover-autonomous-exploration/install/leo_v1/share/leo_v1/hook/pythonpath.sh'
[3.461s] Level 1:colcon.colcon_core.environment:checking '/home/nathan/leo-rover-autonomous-exploration/install/leo_v1/bin'
[3.462s] Level 1:colcon.colcon_core.environment:create_environment_scripts_only(leo_v1)
[3.462s] INFO:colcon.colcon_core.shell:Creating package script '/home/nathan/leo-rover-autonomous-exploration/install/leo_v1/share/leo_v1/package.ps1'
[3.463s] INFO:colcon.colcon_core.shell:Creating package descriptor '/home/nathan/leo-rover-autonomous-exploration/install/leo_v1/share/leo_v1/package.dsv'
[3.465s] INFO:colcon.colcon_core.shell:Creating package script '/home/nathan/leo-rover-autonomous-exploration/install/leo_v1/share/leo_v1/package.sh'
[3.466s] INFO:colcon.colcon_core.shell:Creating package script '/home/nathan/leo-rover-autonomous-exploration/install/leo_v1/share/leo_v1/package.bash'
[3.467s] INFO:colcon.colcon_core.shell:Creating package script '/home/nathan/leo-rover-autonomous-exploration/install/leo_v1/share/leo_v1/package.zsh'
[3.467s] Level 1:colcon.colcon_core.environment:create_file_with_runtime_dependencies(/home/nathan/leo-rover-autonomous-exploration/install/leo_v1/share/colcon-core/packages/leo_v1)
[3.481s] Level 1:colcon.colcon_core.environment:checking '/home/nathan/leo-rover-autonomous-exploration/install/leo_v4' for CMake module files
[3.483s] DEBUG:colcon.colcon_core.event_handler.log_command:Invoked command in '/home/nathan/leo-rover-autonomous-exploration/src/leo_v4' returned '0': DEBUGINFOD_URLS=https://debuginfod.ubuntu.com PYTHONPATH=/home/nathan/leo-rover-autonomous-exploration/build/leo_v4/prefix_override:/usr/lib/python3/dist-packages/colcon_core/task/python/colcon_distutils_commands:/home/nathan/leo-rover-autonomous-exploration/install/leo_v4/lib/python3.12/site-packages:${PYTHONPATH} /usr/bin/python3 -W ignore:setup.py install is deprecated -W ignore:easy_install command is deprecated setup.py egg_info --egg-base ../../build/leo_v4 build --build-base /home/nathan/leo-rover-autonomous-exploration/build/leo_v4/build install --record /home/nathan/leo-rover-autonomous-exploration/build/leo_v4/install.log --single-version-externally-managed install_data
[3.484s] Level 1:colcon.colcon_core.environment:checking '/home/nathan/leo-rover-autonomous-exploration/install/leo_v4' for CMake config files
[3.485s] Level 1:colcon.colcon_core.environment:checking '/home/nathan/leo-rover-autonomous-exploration/install/leo_v4/lib'
[3.485s] Level 1:colcon.colcon_core.environment:checking '/home/nathan/leo-rover-autonomous-exploration/install/leo_v4/bin'
[3.485s] Level 1:colcon.colcon_core.environment:checking '/home/nathan/leo-rover-autonomous-exploration/install/leo_v4/lib/pkgconfig/leo_v4.pc'
[3.486s] Level 1:colcon.colcon_core.environment:checking '/home/nathan/leo-rover-autonomous-exploration/install/leo_v4/lib/python3.12/site-packages'
[3.486s] Level 1:colcon.colcon_core.shell:create_environment_hook('leo_v4', 'pythonpath')
[3.487s] INFO:colcon.colcon_core.shell:Creating environment hook '/home/nathan/leo-rover-autonomous-exploration/install/leo_v4/share/leo_v4/hook/pythonpath.ps1'
[3.488s] INFO:colcon.colcon_core.shell:Creating environment descriptor '/home/nathan/leo-rover-autonomous-exploration/install/leo_v4/share/leo_v4/hook/pythonpath.dsv'
[3.489s] INFO:colcon.colcon_core.shell:Creating environment hook '/home/nathan/leo-rover-autonomous-exploration/install/leo_v4/share/leo_v4/hook/pythonpath.sh'
[3.490s] Level 1:colcon.colcon_core.environment:checking '/home/nathan/leo-rover-autonomous-exploration/install/leo_v4/bin'
[3.491s] Level 1:colcon.colcon_core.environment:create_environment_scripts_only(leo_v4)
[3.491s] INFO:colcon.colcon_core.shell:Creating package script '/home/nathan/leo-rover-autonomous-exploration/install/leo_v4/share/leo_v4/package.ps1'
[3.493s] INFO:colcon.colcon_core.shell:Creating package descriptor '/home/nathan/leo-rover-autonomous-exploration/install/leo_v4/share/leo_v4/package.dsv'
[3.494s] INFO:colcon.colcon_core.shell:Creating package script '/home/nathan/leo-rover-autonomous-exploration/install/leo_v4/share/leo_v4/package.sh'
[3.495s] INFO:colcon.colcon_core.shell:Creating package script '/home/nathan/leo-rover-autonomous-exploration/install/leo_v4/share/leo_v4/package.bash'
[3.496s] INFO:colcon.colcon_core.shell:Creating package script '/home/nathan/leo-rover-autonomous-exploration/install/leo_v4/share/leo_v4/package.zsh'
[3.497s] Level 1:colcon.colcon_core.environment:create_file_with_runtime_dependencies(/home/nathan/leo-rover-autonomous-exploration/install/leo_v4/share/colcon-core/packages/leo_v4)
[3.498s] Level 1:colcon.colcon_core.environment:checking '/home/nathan/leo-rover-autonomous-exploration/install/leo_v2' for CMake module files
[3.500s] Level 1:colcon.colcon_core.environment:checking '/home/nathan/leo-rover-autonomous-exploration/install/leo_v2' for CMake config files
[3.502s] DEBUG:colcon.colcon_core.event_handler.log_command:Invoked command in '/home/nathan/leo-rover-autonomous-exploration/src/leo_v2' returned '0': DEBUGINFOD_URLS=https://debuginfod.ubuntu.com PYTHONPATH=/home/nathan/leo-rover-autonomous-exploration/build/leo_v2/prefix_override:/usr/lib/python3/dist-packages/colcon_core/task/python/colcon_distutils_commands:/home/nathan/leo-rover-autonomous-exploration/install/leo_v2/lib/python3.12/site-packages:${PYTHONPATH} /usr/bin/python3 -W ignore:setup.py install is deprecated -W ignore:easy_install command is deprecated setup.py egg_info --egg-base ../../build/leo_v2 build --build-base /home/nathan/leo-rover-autonomous-exploration/build/leo_v2/build install --record /home/nathan/leo-rover-autonomous-exploration/build/leo_v2/install.log --single-version-externally-managed install_data
[3.503s] Level 1:colcon.colcon_core.environment:checking '/home/nathan/leo-rover-autonomous-exploration/install/leo_v2/lib'
[3.503s] Level 1:colcon.colcon_core.environment:checking '/home/nathan/leo-rover-autonomous-exploration/install/leo_v2/bin'
[3.504s] Level 1:colcon.colcon_core.environment:checking '/home/nathan/leo-rover-autonomous-exploration/install/leo_v2/lib/pkgconfig/leo_v2.pc'
[3.504s] Level 1:colcon.colcon_core.environment:checking '/home/nathan/leo-rover-autonomous-exploration/install/leo_v2/lib/python3.12/site-packages'
[3.505s] Level 1:colcon.colcon_core.shell:create_environment_hook('leo_v2', 'pythonpath')
[3.505s] INFO:colcon.colcon_core.shell:Creating environment hook '/home/nathan/leo-rover-autonomous-exploration/install/leo_v2/share/leo_v2/hook/pythonpath.ps1'
[3.506s] INFO:colcon.colcon_core.shell:Creating environment descriptor '/home/nathan/leo-rover-autonomous-exploration/install/leo_v2/share/leo_v2/hook/pythonpath.dsv'
[3.507s] INFO:colcon.colcon_core.shell:Creating environment hook '/home/nathan/leo-rover-autonomous-exploration/install/leo_v2/share/leo_v2/hook/pythonpath.sh'
[3.508s] Level 1:colcon.colcon_core.environment:checking '/home/nathan/leo-rover-autonomous-exploration/install/leo_v2/bin'
[3.508s] Level 1:colcon.colcon_core.environment:create_environment_scripts_only(leo_v2)
[3.509s] INFO:colcon.colcon_core.shell:Creating package script '/home/nathan/leo-rover-autonomous-exploration/install/leo_v2/share/leo_v2/package.ps1'
[3.510s] INFO:colcon.colcon_core.shell:Creating package descriptor '/home/nathan/leo-rover-autonomous-exploration/install/leo_v2/share/leo_v2/package.dsv'
[3.511s] INFO:colcon.colcon_core.shell:Creating package script '/home/nathan/leo-rover-autonomous-exploration/install/leo_v2/share/leo_v2/package.sh'
[3.512s] INFO:colcon.colcon_core.shell:Creating package script '/home/nathan/leo-rover-autonomous-exploration/install/leo_v2/share/leo_v2/package.bash'
[3.513s] INFO:colcon.colcon_core.shell:Creating package script '/home/nathan/leo-rover-autonomous-exploration/install/leo_v2/share/leo_v2/package.zsh'
[3.514s] Level 1:colcon.colcon_core.environment:create_file_with_runtime_dependencies(/home/nathan/leo-rover-autonomous-exploration/install/leo_v2/share/colcon-core/packages/leo_v2)
[3.533s] Level 1:colcon.colcon_core.environment:checking '/home/nathan/leo-rover-autonomous-exploration/install/leo_description' for CMake module files
[3.534s] DEBUG:colcon.colcon_core.event_handler.log_command:Invoked command in '/home/nathan/leo-rover-autonomous-exploration/src/leo_description' returned '0': DEBUGINFOD_URLS=https://debuginfod.ubuntu.com PYTHONPATH=/home/nathan/leo-rover-autonomous-exploration/build/leo_description/prefix_override:/usr/lib/python3/dist-packages/colcon_core/task/python/colcon_distutils_commands:/home/nathan/leo-rover-autonomous-exploration/install/leo_description/lib/python3.12/site-packages:${PYTHONPATH} /usr/bin/python3 -W ignore:setup.py install is deprecated -W ignore:easy_install command is deprecated setup.py egg_info --egg-base ../../build/leo_description build --build-base /home/nathan/leo-rover-autonomous-exploration/build/leo_description/build install --record /home/nathan/leo-rover-autonomous-exploration/build/leo_description/install.log --single-version-externally-managed install_data
[3.535s] Level 1:colcon.colcon_core.environment:checking '/home/nathan/leo-rover-autonomous-exploration/install/leo_description' for CMake config files
[3.535s] Level 1:colcon.colcon_core.environment:checking '/home/nathan/leo-rover-autonomous-exploration/install/leo_description/lib'
[3.535s] Level 1:colcon.colcon_core.environment:checking '/home/nathan/leo-rover-autonomous-exploration/install/leo_description/bin'
[3.535s] Level 1:colcon.colcon_core.environment:checking '/home/nathan/leo-rover-autonomous-exploration/install/leo_description/lib/pkgconfig/leo_description.pc'
[3.536s] Level 1:colcon.colcon_core.environment:checking '/home/nathan/leo-rover-autonomous-exploration/install/leo_description/lib/python3.12/site-packages'
[3.536s] Level 1:colcon.colcon_core.shell:create_environment_hook('leo_description', 'pythonpath')
[3.536s] INFO:colcon.colcon_core.shell:Creating environment hook '/home/nathan/leo-rover-autonomous-exploration/install/leo_description/share/leo_description/hook/pythonpath.ps1'
[3.537s] INFO:colcon.colcon_core.shell:Creating environment descriptor '/home/nathan/leo-rover-autonomous-exploration/install/leo_description/share/leo_description/hook/pythonpath.dsv'
[3.537s] INFO:colcon.colcon_core.shell:Creating environment hook '/home/nathan/leo-rover-autonomous-exploration/install/leo_description/share/leo_description/hook/pythonpath.sh'
[3.538s] Level 1:colcon.colcon_core.environment:checking '/home/nathan/leo-rover-autonomous-exploration/install/leo_description/bin'
[3.538s] Level 1:colcon.colcon_core.environment:create_environment_scripts_only(leo_description)
[3.538s] INFO:colcon.colcon_core.shell:Creating package script '/home/nathan/leo-rover-autonomous-exploration/install/leo_description/share/leo_description/package.ps1'
[3.538s] INFO:colcon.colcon_core.shell:Creating package descriptor '/home/nathan/leo-rover-autonomous-exploration/install/leo_description/share/leo_description/package.dsv'
[3.539s] INFO:colcon.colcon_core.shell:Creating package script '/home/nathan/leo-rover-autonomous-exploration/install/leo_description/share/leo_description/package.sh'
[3.539s] INFO:colcon.colcon_core.shell:Creating package script '/home/nathan/leo-rover-autonomous-exploration/install/leo_description/share/leo_description/package.bash'
[3.540s] INFO:colcon.colcon_core.shell:Creating package script '/home/nathan/leo-rover-autonomous-exploration/install/leo_description/share/leo_description/package.zsh'
[3.540s] Level 1:colcon.colcon_core.environment:create_file_with_runtime_dependencies(/home/nathan/leo-rover-autonomous-exploration/install/leo_description/share/colcon-core/packages/leo_description)
[3.552s] Level 1:colcon.colcon_core.environment:checking '/home/nathan/leo-rover-autonomous-exploration/install/leo_v3' for CMake module files
[3.553s] DEBUG:colcon.colcon_core.event_handler.log_command:Invoked command in '/home/nathan/leo-rover-autonomous-exploration/src/leo_v3' returned '0': DEBUGINFOD_URLS=https://debuginfod.ubuntu.com PYTHONPATH=/home/nathan/leo-rover-autonomous-exploration/build/leo_v3/prefix_override:/usr/lib/python3/dist-packages/colcon_core/task/python/colcon_distutils_commands:/home/nathan/leo-rover-autonomous-exploration/install/leo_v3/lib/python3.12/site-packages:${PYTHONPATH} /usr/bin/python3 -W ignore:setup.py install is deprecated -W ignore:easy_install command is deprecated setup.py egg_info --egg-base ../../build/leo_v3 build --build-base /home/nathan/leo-rover-autonomous-exploration/build/leo_v3/build install --record /home/nathan/leo-rover-autonomous-exploration/build/leo_v3/install.log --single-version-externally-managed install_data
[3.553s] Level 1:colcon.colcon_core.environment:checking '/home/nathan/leo-rover-autonomous-exploration/install/leo_v3' for CMake config files
[3.554s] Level 1:colcon.colcon_core.environment:checking '/home/nathan/leo-rover-autonomous-exploration/install/leo_v3/lib'
[3.554s] Level 1:colcon.colcon_core.environment:checking '/home/nathan/leo-rover-autonomous-exploration/install/leo_v3/bin'
[3.554s] Level 1:colcon.colcon_core.environment:checking '/home/nathan/leo-rover-autonomous-exploration/install/leo_v3/lib/pkgconfig/leo_v3.pc'
[3.554s] Level 1:colcon.colcon_core.environment:checking '/home/nathan/leo-rover-autonomous-exploration/install/leo_v3/lib/python3.12/site-packages'
[3.554s] Level 1:colcon.colcon_core.shell:create_environment_hook('leo_v3', 'pythonpath')
[3.555s] INFO:colcon.colcon_core.shell:Creating environment hook '/home/nathan/leo-rover-autonomous-exploration/install/leo_v3/share/leo_v3/hook/pythonpath.ps1'
[3.555s] INFO:colcon.colcon_core.shell:Creating environment descriptor '/home/nathan/leo-rover-autonomous-exploration/install/leo_v3/share/leo_v3/hook/pythonpath.dsv'
[3.556s] INFO:colcon.colcon_core.shell:Creating environment hook '/home/nathan/leo-rover-autonomous-exploration/install/leo_v3/share/leo_v3/hook/pythonpath.sh'
[3.557s] Level 1:colcon.colcon_core.environment:checking '/home/nathan/leo-rover-autonomous-exploration/install/leo_v3/bin'
[3.557s] Level 1:colcon.colcon_core.environment:create_environment_scripts_only(leo_v3)
[3.557s] INFO:colcon.colcon_core.shell:Creating package script '/home/nathan/leo-rover-autonomous-exploration/install/leo_v3/share/leo_v3/package.ps1'
[3.558s] INFO:colcon.colcon_core.shell:Creating package descriptor '/home/nathan/leo-rover-autonomous-exploration/install/leo_v3/share/leo_v3/package.dsv'
[3.559s] INFO:colcon.colcon_core.shell:Creating package script '/home/nathan/leo-rover-autonomous-exploration/install/leo_v3/share/leo_v3/package.sh'
[3.559s] INFO:colcon.colcon_core.shell:Creating package script '/home/nathan/leo-rover-autonomous-exploration/install/leo_v3/share/leo_v3/package.bash'
[3.559s] INFO:colcon.colcon_core.shell:Creating package script '/home/nathan/leo-rover-autonomous-exploration/install/leo_v3/share/leo_v3/package.zsh'
[3.560s] Level 1:colcon.colcon_core.environment:create_file_with_runtime_dependencies(/home/nathan/leo-rover-autonomous-exploration/install/leo_v3/share/colcon-core/packages/leo_v3)
[3.560s] DEBUG:colcon.colcon_parallel_executor.executor.parallel:closing loop
[3.560s] DEBUG:colcon.colcon_parallel_executor.executor.parallel:loop closed
[3.561s] DEBUG:colcon.colcon_parallel_executor.executor.parallel:run_until_complete finished with '0'
[3.561s] DEBUG:colcon.colcon_core.event_reactor:joining thread
[3.568s] INFO:colcon.colcon_core.plugin_system:Skipping extension 'colcon_notification.desktop_notification.terminal_notifier': Not used on non-Darwin systems
[3.569s] INFO:colcon.colcon_core.plugin_system:Skipping extension 'colcon_notification.desktop_notification.win32': Not used on non-Windows systems
[3.569s] INFO:colcon.colcon_notification.desktop_notification:Sending desktop notification using 'notify2'
[3.595s] DEBUG:colcon.colcon_core.event_reactor:joined thread
[3.595s] INFO:colcon.colcon_core.shell:Creating prefix script '/home/nathan/leo-rover-autonomous-exploration/install/local_setup.ps1'
[3.597s] INFO:colcon.colcon_core.shell:Creating prefix util module '/home/nathan/leo-rover-autonomous-exploration/install/_local_setup_util_ps1.py'
[3.599s] INFO:colcon.colcon_core.shell:Creating prefix chain script '/home/nathan/leo-rover-autonomous-exploration/install/setup.ps1'
[3.601s] INFO:colcon.colcon_core.shell:Creating prefix script '/home/nathan/leo-rover-autonomous-exploration/install/local_setup.sh'
[3.602s] INFO:colcon.colcon_core.shell:Creating prefix util module '/home/nathan/leo-rover-autonomous-exploration/install/_local_setup_util_sh.py'
[3.603s] INFO:colcon.colcon_core.shell:Creating prefix chain script '/home/nathan/leo-rover-autonomous-exploration/install/setup.sh'
[3.604s] INFO:colcon.colcon_core.shell:Creating prefix script '/home/nathan/leo-rover-autonomous-exploration/install/local_setup.bash'
[3.605s] INFO:colcon.colcon_core.shell:Creating prefix chain script '/home/nathan/leo-rover-autonomous-exploration/install/setup.bash'
[3.607s] INFO:colcon.colcon_core.shell:Creating prefix script '/home/nathan/leo-rover-autonomous-exploration/install/local_setup.zsh'
[3.608s] INFO:colcon.colcon_core.shell:Creating prefix chain script '/home/nathan/leo-rover-autonomous-exploration/install/setup.zsh'
