/home/nathan/leo-rover-autonomous-exploration/install/leo_v2/lib/python3.12/site-packages/leo_v2/__init__.py
/home/nathan/leo-rover-autonomous-exploration/install/leo_v2/lib/python3.12/site-packages/leo_v2/map_saver.py
/home/nathan/leo-rover-autonomous-exploration/install/leo_v2/lib/python3.12/site-packages/leo_v2/__pycache__/__init__.cpython-312.pyc
/home/nathan/leo-rover-autonomous-exploration/install/leo_v2/lib/python3.12/site-packages/leo_v2/__pycache__/map_saver.cpython-312.pyc
/home/nathan/leo-rover-autonomous-exploration/install/leo_v2/share/ament_index/resource_index/packages/leo_v2
/home/nathan/leo-rover-autonomous-exploration/install/leo_v2/share/leo_v2/package.xml
/home/nathan/leo-rover-autonomous-exploration/install/leo_v2/share/leo_v2/launch/leo_autonav.launch.py
/home/nathan/leo-rover-autonomous-exploration/install/leo_v2/share/leo_v2/config/controller.yaml
/home/nathan/leo-rover-autonomous-exploration/install/leo_v2/share/leo_v2/config/planner.yaml
/home/nathan/leo-rover-autonomous-exploration/install/leo_v2/share/leo_v2/config/bt_nav.yaml
/home/nathan/leo-rover-autonomous-exploration/install/leo_v2/share/leo_v2/maps
/home/nathan/leo-rover-autonomous-exploration/install/leo_v2/share/leo_v2/behavior_tree_xml/modified.xml
/home/nathan/leo-rover-autonomous-exploration/install/leo_v2/share/leo_v2/behavior_tree_xml/nav_to_pose_with_consistent_replanning_and_if_path_becomes_invalid.xml
/home/nathan/leo-rover-autonomous-exploration/install/leo_v2/lib/python3.12/site-packages/leo_v2-0.0.0-py3.12.egg-info/dependency_links.txt
/home/nathan/leo-rover-autonomous-exploration/install/leo_v2/lib/python3.12/site-packages/leo_v2-0.0.0-py3.12.egg-info/SOURCES.txt
/home/nathan/leo-rover-autonomous-exploration/install/leo_v2/lib/python3.12/site-packages/leo_v2-0.0.0-py3.12.egg-info/entry_points.txt
/home/nathan/leo-rover-autonomous-exploration/install/leo_v2/lib/python3.12/site-packages/leo_v2-0.0.0-py3.12.egg-info/requires.txt
/home/nathan/leo-rover-autonomous-exploration/install/leo_v2/lib/python3.12/site-packages/leo_v2-0.0.0-py3.12.egg-info/top_level.txt
/home/nathan/leo-rover-autonomous-exploration/install/leo_v2/lib/python3.12/site-packages/leo_v2-0.0.0-py3.12.egg-info/zip-safe
/home/nathan/leo-rover-autonomous-exploration/install/leo_v2/lib/python3.12/site-packages/leo_v2-0.0.0-py3.12.egg-info/PKG-INFO
/home/nathan/leo-rover-autonomous-exploration/install/leo_v2/lib/leo_v2/map_saver
