[1.376s] Invoking command in '/home/nathan/leo-rover-autonomous-exploration/src/leo_v2': DEBUGINFOD_URLS=https://debuginfod.ubuntu.com PYTHONPATH=/home/nathan/leo-rover-autonomous-exploration/build/leo_v2/prefix_override:/usr/lib/python3/dist-packages/colcon_core/task/python/colcon_distutils_commands:/home/nathan/leo-rover-autonomous-exploration/install/leo_v2/lib/python3.12/site-packages:${PYTHONPATH} /usr/bin/python3 -W ignore:setup.py install is deprecated -W ignore:easy_install command is deprecated setup.py egg_info --egg-base ../../build/leo_v2 build --build-base /home/nathan/leo-rover-autonomous-exploration/build/leo_v2/build install --record /home/nathan/leo-rover-autonomous-exploration/build/leo_v2/install.log --single-version-externally-managed install_data
[1.515s] /home/nathan/.local/lib/python3.12/site-packages/setuptools/_distutils/dist.py:261: UserWarning: Unknown distribution option: 'tests_require'
[1.515s]   warnings.warn(msg)
[1.625s] running egg_info
[1.642s] writing ../../build/leo_v2/leo_v2.egg-info/PKG-INFO
[1.642s] writing dependency_links to ../../build/leo_v2/leo_v2.egg-info/dependency_links.txt
[1.642s] writing entry points to ../../build/leo_v2/leo_v2.egg-info/entry_points.txt
[1.643s] writing requirements to ../../build/leo_v2/leo_v2.egg-info/requires.txt
[1.643s] writing top-level names to ../../build/leo_v2/leo_v2.egg-info/top_level.txt
[1.680s] reading manifest file '../../build/leo_v2/leo_v2.egg-info/SOURCES.txt'
[1.681s] writing manifest file '../../build/leo_v2/leo_v2.egg-info/SOURCES.txt'
[1.681s] running build
[1.681s] running build_py
[1.681s] copying leo_v2/__init__.py -> /home/nathan/leo-rover-autonomous-exploration/build/leo_v2/build/lib/leo_v2
[1.681s] copying leo_v2/map_saver.py -> /home/nathan/leo-rover-autonomous-exploration/build/leo_v2/build/lib/leo_v2
[1.682s] running install
[1.686s] running install_lib
[1.707s] running install_data
[1.707s] copying resource/leo_v2 -> /home/nathan/leo-rover-autonomous-exploration/install/leo_v2/share/ament_index/resource_index/packages
[1.707s] copying package.xml -> /home/nathan/leo-rover-autonomous-exploration/install/leo_v2/share/leo_v2
[1.707s] copying launch/leo_autonav.launch.py -> /home/nathan/leo-rover-autonomous-exploration/install/leo_v2/share/leo_v2/launch
[1.707s] copying config/controller.yaml -> /home/nathan/leo-rover-autonomous-exploration/install/leo_v2/share/leo_v2/config
[1.708s] copying config/planner.yaml -> /home/nathan/leo-rover-autonomous-exploration/install/leo_v2/share/leo_v2/config
[1.708s] copying config/bt_nav.yaml -> /home/nathan/leo-rover-autonomous-exploration/install/leo_v2/share/leo_v2/config
[1.708s] copying behavior_tree_xml/modified.xml -> /home/nathan/leo-rover-autonomous-exploration/install/leo_v2/share/leo_v2/behavior_tree_xml
[1.708s] copying behavior_tree_xml/nav_to_pose_with_consistent_replanning_and_if_path_becomes_invalid.xml -> /home/nathan/leo-rover-autonomous-exploration/install/leo_v2/share/leo_v2/behavior_tree_xml
[1.708s] running install_egg_info
[1.728s] removing '/home/nathan/leo-rover-autonomous-exploration/install/leo_v2/lib/python3.12/site-packages/leo_v2-0.0.0-py3.12.egg-info' (and everything under it)
[1.728s] Copying ../../build/leo_v2/leo_v2.egg-info to /home/nathan/leo-rover-autonomous-exploration/install/leo_v2/lib/python3.12/site-packages/leo_v2-0.0.0-py3.12.egg-info
[1.729s] running install_scripts
[1.840s] Installing map_saver script to /home/nathan/leo-rover-autonomous-exploration/install/leo_v2/lib/leo_v2
[1.840s] writing list of installed files to '/home/nathan/leo-rover-autonomous-exploration/build/leo_v2/install.log'
[1.861s] Invoked command in '/home/nathan/leo-rover-autonomous-exploration/src/leo_v2' returned '0': DEBUGINFOD_URLS=https://debuginfod.ubuntu.com PYTHONPATH=/home/nathan/leo-rover-autonomous-exploration/build/leo_v2/prefix_override:/usr/lib/python3/dist-packages/colcon_core/task/python/colcon_distutils_commands:/home/nathan/leo-rover-autonomous-exploration/install/leo_v2/lib/python3.12/site-packages:${PYTHONPATH} /usr/bin/python3 -W ignore:setup.py install is deprecated -W ignore:easy_install command is deprecated setup.py egg_info --egg-base ../../build/leo_v2 build --build-base /home/nathan/leo-rover-autonomous-exploration/build/leo_v2/build install --record /home/nathan/leo-rover-autonomous-exploration/build/leo_v2/install.log --single-version-externally-managed install_data
