[2.336s] Invoking command in '/home/nathan/leo-rover-autonomous-exploration/src/leo_v2': DEBUGINFOD_URLS=https://debuginfod.ubuntu.com PYTHONPATH=/home/nathan/leo-rover-autonomous-exploration/build/leo_v2/prefix_override:/usr/lib/python3/dist-packages/colcon_core/task/python/colcon_distutils_commands:/home/nathan/leo-rover-autonomous-exploration/install/leo_v2/lib/python3.12/site-packages:${PYTHONPATH} /usr/bin/python3 -W ignore:setup.py install is deprecated -W ignore:easy_install command is deprecated setup.py egg_info --egg-base ../../build/leo_v2 build --build-base /home/nathan/leo-rover-autonomous-exploration/build/leo_v2/build install --record /home/nathan/leo-rover-autonomous-exploration/build/leo_v2/install.log --single-version-externally-managed install_data
[2.615s] running egg_info
[2.635s] writing ../../build/leo_v2/leo_v2.egg-info/PKG-INFO
[2.646s] writing dependency_links to ../../build/leo_v2/leo_v2.egg-info/dependency_links.txt
[2.646s] writing entry points to ../../build/leo_v2/leo_v2.egg-info/entry_points.txt
[2.647s] writing requirements to ../../build/leo_v2/leo_v2.egg-info/requires.txt
[2.647s] writing top-level names to ../../build/leo_v2/leo_v2.egg-info/top_level.txt
[2.689s] reading manifest file '../../build/leo_v2/leo_v2.egg-info/SOURCES.txt'
[2.690s] writing manifest file '../../build/leo_v2/leo_v2.egg-info/SOURCES.txt'
[2.690s] running build
[2.690s] running build_py
[2.691s] running install
[2.697s] running install_lib
[2.721s] running install_data
[2.721s] running install_egg_info
[2.743s] removing '/home/nathan/leo-rover-autonomous-exploration/install/leo_v2/lib/python3.12/site-packages/leo_v2-0.0.0-py3.12.egg-info' (and everything under it)
[2.743s] Copying ../../build/leo_v2/leo_v2.egg-info to /home/nathan/leo-rover-autonomous-exploration/install/leo_v2/lib/python3.12/site-packages/leo_v2-0.0.0-py3.12.egg-info
[2.743s] running install_scripts
[2.879s] Installing map_saver script to /home/nathan/leo-rover-autonomous-exploration/install/leo_v2/lib/leo_v2
[2.880s] writing list of installed files to '/home/nathan/leo-rover-autonomous-exploration/build/leo_v2/install.log'
[2.911s] Invoked command in '/home/nathan/leo-rover-autonomous-exploration/src/leo_v2' returned '0': DEBUGINFOD_URLS=https://debuginfod.ubuntu.com PYTHONPATH=/home/nathan/leo-rover-autonomous-exploration/build/leo_v2/prefix_override:/usr/lib/python3/dist-packages/colcon_core/task/python/colcon_distutils_commands:/home/nathan/leo-rover-autonomous-exploration/install/leo_v2/lib/python3.12/site-packages:${PYTHONPATH} /usr/bin/python3 -W ignore:setup.py install is deprecated -W ignore:easy_install command is deprecated setup.py egg_info --egg-base ../../build/leo_v2 build --build-base /home/nathan/leo-rover-autonomous-exploration/build/leo_v2/build install --record /home/nathan/leo-rover-autonomous-exploration/build/leo_v2/install.log --single-version-externally-managed install_data
