[1.392s] Invoking command in '/home/nathan/leo-rover-autonomous-exploration/src/leo_description': DEBUGINFOD_URLS=https://debuginfod.ubuntu.com PYTHONPATH=/home/nathan/leo-rover-autonomous-exploration/build/leo_description/prefix_override:/usr/lib/python3/dist-packages/colcon_core/task/python/colcon_distutils_commands:/home/nathan/leo-rover-autonomous-exploration/install/leo_description/lib/python3.12/site-packages:${PYTHONPATH} /usr/bin/python3 -W ignore:setup.py install is deprecated -W ignore:easy_install command is deprecated setup.py egg_info --egg-base ../../build/leo_description build --build-base /home/nathan/leo-rover-autonomous-exploration/build/leo_description/build install --record /home/nathan/leo-rover-autonomous-exploration/build/leo_description/install.log --single-version-externally-managed install_data
[1.533s] /home/nathan/.local/lib/python3.12/site-packages/setuptools/_distutils/dist.py:261: UserWarning: Unknown distribution option: 'tests_require'
[1.533s]   warnings.warn(msg)
[1.642s] running egg_info
[1.660s] writing ../../build/leo_description/leo_description.egg-info/PKG-INFO
[1.660s] writing dependency_links to ../../build/leo_description/leo_description.egg-info/dependency_links.txt
[1.660s] writing requirements to ../../build/leo_description/leo_description.egg-info/requires.txt
[1.660s] writing top-level names to ../../build/leo_description/leo_description.egg-info/top_level.txt
[1.698s] reading manifest file '../../build/leo_description/leo_description.egg-info/SOURCES.txt'
[1.699s] writing manifest file '../../build/leo_description/leo_description.egg-info/SOURCES.txt'
[1.699s] running build
[1.700s] running build_py
[1.700s] copying leo_description/__init__.py -> /home/nathan/leo-rover-autonomous-exploration/build/leo_description/build/lib/leo_description
[1.700s] running install
[1.704s] running install_lib
[1.725s] running install_data
[1.725s] copying resource/leo_description -> /home/nathan/leo-rover-autonomous-exploration/install/leo_description/share/ament_index/resource_index/packages
[1.725s] copying package.xml -> /home/nathan/leo-rover-autonomous-exploration/install/leo_description/share/leo_description
[1.726s] copying launch/leo_gz.launch.py -> /home/nathan/leo-rover-autonomous-exploration/install/leo_description/share/leo_description/launch
[1.726s] copying launch/leo_rviz.launch.py -> /home/nathan/leo-rover-autonomous-exploration/install/leo_description/share/leo_description/launch
[1.726s] copying models/Rocker.dae -> /home/nathan/leo-rover-autonomous-exploration/install/leo_description/share/leo_description/models
[1.728s] copying models/Antenna.dae -> /home/nathan/leo-rover-autonomous-exploration/install/leo_description/share/leo_description/models
[1.729s] copying models/Rocker_outline.stl -> /home/nathan/leo-rover-autonomous-exploration/install/leo_description/share/leo_description/models
[1.729s] copying models/WheelA.dae -> /home/nathan/leo-rover-autonomous-exploration/install/leo_description/share/leo_description/models
[1.731s] copying models/Chassis_outline.stl -> /home/nathan/leo-rover-autonomous-exploration/install/leo_description/share/leo_description/models
[1.731s] copying models/Chassis.dae -> /home/nathan/leo-rover-autonomous-exploration/install/leo_description/share/leo_description/models
[1.740s] copying models/WheelB.dae -> /home/nathan/leo-rover-autonomous-exploration/install/leo_description/share/leo_description/models
[1.743s] copying models/Wheel_outline.stl -> /home/nathan/leo-rover-autonomous-exploration/install/leo_description/share/leo_description/models
[1.743s] copying urdf/leo.urdf.xacro -> /home/nathan/leo-rover-autonomous-exploration/install/leo_description/share/leo_description/urdf
[1.743s] copying urdf/leo.gazebo.xacro -> /home/nathan/leo-rover-autonomous-exploration/install/leo_description/share/leo_description/urdf
[1.743s] copying urdf/leo_proper.gazebo.xacro -> /home/nathan/leo-rover-autonomous-exploration/install/leo_description/share/leo_description/urdf
[1.743s] copying rviz/nav2.rviz -> /home/nathan/leo-rover-autonomous-exploration/install/leo_description/share/leo_description/rviz
[1.744s] copying worlds/meshes/wall.dae -> /home/nathan/leo-rover-autonomous-exploration/install/leo_description/share/leo_description/worlds
[1.744s] copying worlds/meshes/hexagon.dae -> /home/nathan/leo-rover-autonomous-exploration/install/leo_description/share/leo_description/worlds
[1.744s] copying worlds/tb3.sdf -> /home/nathan/leo-rover-autonomous-exploration/install/leo_description/share/leo_description/worlds
[1.744s] running install_egg_info
[1.770s] removing '/home/nathan/leo-rover-autonomous-exploration/install/leo_description/lib/python3.12/site-packages/leo_description-0.0.0-py3.12.egg-info' (and everything under it)
[1.771s] Copying ../../build/leo_description/leo_description.egg-info to /home/nathan/leo-rover-autonomous-exploration/install/leo_description/lib/python3.12/site-packages/leo_description-0.0.0-py3.12.egg-info
[1.772s] running install_scripts
[1.882s] writing list of installed files to '/home/nathan/leo-rover-autonomous-exploration/build/leo_description/install.log'
[1.907s] Invoked command in '/home/nathan/leo-rover-autonomous-exploration/src/leo_description' returned '0': DEBUGINFOD_URLS=https://debuginfod.ubuntu.com PYTHONPATH=/home/nathan/leo-rover-autonomous-exploration/build/leo_description/prefix_override:/usr/lib/python3/dist-packages/colcon_core/task/python/colcon_distutils_commands:/home/nathan/leo-rover-autonomous-exploration/install/leo_description/lib/python3.12/site-packages:${PYTHONPATH} /usr/bin/python3 -W ignore:setup.py install is deprecated -W ignore:easy_install command is deprecated setup.py egg_info --egg-base ../../build/leo_description build --build-base /home/nathan/leo-rover-autonomous-exploration/build/leo_description/build install --record /home/nathan/leo-rover-autonomous-exploration/build/leo_description/install.log --single-version-externally-managed install_data
