[ 30%] Built target gtest_main
[ 40%] Built target gtest
[ 80%] Built target explore
[100%] Built target test_explore
-- Install configuration: ""
-- Up-to-date: /home/nathan/leo-rover-autonomous-exploration/install/leo_explorer/include/explore/
-- Up-to-date: /home/nathan/leo-rover-autonomous-exploration/install/leo_explorer/include/explore//frontier_search.h
-- Up-to-date: /home/nathan/leo-rover-autonomous-exploration/install/leo_explorer/include/explore//costmap_tools.h
-- Up-to-date: /home/nathan/leo-rover-autonomous-exploration/install/leo_explorer/include/explore//explore.h
-- Up-to-date: /home/nathan/leo-rover-autonomous-exploration/install/leo_explorer/include/explore//costmap_client.h
-- Up-to-date: /home/nathan/leo-rover-autonomous-exploration/install/leo_explorer/share/leo_explorer/config
-- Up-to-date: /home/nathan/leo-rover-autonomous-exploration/install/leo_explorer/share/leo_explorer/config/params_costmap.yaml
-- Up-to-date: /home/nathan/leo-rover-autonomous-exploration/install/leo_explorer/share/leo_explorer/config/params.yaml
-- Up-to-date: /home/nathan/leo-rover-autonomous-exploration/install/leo_explorer/share/leo_explorer/launch
-- Up-to-date: /home/nathan/leo-rover-autonomous-exploration/install/leo_explorer/share/leo_explorer/launch/explore.launch.py
-- Up-to-date: /home/nathan/leo-rover-autonomous-exploration/install/leo_explorer/lib/leo_explorer/explore
-- Up-to-date: /home/nathan/leo-rover-autonomous-exploration/install/leo_explorer/share/ament_index/resource_index/package_run_dependencies/leo_explorer
-- Up-to-date: /home/nathan/leo-rover-autonomous-exploration/install/leo_explorer/share/ament_index/resource_index/parent_prefix_path/leo_explorer
-- Up-to-date: /home/nathan/leo-rover-autonomous-exploration/install/leo_explorer/share/leo_explorer/environment/ament_prefix_path.sh
-- Up-to-date: /home/nathan/leo-rover-autonomous-exploration/install/leo_explorer/share/leo_explorer/environment/ament_prefix_path.dsv
-- Up-to-date: /home/nathan/leo-rover-autonomous-exploration/install/leo_explorer/share/leo_explorer/environment/path.sh
-- Up-to-date: /home/nathan/leo-rover-autonomous-exploration/install/leo_explorer/share/leo_explorer/environment/path.dsv
-- Up-to-date: /home/nathan/leo-rover-autonomous-exploration/install/leo_explorer/share/leo_explorer/local_setup.bash
-- Up-to-date: /home/nathan/leo-rover-autonomous-exploration/install/leo_explorer/share/leo_explorer/local_setup.sh
-- Up-to-date: /home/nathan/leo-rover-autonomous-exploration/install/leo_explorer/share/leo_explorer/local_setup.zsh
-- Up-to-date: /home/nathan/leo-rover-autonomous-exploration/install/leo_explorer/share/leo_explorer/local_setup.dsv
-- Installing: /home/nathan/leo-rover-autonomous-exploration/install/leo_explorer/share/leo_explorer/package.dsv
-- Up-to-date: /home/nathan/leo-rover-autonomous-exploration/install/leo_explorer/share/ament_index/resource_index/packages/leo_explorer
-- Up-to-date: /home/nathan/leo-rover-autonomous-exploration/install/leo_explorer/share/leo_explorer/cmake/ament_cmake_export_include_directories-extras.cmake
-- Up-to-date: /home/nathan/leo-rover-autonomous-exploration/install/leo_explorer/share/leo_explorer/cmake/leo_explorerConfig.cmake
-- Up-to-date: /home/nathan/leo-rover-autonomous-exploration/install/leo_explorer/share/leo_explorer/cmake/leo_explorerConfig-version.cmake
-- Up-to-date: /home/nathan/leo-rover-autonomous-exploration/install/leo_explorer/share/leo_explorer/package.xml
