[0.076s] DEBUG:colcon:Command line arguments: ['/usr/bin/colcon', 'build']
[0.076s] DEBUG:colcon:Parsed command line arguments: Namespace(log_base=None, log_level=None, verb_name='build', build_base='build', install_base='install', merge_install=False, symlink_install=False, test_result_base=None, continue_on_error=False, executor='parallel', parallel_workers=20, event_handlers=None, ignore_user_meta=False, metas=['./colcon.meta'], base_paths=['.'], packages_ignore=None, packages_ignore_regex=None, paths=None, packages_up_to=None, packages_up_to_regex=None, packages_above=None, packages_above_and_dependencies=None, packages_above_depth=None, packages_select_by_dep=None, packages_skip_by_dep=None, packages_skip_up_to=None, packages_select_build_failed=False, packages_skip_build_finished=False, packages_select_test_failures=False, packages_skip_test_passed=False, packages_select=None, packages_skip=None, packages_select_regex=None, packages_skip_regex=None, packages_start=None, packages_end=None, allow_overriding=[], cmake_args=None, cmake_target=None, cmake_target_skip_unavailable=False, cmake_clean_cache=False, cmake_clean_first=False, cmake_force_configure=False, ament_cmake_args=None, catkin_cmake_args=None, catkin_skip_building_tests=False, mixin_files=None, mixin=None, verb_parser=<colcon_mixin.mixin.mixin_argument.MixinArgumentDecorator object at 0x792a61c7b740>, verb_extension=<colcon_core.verb.build.BuildVerb object at 0x792a61c7b320>, main=<bound method BuildVerb.main of <colcon_core.verb.build.BuildVerb object at 0x792a61c7b320>>, mixin_verb=('build',))
[0.101s] Level 1:colcon.colcon_core.package_discovery:discover_packages(colcon_meta) check parameters
[0.102s] Level 1:colcon.colcon_core.package_discovery:discover_packages(recursive) check parameters
[0.102s] Level 1:colcon.colcon_core.package_discovery:discover_packages(ignore) check parameters
[0.102s] Level 1:colcon.colcon_core.package_discovery:discover_packages(path) check parameters
[0.102s] Level 1:colcon.colcon_core.package_discovery:discover_packages(colcon_meta) discover
[0.102s] Level 1:colcon.colcon_core.package_discovery:discover_packages(recursive) discover
[0.102s] INFO:colcon.colcon_core.package_discovery:Crawling recursively for packages in '/home/nathan/leo-rover-autonomous-exploration'
[0.102s] Level 1:colcon.colcon_core.package_identification:_identify(.) by extensions ['ignore', 'ignore_ament_install']
[0.102s] Level 1:colcon.colcon_core.package_identification:_identify(.) by extension 'ignore'
[0.102s] Level 1:colcon.colcon_core.package_identification:_identify(.) by extension 'ignore_ament_install'
[0.102s] Level 1:colcon.colcon_core.package_identification:_identify(.) by extensions ['colcon_pkg']
[0.102s] Level 1:colcon.colcon_core.package_identification:_identify(.) by extension 'colcon_pkg'
[0.102s] Level 1:colcon.colcon_core.package_identification:_identify(.) by extensions ['colcon_meta']
[0.102s] Level 1:colcon.colcon_core.package_identification:_identify(.) by extension 'colcon_meta'
[0.102s] Level 1:colcon.colcon_core.package_identification:_identify(.) by extensions ['ros']
[0.102s] Level 1:colcon.colcon_core.package_identification:_identify(.) by extension 'ros'
[0.120s] Level 1:colcon.colcon_core.package_identification:_identify(.) by extensions ['cmake', 'python']
[0.120s] Level 1:colcon.colcon_core.package_identification:_identify(.) by extension 'cmake'
[0.120s] Level 1:colcon.colcon_core.package_identification:_identify(.) by extension 'python'
[0.120s] Level 1:colcon.colcon_core.package_identification:_identify(.) by extensions ['python_setup_py']
[0.120s] Level 1:colcon.colcon_core.package_identification:_identify(.) by extension 'python_setup_py'
[0.120s] Level 1:colcon.colcon_core.package_identification:_identify(build) by extensions ['ignore', 'ignore_ament_install']
[0.120s] Level 1:colcon.colcon_core.package_identification:_identify(build) by extension 'ignore'
[0.120s] Level 1:colcon.colcon_core.package_identification:_identify(build) ignored
[0.120s] Level 1:colcon.colcon_core.package_identification:_identify(install) by extensions ['ignore', 'ignore_ament_install']
[0.120s] Level 1:colcon.colcon_core.package_identification:_identify(install) by extension 'ignore'
[0.120s] Level 1:colcon.colcon_core.package_identification:_identify(install) ignored
[0.120s] Level 1:colcon.colcon_core.package_identification:_identify(log) by extensions ['ignore', 'ignore_ament_install']
[0.120s] Level 1:colcon.colcon_core.package_identification:_identify(log) by extension 'ignore'
[0.120s] Level 1:colcon.colcon_core.package_identification:_identify(log) ignored
[0.120s] Level 1:colcon.colcon_core.package_identification:_identify(src) by extensions ['ignore', 'ignore_ament_install']
[0.120s] Level 1:colcon.colcon_core.package_identification:_identify(src) by extension 'ignore'
[0.120s] Level 1:colcon.colcon_core.package_identification:_identify(src) by extension 'ignore_ament_install'
[0.120s] Level 1:colcon.colcon_core.package_identification:_identify(src) by extensions ['colcon_pkg']
[0.120s] Level 1:colcon.colcon_core.package_identification:_identify(src) by extension 'colcon_pkg'
[0.120s] Level 1:colcon.colcon_core.package_identification:_identify(src) by extensions ['colcon_meta']
[0.120s] Level 1:colcon.colcon_core.package_identification:_identify(src) by extension 'colcon_meta'
[0.120s] Level 1:colcon.colcon_core.package_identification:_identify(src) by extensions ['ros']
[0.120s] Level 1:colcon.colcon_core.package_identification:_identify(src) by extension 'ros'
[0.120s] Level 1:colcon.colcon_core.package_identification:_identify(src) by extensions ['cmake', 'python']
[0.120s] Level 1:colcon.colcon_core.package_identification:_identify(src) by extension 'cmake'
[0.120s] Level 1:colcon.colcon_core.package_identification:_identify(src) by extension 'python'
[0.120s] Level 1:colcon.colcon_core.package_identification:_identify(src) by extensions ['python_setup_py']
[0.121s] Level 1:colcon.colcon_core.package_identification:_identify(src) by extension 'python_setup_py'
[0.121s] Level 1:colcon.colcon_core.package_identification:_identify(src/leo_description) by extensions ['ignore', 'ignore_ament_install']
[0.121s] Level 1:colcon.colcon_core.package_identification:_identify(src/leo_description) by extension 'ignore'
[0.121s] Level 1:colcon.colcon_core.package_identification:_identify(src/leo_description) by extension 'ignore_ament_install'
[0.121s] Level 1:colcon.colcon_core.package_identification:_identify(src/leo_description) by extensions ['colcon_pkg']
[0.121s] Level 1:colcon.colcon_core.package_identification:_identify(src/leo_description) by extension 'colcon_pkg'
[0.121s] Level 1:colcon.colcon_core.package_identification:_identify(src/leo_description) by extensions ['colcon_meta']
[0.121s] Level 1:colcon.colcon_core.package_identification:_identify(src/leo_description) by extension 'colcon_meta'
[0.121s] Level 1:colcon.colcon_core.package_identification:_identify(src/leo_description) by extensions ['ros']
[0.121s] Level 1:colcon.colcon_core.package_identification:_identify(src/leo_description) by extension 'ros'
[0.123s] DEBUG:colcon.colcon_core.package_identification:Package 'src/leo_description' with type 'ros.ament_python' and name 'leo_description'
[0.123s] Level 1:colcon.colcon_core.package_identification:_identify(src/leo_explorer) by extensions ['ignore', 'ignore_ament_install']
[0.123s] Level 1:colcon.colcon_core.package_identification:_identify(src/leo_explorer) by extension 'ignore'
[0.123s] Level 1:colcon.colcon_core.package_identification:_identify(src/leo_explorer) by extension 'ignore_ament_install'
[0.123s] Level 1:colcon.colcon_core.package_identification:_identify(src/leo_explorer) by extensions ['colcon_pkg']
[0.123s] Level 1:colcon.colcon_core.package_identification:_identify(src/leo_explorer) by extension 'colcon_pkg'
[0.123s] Level 1:colcon.colcon_core.package_identification:_identify(src/leo_explorer) by extensions ['colcon_meta']
[0.123s] Level 1:colcon.colcon_core.package_identification:_identify(src/leo_explorer) by extension 'colcon_meta'
[0.123s] Level 1:colcon.colcon_core.package_identification:_identify(src/leo_explorer) by extensions ['ros']
[0.123s] Level 1:colcon.colcon_core.package_identification:_identify(src/leo_explorer) by extension 'ros'
[0.124s] DEBUG:colcon.colcon_core.package_identification:Package 'src/leo_explorer' with type 'ros.ament_cmake' and name 'leo_explorer'
[0.124s] Level 1:colcon.colcon_core.package_identification:_identify(src/leo_v1) by extensions ['ignore', 'ignore_ament_install']
[0.124s] Level 1:colcon.colcon_core.package_identification:_identify(src/leo_v1) by extension 'ignore'
[0.124s] Level 1:colcon.colcon_core.package_identification:_identify(src/leo_v1) by extension 'ignore_ament_install'
[0.124s] Level 1:colcon.colcon_core.package_identification:_identify(src/leo_v1) by extensions ['colcon_pkg']
[0.124s] Level 1:colcon.colcon_core.package_identification:_identify(src/leo_v1) by extension 'colcon_pkg'
[0.124s] Level 1:colcon.colcon_core.package_identification:_identify(src/leo_v1) by extensions ['colcon_meta']
[0.124s] Level 1:colcon.colcon_core.package_identification:_identify(src/leo_v1) by extension 'colcon_meta'
[0.124s] Level 1:colcon.colcon_core.package_identification:_identify(src/leo_v1) by extensions ['ros']
[0.124s] Level 1:colcon.colcon_core.package_identification:_identify(src/leo_v1) by extension 'ros'
[0.124s] DEBUG:colcon.colcon_core.package_identification:Package 'src/leo_v1' with type 'ros.ament_python' and name 'leo_v1'
[0.124s] Level 1:colcon.colcon_core.package_identification:_identify(src/leo_v2) by extensions ['ignore', 'ignore_ament_install']
[0.124s] Level 1:colcon.colcon_core.package_identification:_identify(src/leo_v2) by extension 'ignore'
[0.124s] Level 1:colcon.colcon_core.package_identification:_identify(src/leo_v2) by extension 'ignore_ament_install'
[0.124s] Level 1:colcon.colcon_core.package_identification:_identify(src/leo_v2) by extensions ['colcon_pkg']
[0.124s] Level 1:colcon.colcon_core.package_identification:_identify(src/leo_v2) by extension 'colcon_pkg'
[0.124s] Level 1:colcon.colcon_core.package_identification:_identify(src/leo_v2) by extensions ['colcon_meta']
[0.124s] Level 1:colcon.colcon_core.package_identification:_identify(src/leo_v2) by extension 'colcon_meta'
[0.124s] Level 1:colcon.colcon_core.package_identification:_identify(src/leo_v2) by extensions ['ros']
[0.124s] Level 1:colcon.colcon_core.package_identification:_identify(src/leo_v2) by extension 'ros'
[0.125s] DEBUG:colcon.colcon_core.package_identification:Package 'src/leo_v2' with type 'ros.ament_python' and name 'leo_v2'
[0.125s] Level 1:colcon.colcon_core.package_identification:_identify(src/leo_v3) by extensions ['ignore', 'ignore_ament_install']
[0.125s] Level 1:colcon.colcon_core.package_identification:_identify(src/leo_v3) by extension 'ignore'
[0.125s] Level 1:colcon.colcon_core.package_identification:_identify(src/leo_v3) by extension 'ignore_ament_install'
[0.125s] Level 1:colcon.colcon_core.package_identification:_identify(src/leo_v3) by extensions ['colcon_pkg']
[0.125s] Level 1:colcon.colcon_core.package_identification:_identify(src/leo_v3) by extension 'colcon_pkg'
[0.125s] Level 1:colcon.colcon_core.package_identification:_identify(src/leo_v3) by extensions ['colcon_meta']
[0.125s] Level 1:colcon.colcon_core.package_identification:_identify(src/leo_v3) by extension 'colcon_meta'
[0.125s] Level 1:colcon.colcon_core.package_identification:_identify(src/leo_v3) by extensions ['ros']
[0.125s] Level 1:colcon.colcon_core.package_identification:_identify(src/leo_v3) by extension 'ros'
[0.125s] DEBUG:colcon.colcon_core.package_identification:Package 'src/leo_v3' with type 'ros.ament_python' and name 'leo_v3'
[0.125s] Level 1:colcon.colcon_core.package_identification:_identify(src/leo_v4) by extensions ['ignore', 'ignore_ament_install']
[0.125s] Level 1:colcon.colcon_core.package_identification:_identify(src/leo_v4) by extension 'ignore'
[0.125s] Level 1:colcon.colcon_core.package_identification:_identify(src/leo_v4) by extension 'ignore_ament_install'
[0.125s] Level 1:colcon.colcon_core.package_identification:_identify(src/leo_v4) by extensions ['colcon_pkg']
[0.125s] Level 1:colcon.colcon_core.package_identification:_identify(src/leo_v4) by extension 'colcon_pkg'
[0.125s] Level 1:colcon.colcon_core.package_identification:_identify(src/leo_v4) by extensions ['colcon_meta']
[0.125s] Level 1:colcon.colcon_core.package_identification:_identify(src/leo_v4) by extension 'colcon_meta'
[0.125s] Level 1:colcon.colcon_core.package_identification:_identify(src/leo_v4) by extensions ['ros']
[0.125s] Level 1:colcon.colcon_core.package_identification:_identify(src/leo_v4) by extension 'ros'
[0.126s] DEBUG:colcon.colcon_core.package_identification:Package 'src/leo_v4' with type 'ros.ament_python' and name 'leo_v4'
[0.126s] Level 1:colcon.colcon_core.package_discovery:discover_packages(recursive) using defaults
[0.126s] Level 1:colcon.colcon_core.package_discovery:discover_packages(ignore) discover
[0.126s] Level 1:colcon.colcon_core.package_discovery:discover_packages(ignore) using defaults
[0.126s] Level 1:colcon.colcon_core.package_discovery:discover_packages(path) discover
[0.126s] Level 1:colcon.colcon_core.package_discovery:discover_packages(path) using defaults
[0.138s] Level 1:colcon.colcon_core.package_discovery:discover_packages(prefix_path) check parameters
[0.138s] Level 1:colcon.colcon_core.package_discovery:discover_packages(prefix_path) discover
[0.140s] DEBUG:colcon.colcon_installed_package_information.package_discovery:Found 379 installed packages in /opt/ros/jazzy
[0.141s] Level 1:colcon.colcon_core.package_discovery:discover_packages(prefix_path) using defaults
[0.169s] Level 5:colcon.colcon_core.verb:set package 'leo_description' build argument 'cmake_args' from command line to 'None'
[0.169s] Level 5:colcon.colcon_core.verb:set package 'leo_description' build argument 'cmake_target' from command line to 'None'
[0.169s] Level 5:colcon.colcon_core.verb:set package 'leo_description' build argument 'cmake_target_skip_unavailable' from command line to 'False'
[0.169s] Level 5:colcon.colcon_core.verb:set package 'leo_description' build argument 'cmake_clean_cache' from command line to 'False'
[0.169s] Level 5:colcon.colcon_core.verb:set package 'leo_description' build argument 'cmake_clean_first' from command line to 'False'
[0.169s] Level 5:colcon.colcon_core.verb:set package 'leo_description' build argument 'cmake_force_configure' from command line to 'False'
[0.169s] Level 5:colcon.colcon_core.verb:set package 'leo_description' build argument 'ament_cmake_args' from command line to 'None'
[0.169s] Level 5:colcon.colcon_core.verb:set package 'leo_description' build argument 'catkin_cmake_args' from command line to 'None'
[0.169s] Level 5:colcon.colcon_core.verb:set package 'leo_description' build argument 'catkin_skip_building_tests' from command line to 'False'
[0.170s] DEBUG:colcon.colcon_core.verb:Building package 'leo_description' with the following arguments: {'ament_cmake_args': None, 'build_base': '/home/nathan/leo-rover-autonomous-exploration/build/leo_description', 'catkin_cmake_args': None, 'catkin_skip_building_tests': False, 'cmake_args': None, 'cmake_clean_cache': False, 'cmake_clean_first': False, 'cmake_force_configure': False, 'cmake_target': None, 'cmake_target_skip_unavailable': False, 'install_base': '/home/nathan/leo-rover-autonomous-exploration/install/leo_description', 'merge_install': False, 'path': '/home/nathan/leo-rover-autonomous-exploration/src/leo_description', 'symlink_install': False, 'test_result_base': None}
[0.170s] Level 5:colcon.colcon_core.verb:set package 'leo_explorer' build argument 'cmake_args' from command line to 'None'
[0.170s] Level 5:colcon.colcon_core.verb:set package 'leo_explorer' build argument 'cmake_target' from command line to 'None'
[0.170s] Level 5:colcon.colcon_core.verb:set package 'leo_explorer' build argument 'cmake_target_skip_unavailable' from command line to 'False'
[0.170s] Level 5:colcon.colcon_core.verb:set package 'leo_explorer' build argument 'cmake_clean_cache' from command line to 'False'
[0.170s] Level 5:colcon.colcon_core.verb:set package 'leo_explorer' build argument 'cmake_clean_first' from command line to 'False'
[0.170s] Level 5:colcon.colcon_core.verb:set package 'leo_explorer' build argument 'cmake_force_configure' from command line to 'False'
[0.170s] Level 5:colcon.colcon_core.verb:set package 'leo_explorer' build argument 'ament_cmake_args' from command line to 'None'
[0.170s] Level 5:colcon.colcon_core.verb:set package 'leo_explorer' build argument 'catkin_cmake_args' from command line to 'None'
[0.170s] Level 5:colcon.colcon_core.verb:set package 'leo_explorer' build argument 'catkin_skip_building_tests' from command line to 'False'
[0.170s] DEBUG:colcon.colcon_core.verb:Building package 'leo_explorer' with the following arguments: {'ament_cmake_args': None, 'build_base': '/home/nathan/leo-rover-autonomous-exploration/build/leo_explorer', 'catkin_cmake_args': None, 'catkin_skip_building_tests': False, 'cmake_args': None, 'cmake_clean_cache': False, 'cmake_clean_first': False, 'cmake_force_configure': False, 'cmake_target': None, 'cmake_target_skip_unavailable': False, 'install_base': '/home/nathan/leo-rover-autonomous-exploration/install/leo_explorer', 'merge_install': False, 'path': '/home/nathan/leo-rover-autonomous-exploration/src/leo_explorer', 'symlink_install': False, 'test_result_base': None}
[0.170s] Level 5:colcon.colcon_core.verb:set package 'leo_v1' build argument 'cmake_args' from command line to 'None'
[0.170s] Level 5:colcon.colcon_core.verb:set package 'leo_v1' build argument 'cmake_target' from command line to 'None'
[0.170s] Level 5:colcon.colcon_core.verb:set package 'leo_v1' build argument 'cmake_target_skip_unavailable' from command line to 'False'
[0.170s] Level 5:colcon.colcon_core.verb:set package 'leo_v1' build argument 'cmake_clean_cache' from command line to 'False'
[0.170s] Level 5:colcon.colcon_core.verb:set package 'leo_v1' build argument 'cmake_clean_first' from command line to 'False'
[0.170s] Level 5:colcon.colcon_core.verb:set package 'leo_v1' build argument 'cmake_force_configure' from command line to 'False'
[0.170s] Level 5:colcon.colcon_core.verb:set package 'leo_v1' build argument 'ament_cmake_args' from command line to 'None'
[0.170s] Level 5:colcon.colcon_core.verb:set package 'leo_v1' build argument 'catkin_cmake_args' from command line to 'None'
[0.170s] Level 5:colcon.colcon_core.verb:set package 'leo_v1' build argument 'catkin_skip_building_tests' from command line to 'False'
[0.170s] DEBUG:colcon.colcon_core.verb:Building package 'leo_v1' with the following arguments: {'ament_cmake_args': None, 'build_base': '/home/nathan/leo-rover-autonomous-exploration/build/leo_v1', 'catkin_cmake_args': None, 'catkin_skip_building_tests': False, 'cmake_args': None, 'cmake_clean_cache': False, 'cmake_clean_first': False, 'cmake_force_configure': False, 'cmake_target': None, 'cmake_target_skip_unavailable': False, 'install_base': '/home/nathan/leo-rover-autonomous-exploration/install/leo_v1', 'merge_install': False, 'path': '/home/nathan/leo-rover-autonomous-exploration/src/leo_v1', 'symlink_install': False, 'test_result_base': None}
[0.170s] Level 5:colcon.colcon_core.verb:set package 'leo_v2' build argument 'cmake_args' from command line to 'None'
[0.170s] Level 5:colcon.colcon_core.verb:set package 'leo_v2' build argument 'cmake_target' from command line to 'None'
[0.170s] Level 5:colcon.colcon_core.verb:set package 'leo_v2' build argument 'cmake_target_skip_unavailable' from command line to 'False'
[0.170s] Level 5:colcon.colcon_core.verb:set package 'leo_v2' build argument 'cmake_clean_cache' from command line to 'False'
[0.170s] Level 5:colcon.colcon_core.verb:set package 'leo_v2' build argument 'cmake_clean_first' from command line to 'False'
[0.170s] Level 5:colcon.colcon_core.verb:set package 'leo_v2' build argument 'cmake_force_configure' from command line to 'False'
[0.170s] Level 5:colcon.colcon_core.verb:set package 'leo_v2' build argument 'ament_cmake_args' from command line to 'None'
[0.170s] Level 5:colcon.colcon_core.verb:set package 'leo_v2' build argument 'catkin_cmake_args' from command line to 'None'
[0.170s] Level 5:colcon.colcon_core.verb:set package 'leo_v2' build argument 'catkin_skip_building_tests' from command line to 'False'
[0.170s] DEBUG:colcon.colcon_core.verb:Building package 'leo_v2' with the following arguments: {'ament_cmake_args': None, 'build_base': '/home/nathan/leo-rover-autonomous-exploration/build/leo_v2', 'catkin_cmake_args': None, 'catkin_skip_building_tests': False, 'cmake_args': None, 'cmake_clean_cache': False, 'cmake_clean_first': False, 'cmake_force_configure': False, 'cmake_target': None, 'cmake_target_skip_unavailable': False, 'install_base': '/home/nathan/leo-rover-autonomous-exploration/install/leo_v2', 'merge_install': False, 'path': '/home/nathan/leo-rover-autonomous-exploration/src/leo_v2', 'symlink_install': False, 'test_result_base': None}
[0.170s] Level 5:colcon.colcon_core.verb:set package 'leo_v3' build argument 'cmake_args' from command line to 'None'
[0.170s] Level 5:colcon.colcon_core.verb:set package 'leo_v3' build argument 'cmake_target' from command line to 'None'
[0.170s] Level 5:colcon.colcon_core.verb:set package 'leo_v3' build argument 'cmake_target_skip_unavailable' from command line to 'False'
[0.170s] Level 5:colcon.colcon_core.verb:set package 'leo_v3' build argument 'cmake_clean_cache' from command line to 'False'
[0.171s] Level 5:colcon.colcon_core.verb:set package 'leo_v3' build argument 'cmake_clean_first' from command line to 'False'
[0.171s] Level 5:colcon.colcon_core.verb:set package 'leo_v3' build argument 'cmake_force_configure' from command line to 'False'
[0.171s] Level 5:colcon.colcon_core.verb:set package 'leo_v3' build argument 'ament_cmake_args' from command line to 'None'
[0.171s] Level 5:colcon.colcon_core.verb:set package 'leo_v3' build argument 'catkin_cmake_args' from command line to 'None'
[0.171s] Level 5:colcon.colcon_core.verb:set package 'leo_v3' build argument 'catkin_skip_building_tests' from command line to 'False'
[0.171s] DEBUG:colcon.colcon_core.verb:Building package 'leo_v3' with the following arguments: {'ament_cmake_args': None, 'build_base': '/home/nathan/leo-rover-autonomous-exploration/build/leo_v3', 'catkin_cmake_args': None, 'catkin_skip_building_tests': False, 'cmake_args': None, 'cmake_clean_cache': False, 'cmake_clean_first': False, 'cmake_force_configure': False, 'cmake_target': None, 'cmake_target_skip_unavailable': False, 'install_base': '/home/nathan/leo-rover-autonomous-exploration/install/leo_v3', 'merge_install': False, 'path': '/home/nathan/leo-rover-autonomous-exploration/src/leo_v3', 'symlink_install': False, 'test_result_base': None}
[0.171s] Level 5:colcon.colcon_core.verb:set package 'leo_v4' build argument 'cmake_args' from command line to 'None'
[0.171s] Level 5:colcon.colcon_core.verb:set package 'leo_v4' build argument 'cmake_target' from command line to 'None'
[0.171s] Level 5:colcon.colcon_core.verb:set package 'leo_v4' build argument 'cmake_target_skip_unavailable' from command line to 'False'
[0.171s] Level 5:colcon.colcon_core.verb:set package 'leo_v4' build argument 'cmake_clean_cache' from command line to 'False'
[0.171s] Level 5:colcon.colcon_core.verb:set package 'leo_v4' build argument 'cmake_clean_first' from command line to 'False'
[0.171s] Level 5:colcon.colcon_core.verb:set package 'leo_v4' build argument 'cmake_force_configure' from command line to 'False'
[0.171s] Level 5:colcon.colcon_core.verb:set package 'leo_v4' build argument 'ament_cmake_args' from command line to 'None'
[0.171s] Level 5:colcon.colcon_core.verb:set package 'leo_v4' build argument 'catkin_cmake_args' from command line to 'None'
[0.171s] Level 5:colcon.colcon_core.verb:set package 'leo_v4' build argument 'catkin_skip_building_tests' from command line to 'False'
[0.171s] DEBUG:colcon.colcon_core.verb:Building package 'leo_v4' with the following arguments: {'ament_cmake_args': None, 'build_base': '/home/nathan/leo-rover-autonomous-exploration/build/leo_v4', 'catkin_cmake_args': None, 'catkin_skip_building_tests': False, 'cmake_args': None, 'cmake_clean_cache': False, 'cmake_clean_first': False, 'cmake_force_configure': False, 'cmake_target': None, 'cmake_target_skip_unavailable': False, 'install_base': '/home/nathan/leo-rover-autonomous-exploration/install/leo_v4', 'merge_install': False, 'path': '/home/nathan/leo-rover-autonomous-exploration/src/leo_v4', 'symlink_install': False, 'test_result_base': None}
[0.171s] INFO:colcon.colcon_core.executor:Executing jobs using 'parallel' executor
[0.172s] DEBUG:colcon.colcon_parallel_executor.executor.parallel:run_until_complete
[0.172s] INFO:colcon.colcon_ros.task.ament_python.build:Building ROS package in '/home/nathan/leo-rover-autonomous-exploration/src/leo_description' with build type 'ament_python'
[0.172s] Level 1:colcon.colcon_core.shell:create_environment_hook('leo_description', 'ament_prefix_path')
[0.173s] INFO:colcon.colcon_core.plugin_system:Skipping extension 'colcon_core.shell.bat': Not used on non-Windows systems
[0.174s] INFO:colcon.colcon_core.shell:Creating environment hook '/home/nathan/leo-rover-autonomous-exploration/install/leo_description/share/leo_description/hook/ament_prefix_path.ps1'
[0.174s] INFO:colcon.colcon_core.shell:Creating environment descriptor '/home/nathan/leo-rover-autonomous-exploration/install/leo_description/share/leo_description/hook/ament_prefix_path.dsv'
[0.174s] INFO:colcon.colcon_core.shell:Creating environment hook '/home/nathan/leo-rover-autonomous-exploration/install/leo_description/share/leo_description/hook/ament_prefix_path.sh'
[0.175s] INFO:colcon.colcon_core.shell:Skip shell extension 'powershell' for command environment: Not usable outside of PowerShell
[0.175s] DEBUG:colcon.colcon_core.shell:Skip shell extension 'dsv' for command environment
[0.177s] INFO:colcon.colcon_ros.task.ament_cmake.build:Building ROS package in '/home/nathan/leo-rover-autonomous-exploration/src/leo_explorer' with build type 'ament_cmake'
[0.177s] INFO:colcon.colcon_cmake.task.cmake.build:Building CMake package in '/home/nathan/leo-rover-autonomous-exploration/src/leo_explorer'
[0.178s] INFO:colcon.colcon_core.shell:Skip shell extension 'powershell' for command environment: Not usable outside of PowerShell
[0.178s] DEBUG:colcon.colcon_core.shell:Skip shell extension 'dsv' for command environment
[0.180s] INFO:colcon.colcon_ros.task.ament_python.build:Building ROS package in '/home/nathan/leo-rover-autonomous-exploration/src/leo_v1' with build type 'ament_python'
[0.180s] Level 1:colcon.colcon_core.shell:create_environment_hook('leo_v1', 'ament_prefix_path')
[0.180s] INFO:colcon.colcon_core.shell:Creating environment hook '/home/nathan/leo-rover-autonomous-exploration/install/leo_v1/share/leo_v1/hook/ament_prefix_path.ps1'
[0.181s] INFO:colcon.colcon_core.shell:Creating environment descriptor '/home/nathan/leo-rover-autonomous-exploration/install/leo_v1/share/leo_v1/hook/ament_prefix_path.dsv'
[0.181s] INFO:colcon.colcon_core.shell:Creating environment hook '/home/nathan/leo-rover-autonomous-exploration/install/leo_v1/share/leo_v1/hook/ament_prefix_path.sh'
[0.181s] INFO:colcon.colcon_core.shell:Skip shell extension 'powershell' for command environment: Not usable outside of PowerShell
[0.181s] DEBUG:colcon.colcon_core.shell:Skip shell extension 'dsv' for command environment
[0.183s] INFO:colcon.colcon_ros.task.ament_python.build:Building ROS package in '/home/nathan/leo-rover-autonomous-exploration/src/leo_v2' with build type 'ament_python'
[0.183s] Level 1:colcon.colcon_core.shell:create_environment_hook('leo_v2', 'ament_prefix_path')
[0.183s] INFO:colcon.colcon_core.shell:Creating environment hook '/home/nathan/leo-rover-autonomous-exploration/install/leo_v2/share/leo_v2/hook/ament_prefix_path.ps1'
[0.184s] INFO:colcon.colcon_core.shell:Creating environment descriptor '/home/nathan/leo-rover-autonomous-exploration/install/leo_v2/share/leo_v2/hook/ament_prefix_path.dsv'
[0.184s] INFO:colcon.colcon_core.shell:Creating environment hook '/home/nathan/leo-rover-autonomous-exploration/install/leo_v2/share/leo_v2/hook/ament_prefix_path.sh'
[0.184s] INFO:colcon.colcon_core.shell:Skip shell extension 'powershell' for command environment: Not usable outside of PowerShell
[0.184s] DEBUG:colcon.colcon_core.shell:Skip shell extension 'dsv' for command environment
[0.186s] INFO:colcon.colcon_ros.task.ament_python.build:Building ROS package in '/home/nathan/leo-rover-autonomous-exploration/src/leo_v3' with build type 'ament_python'
[0.187s] Level 1:colcon.colcon_core.shell:create_environment_hook('leo_v3', 'ament_prefix_path')
[0.187s] INFO:colcon.colcon_core.shell:Creating environment hook '/home/nathan/leo-rover-autonomous-exploration/install/leo_v3/share/leo_v3/hook/ament_prefix_path.ps1'
[0.187s] INFO:colcon.colcon_core.shell:Creating environment descriptor '/home/nathan/leo-rover-autonomous-exploration/install/leo_v3/share/leo_v3/hook/ament_prefix_path.dsv'
[0.187s] INFO:colcon.colcon_core.shell:Creating environment hook '/home/nathan/leo-rover-autonomous-exploration/install/leo_v3/share/leo_v3/hook/ament_prefix_path.sh'
[0.188s] INFO:colcon.colcon_core.shell:Skip shell extension 'powershell' for command environment: Not usable outside of PowerShell
[0.188s] DEBUG:colcon.colcon_core.shell:Skip shell extension 'dsv' for command environment
[0.190s] INFO:colcon.colcon_ros.task.ament_python.build:Building ROS package in '/home/nathan/leo-rover-autonomous-exploration/src/leo_v4' with build type 'ament_python'
[0.190s] Level 1:colcon.colcon_core.shell:create_environment_hook('leo_v4', 'ament_prefix_path')
[0.190s] INFO:colcon.colcon_core.shell:Creating environment hook '/home/nathan/leo-rover-autonomous-exploration/install/leo_v4/share/leo_v4/hook/ament_prefix_path.ps1'
[0.190s] INFO:colcon.colcon_core.shell:Creating environment descriptor '/home/nathan/leo-rover-autonomous-exploration/install/leo_v4/share/leo_v4/hook/ament_prefix_path.dsv'
[0.190s] INFO:colcon.colcon_core.shell:Creating environment hook '/home/nathan/leo-rover-autonomous-exploration/install/leo_v4/share/leo_v4/hook/ament_prefix_path.sh'
[0.191s] INFO:colcon.colcon_core.shell:Skip shell extension 'powershell' for command environment: Not usable outside of PowerShell
[0.191s] DEBUG:colcon.colcon_core.shell:Skip shell extension 'dsv' for command environment
[0.334s] INFO:colcon.colcon_core.task.python.build:Building Python package in '/home/nathan/leo-rover-autonomous-exploration/src/leo_description'
[0.334s] INFO:colcon.colcon_core.shell:Skip shell extension 'powershell' for command environment: Not usable outside of PowerShell
[0.335s] DEBUG:colcon.colcon_core.shell:Skip shell extension 'dsv' for command environment
[0.339s] DEBUG:colcon.colcon_core.event_handler.log_command:Invoking command in '/home/nathan/leo-rover-autonomous-exploration/build/leo_explorer': CMAKE_PREFIX_PATH=${CMAKE_PREFIX_PATH}:/opt/ros/jazzy DEBUGINFOD_URLS=https://debuginfod.ubuntu.com /usr/bin/cmake --build /home/nathan/leo-rover-autonomous-exploration/build/leo_explorer -- -j20 -l20
[0.489s] INFO:colcon.colcon_core.task.python.build:Building Python package in '/home/nathan/leo-rover-autonomous-exploration/src/leo_v1'
[0.489s] INFO:colcon.colcon_core.shell:Skip shell extension 'powershell' for command environment: Not usable outside of PowerShell
[0.489s] DEBUG:colcon.colcon_core.shell:Skip shell extension 'dsv' for command environment
[0.634s] INFO:colcon.colcon_core.task.python.build:Building Python package in '/home/nathan/leo-rover-autonomous-exploration/src/leo_v2'
[0.634s] INFO:colcon.colcon_core.shell:Skip shell extension 'powershell' for command environment: Not usable outside of PowerShell
[0.634s] DEBUG:colcon.colcon_core.shell:Skip shell extension 'dsv' for command environment
[0.786s] INFO:colcon.colcon_core.task.python.build:Building Python package in '/home/nathan/leo-rover-autonomous-exploration/src/leo_v3'
[0.786s] INFO:colcon.colcon_core.shell:Skip shell extension 'powershell' for command environment: Not usable outside of PowerShell
[0.786s] DEBUG:colcon.colcon_core.shell:Skip shell extension 'dsv' for command environment
[0.936s] INFO:colcon.colcon_core.task.python.build:Building Python package in '/home/nathan/leo-rover-autonomous-exploration/src/leo_v4'
[0.936s] INFO:colcon.colcon_core.shell:Skip shell extension 'powershell' for command environment: Not usable outside of PowerShell
[0.936s] DEBUG:colcon.colcon_core.shell:Skip shell extension 'dsv' for command environment
[1.398s] DEBUG:colcon.colcon_core.event_handler.log_command:Invoking command in '/home/nathan/leo-rover-autonomous-exploration/src/leo_v1': DEBUGINFOD_URLS=https://debuginfod.ubuntu.com PYTHONPATH=/home/nathan/leo-rover-autonomous-exploration/build/leo_v1/prefix_override:/usr/lib/python3/dist-packages/colcon_core/task/python/colcon_distutils_commands:/home/nathan/leo-rover-autonomous-exploration/install/leo_v1/lib/python3.12/site-packages:${PYTHONPATH} /usr/bin/python3 -W ignore:setup.py install is deprecated -W ignore:easy_install command is deprecated setup.py egg_info --egg-base ../../build/leo_v1 build --build-base /home/nathan/leo-rover-autonomous-exploration/build/leo_v1/build install --record /home/nathan/leo-rover-autonomous-exploration/build/leo_v1/install.log --single-version-externally-managed install_data
[1.407s] DEBUG:colcon.colcon_core.event_handler.log_command:Invoking command in '/home/nathan/leo-rover-autonomous-exploration/src/leo_v2': DEBUGINFOD_URLS=https://debuginfod.ubuntu.com PYTHONPATH=/home/nathan/leo-rover-autonomous-exploration/build/leo_v2/prefix_override:/usr/lib/python3/dist-packages/colcon_core/task/python/colcon_distutils_commands:/home/nathan/leo-rover-autonomous-exploration/install/leo_v2/lib/python3.12/site-packages:${PYTHONPATH} /usr/bin/python3 -W ignore:setup.py install is deprecated -W ignore:easy_install command is deprecated setup.py egg_info --egg-base ../../build/leo_v2 build --build-base /home/nathan/leo-rover-autonomous-exploration/build/leo_v2/build install --record /home/nathan/leo-rover-autonomous-exploration/build/leo_v2/install.log --single-version-externally-managed install_data
[1.409s] DEBUG:colcon.colcon_core.event_handler.log_command:Invoking command in '/home/nathan/leo-rover-autonomous-exploration/src/leo_v4': DEBUGINFOD_URLS=https://debuginfod.ubuntu.com PYTHONPATH=/home/nathan/leo-rover-autonomous-exploration/build/leo_v4/prefix_override:/usr/lib/python3/dist-packages/colcon_core/task/python/colcon_distutils_commands:/home/nathan/leo-rover-autonomous-exploration/install/leo_v4/lib/python3.12/site-packages:${PYTHONPATH} /usr/bin/python3 -W ignore:setup.py install is deprecated -W ignore:easy_install command is deprecated setup.py egg_info --egg-base ../../build/leo_v4 build --build-base /home/nathan/leo-rover-autonomous-exploration/build/leo_v4/build install --record /home/nathan/leo-rover-autonomous-exploration/build/leo_v4/install.log --single-version-externally-managed install_data
[1.411s] DEBUG:colcon.colcon_core.event_handler.log_command:Invoking command in '/home/nathan/leo-rover-autonomous-exploration/src/leo_v3': DEBUGINFOD_URLS=https://debuginfod.ubuntu.com PYTHONPATH=/home/nathan/leo-rover-autonomous-exploration/build/leo_v3/prefix_override:/usr/lib/python3/dist-packages/colcon_core/task/python/colcon_distutils_commands:/home/nathan/leo-rover-autonomous-exploration/install/leo_v3/lib/python3.12/site-packages:${PYTHONPATH} /usr/bin/python3 -W ignore:setup.py install is deprecated -W ignore:easy_install command is deprecated setup.py egg_info --egg-base ../../build/leo_v3 build --build-base /home/nathan/leo-rover-autonomous-exploration/build/leo_v3/build install --record /home/nathan/leo-rover-autonomous-exploration/build/leo_v3/install.log --single-version-externally-managed install_data
[1.413s] DEBUG:colcon.colcon_core.event_handler.log_command:Invoking command in '/home/nathan/leo-rover-autonomous-exploration/src/leo_description': DEBUGINFOD_URLS=https://debuginfod.ubuntu.com PYTHONPATH=/home/nathan/leo-rover-autonomous-exploration/build/leo_description/prefix_override:/usr/lib/python3/dist-packages/colcon_core/task/python/colcon_distutils_commands:/home/nathan/leo-rover-autonomous-exploration/install/leo_description/lib/python3.12/site-packages:${PYTHONPATH} /usr/bin/python3 -W ignore:setup.py install is deprecated -W ignore:easy_install command is deprecated setup.py egg_info --egg-base ../../build/leo_description build --build-base /home/nathan/leo-rover-autonomous-exploration/build/leo_description/build install --record /home/nathan/leo-rover-autonomous-exploration/build/leo_description/install.log --single-version-externally-managed install_data
[1.830s] DEBUG:colcon.colcon_core.event_handler.log_command:Invoked command in '/home/nathan/leo-rover-autonomous-exploration/src/leo_v1' returned '0': DEBUGINFOD_URLS=https://debuginfod.ubuntu.com PYTHONPATH=/home/nathan/leo-rover-autonomous-exploration/build/leo_v1/prefix_override:/usr/lib/python3/dist-packages/colcon_core/task/python/colcon_distutils_commands:/home/nathan/leo-rover-autonomous-exploration/install/leo_v1/lib/python3.12/site-packages:${PYTHONPATH} /usr/bin/python3 -W ignore:setup.py install is deprecated -W ignore:easy_install command is deprecated setup.py egg_info --egg-base ../../build/leo_v1 build --build-base /home/nathan/leo-rover-autonomous-exploration/build/leo_v1/build install --record /home/nathan/leo-rover-autonomous-exploration/build/leo_v1/install.log --single-version-externally-managed install_data
[1.831s] Level 1:colcon.colcon_core.environment:checking '/home/nathan/leo-rover-autonomous-exploration/install/leo_v1' for CMake module files
[1.832s] Level 1:colcon.colcon_core.environment:checking '/home/nathan/leo-rover-autonomous-exploration/install/leo_v1' for CMake config files
[1.832s] Level 1:colcon.colcon_core.environment:checking '/home/nathan/leo-rover-autonomous-exploration/install/leo_v1/lib'
[1.832s] Level 1:colcon.colcon_core.environment:checking '/home/nathan/leo-rover-autonomous-exploration/install/leo_v1/bin'
[1.832s] Level 1:colcon.colcon_core.environment:checking '/home/nathan/leo-rover-autonomous-exploration/install/leo_v1/lib/pkgconfig/leo_v1.pc'
[1.833s] Level 1:colcon.colcon_core.environment:checking '/home/nathan/leo-rover-autonomous-exploration/install/leo_v1/lib/python3.12/site-packages'
[1.833s] Level 1:colcon.colcon_core.shell:create_environment_hook('leo_v1', 'pythonpath')
[1.833s] INFO:colcon.colcon_core.shell:Creating environment hook '/home/nathan/leo-rover-autonomous-exploration/install/leo_v1/share/leo_v1/hook/pythonpath.ps1'
[1.833s] INFO:colcon.colcon_core.shell:Creating environment descriptor '/home/nathan/leo-rover-autonomous-exploration/install/leo_v1/share/leo_v1/hook/pythonpath.dsv'
[1.834s] INFO:colcon.colcon_core.shell:Creating environment hook '/home/nathan/leo-rover-autonomous-exploration/install/leo_v1/share/leo_v1/hook/pythonpath.sh'
[1.834s] Level 1:colcon.colcon_core.environment:checking '/home/nathan/leo-rover-autonomous-exploration/install/leo_v1/bin'
[1.834s] Level 1:colcon.colcon_core.environment:create_environment_scripts_only(leo_v1)
[1.834s] INFO:colcon.colcon_core.shell:Creating package script '/home/nathan/leo-rover-autonomous-exploration/install/leo_v1/share/leo_v1/package.ps1'
[1.835s] INFO:colcon.colcon_core.shell:Creating package descriptor '/home/nathan/leo-rover-autonomous-exploration/install/leo_v1/share/leo_v1/package.dsv'
[1.835s] INFO:colcon.colcon_core.shell:Creating package script '/home/nathan/leo-rover-autonomous-exploration/install/leo_v1/share/leo_v1/package.sh'
[1.836s] INFO:colcon.colcon_core.shell:Creating package script '/home/nathan/leo-rover-autonomous-exploration/install/leo_v1/share/leo_v1/package.bash'
[1.836s] INFO:colcon.colcon_core.shell:Creating package script '/home/nathan/leo-rover-autonomous-exploration/install/leo_v1/share/leo_v1/package.zsh'
[1.837s] Level 1:colcon.colcon_core.environment:create_file_with_runtime_dependencies(/home/nathan/leo-rover-autonomous-exploration/install/leo_v1/share/colcon-core/packages/leo_v1)
[1.846s] Level 1:colcon.colcon_core.environment:checking '/home/nathan/leo-rover-autonomous-exploration/install/leo_v3' for CMake module files
[1.847s] DEBUG:colcon.colcon_core.event_handler.log_command:Invoked command in '/home/nathan/leo-rover-autonomous-exploration/src/leo_v3' returned '0': DEBUGINFOD_URLS=https://debuginfod.ubuntu.com PYTHONPATH=/home/nathan/leo-rover-autonomous-exploration/build/leo_v3/prefix_override:/usr/lib/python3/dist-packages/colcon_core/task/python/colcon_distutils_commands:/home/nathan/leo-rover-autonomous-exploration/install/leo_v3/lib/python3.12/site-packages:${PYTHONPATH} /usr/bin/python3 -W ignore:setup.py install is deprecated -W ignore:easy_install command is deprecated setup.py egg_info --egg-base ../../build/leo_v3 build --build-base /home/nathan/leo-rover-autonomous-exploration/build/leo_v3/build install --record /home/nathan/leo-rover-autonomous-exploration/build/leo_v3/install.log --single-version-externally-managed install_data
[1.847s] Level 1:colcon.colcon_core.environment:checking '/home/nathan/leo-rover-autonomous-exploration/install/leo_v3' for CMake config files
[1.848s] Level 1:colcon.colcon_core.environment:checking '/home/nathan/leo-rover-autonomous-exploration/install/leo_v3/lib'
[1.848s] Level 1:colcon.colcon_core.environment:checking '/home/nathan/leo-rover-autonomous-exploration/install/leo_v3/bin'
[1.848s] Level 1:colcon.colcon_core.environment:checking '/home/nathan/leo-rover-autonomous-exploration/install/leo_v3/lib/pkgconfig/leo_v3.pc'
[1.848s] Level 1:colcon.colcon_core.environment:checking '/home/nathan/leo-rover-autonomous-exploration/install/leo_v3/lib/python3.12/site-packages'
[1.848s] Level 1:colcon.colcon_core.shell:create_environment_hook('leo_v3', 'pythonpath')
[1.848s] INFO:colcon.colcon_core.shell:Creating environment hook '/home/nathan/leo-rover-autonomous-exploration/install/leo_v3/share/leo_v3/hook/pythonpath.ps1'
[1.849s] INFO:colcon.colcon_core.shell:Creating environment descriptor '/home/nathan/leo-rover-autonomous-exploration/install/leo_v3/share/leo_v3/hook/pythonpath.dsv'
[1.849s] INFO:colcon.colcon_core.shell:Creating environment hook '/home/nathan/leo-rover-autonomous-exploration/install/leo_v3/share/leo_v3/hook/pythonpath.sh'
[1.850s] Level 1:colcon.colcon_core.environment:checking '/home/nathan/leo-rover-autonomous-exploration/install/leo_v3/bin'
[1.850s] Level 1:colcon.colcon_core.environment:create_environment_scripts_only(leo_v3)
[1.850s] INFO:colcon.colcon_core.shell:Creating package script '/home/nathan/leo-rover-autonomous-exploration/install/leo_v3/share/leo_v3/package.ps1'
[1.850s] INFO:colcon.colcon_core.shell:Creating package descriptor '/home/nathan/leo-rover-autonomous-exploration/install/leo_v3/share/leo_v3/package.dsv'
[1.851s] INFO:colcon.colcon_core.shell:Creating package script '/home/nathan/leo-rover-autonomous-exploration/install/leo_v3/share/leo_v3/package.sh'
[1.851s] INFO:colcon.colcon_core.shell:Creating package script '/home/nathan/leo-rover-autonomous-exploration/install/leo_v3/share/leo_v3/package.bash'
[1.851s] INFO:colcon.colcon_core.shell:Creating package script '/home/nathan/leo-rover-autonomous-exploration/install/leo_v3/share/leo_v3/package.zsh'
[1.851s] Level 1:colcon.colcon_core.environment:create_file_with_runtime_dependencies(/home/nathan/leo-rover-autonomous-exploration/install/leo_v3/share/colcon-core/packages/leo_v3)
[1.853s] Level 1:colcon.colcon_core.environment:checking '/home/nathan/leo-rover-autonomous-exploration/install/leo_v4' for CMake module files
[1.854s] DEBUG:colcon.colcon_core.event_handler.log_command:Invoked command in '/home/nathan/leo-rover-autonomous-exploration/src/leo_v4' returned '0': DEBUGINFOD_URLS=https://debuginfod.ubuntu.com PYTHONPATH=/home/nathan/leo-rover-autonomous-exploration/build/leo_v4/prefix_override:/usr/lib/python3/dist-packages/colcon_core/task/python/colcon_distutils_commands:/home/nathan/leo-rover-autonomous-exploration/install/leo_v4/lib/python3.12/site-packages:${PYTHONPATH} /usr/bin/python3 -W ignore:setup.py install is deprecated -W ignore:easy_install command is deprecated setup.py egg_info --egg-base ../../build/leo_v4 build --build-base /home/nathan/leo-rover-autonomous-exploration/build/leo_v4/build install --record /home/nathan/leo-rover-autonomous-exploration/build/leo_v4/install.log --single-version-externally-managed install_data
[1.854s] Level 1:colcon.colcon_core.environment:checking '/home/nathan/leo-rover-autonomous-exploration/install/leo_v4' for CMake config files
[1.855s] Level 1:colcon.colcon_core.environment:checking '/home/nathan/leo-rover-autonomous-exploration/install/leo_v4/lib'
[1.855s] Level 1:colcon.colcon_core.environment:checking '/home/nathan/leo-rover-autonomous-exploration/install/leo_v4/bin'
[1.855s] Level 1:colcon.colcon_core.environment:checking '/home/nathan/leo-rover-autonomous-exploration/install/leo_v4/lib/pkgconfig/leo_v4.pc'
[1.855s] Level 1:colcon.colcon_core.environment:checking '/home/nathan/leo-rover-autonomous-exploration/install/leo_v4/lib/python3.12/site-packages'
[1.855s] Level 1:colcon.colcon_core.shell:create_environment_hook('leo_v4', 'pythonpath')
[1.855s] INFO:colcon.colcon_core.shell:Creating environment hook '/home/nathan/leo-rover-autonomous-exploration/install/leo_v4/share/leo_v4/hook/pythonpath.ps1'
[1.856s] INFO:colcon.colcon_core.shell:Creating environment descriptor '/home/nathan/leo-rover-autonomous-exploration/install/leo_v4/share/leo_v4/hook/pythonpath.dsv'
[1.856s] INFO:colcon.colcon_core.shell:Creating environment hook '/home/nathan/leo-rover-autonomous-exploration/install/leo_v4/share/leo_v4/hook/pythonpath.sh'
[1.856s] Level 1:colcon.colcon_core.environment:checking '/home/nathan/leo-rover-autonomous-exploration/install/leo_v4/bin'
[1.856s] Level 1:colcon.colcon_core.environment:create_environment_scripts_only(leo_v4)
[1.857s] INFO:colcon.colcon_core.shell:Creating package script '/home/nathan/leo-rover-autonomous-exploration/install/leo_v4/share/leo_v4/package.ps1'
[1.857s] INFO:colcon.colcon_core.shell:Creating package descriptor '/home/nathan/leo-rover-autonomous-exploration/install/leo_v4/share/leo_v4/package.dsv'
[1.858s] INFO:colcon.colcon_core.shell:Creating package script '/home/nathan/leo-rover-autonomous-exploration/install/leo_v4/share/leo_v4/package.sh'
[1.858s] INFO:colcon.colcon_core.shell:Creating package script '/home/nathan/leo-rover-autonomous-exploration/install/leo_v4/share/leo_v4/package.bash'
[1.859s] INFO:colcon.colcon_core.shell:Creating package script '/home/nathan/leo-rover-autonomous-exploration/install/leo_v4/share/leo_v4/package.zsh'
[1.859s] Level 1:colcon.colcon_core.environment:create_file_with_runtime_dependencies(/home/nathan/leo-rover-autonomous-exploration/install/leo_v4/share/colcon-core/packages/leo_v4)
[1.859s] Level 1:colcon.colcon_core.environment:checking '/home/nathan/leo-rover-autonomous-exploration/install/leo_description' for CMake module files
[1.860s] Level 1:colcon.colcon_core.environment:checking '/home/nathan/leo-rover-autonomous-exploration/install/leo_description' for CMake config files
[1.860s] DEBUG:colcon.colcon_core.event_handler.log_command:Invoked command in '/home/nathan/leo-rover-autonomous-exploration/src/leo_description' returned '0': DEBUGINFOD_URLS=https://debuginfod.ubuntu.com PYTHONPATH=/home/nathan/leo-rover-autonomous-exploration/build/leo_description/prefix_override:/usr/lib/python3/dist-packages/colcon_core/task/python/colcon_distutils_commands:/home/nathan/leo-rover-autonomous-exploration/install/leo_description/lib/python3.12/site-packages:${PYTHONPATH} /usr/bin/python3 -W ignore:setup.py install is deprecated -W ignore:easy_install command is deprecated setup.py egg_info --egg-base ../../build/leo_description build --build-base /home/nathan/leo-rover-autonomous-exploration/build/leo_description/build install --record /home/nathan/leo-rover-autonomous-exploration/build/leo_description/install.log --single-version-externally-managed install_data
[1.861s] Level 1:colcon.colcon_core.environment:checking '/home/nathan/leo-rover-autonomous-exploration/install/leo_description/lib'
[1.861s] Level 1:colcon.colcon_core.environment:checking '/home/nathan/leo-rover-autonomous-exploration/install/leo_description/bin'
[1.861s] Level 1:colcon.colcon_core.environment:checking '/home/nathan/leo-rover-autonomous-exploration/install/leo_description/lib/pkgconfig/leo_description.pc'
[1.861s] Level 1:colcon.colcon_core.environment:checking '/home/nathan/leo-rover-autonomous-exploration/install/leo_description/lib/python3.12/site-packages'
[1.861s] Level 1:colcon.colcon_core.shell:create_environment_hook('leo_description', 'pythonpath')
[1.861s] INFO:colcon.colcon_core.shell:Creating environment hook '/home/nathan/leo-rover-autonomous-exploration/install/leo_description/share/leo_description/hook/pythonpath.ps1'
[1.862s] INFO:colcon.colcon_core.shell:Creating environment descriptor '/home/nathan/leo-rover-autonomous-exploration/install/leo_description/share/leo_description/hook/pythonpath.dsv'
[1.862s] INFO:colcon.colcon_core.shell:Creating environment hook '/home/nathan/leo-rover-autonomous-exploration/install/leo_description/share/leo_description/hook/pythonpath.sh'
[1.863s] Level 1:colcon.colcon_core.environment:checking '/home/nathan/leo-rover-autonomous-exploration/install/leo_description/bin'
[1.863s] Level 1:colcon.colcon_core.environment:create_environment_scripts_only(leo_description)
[1.863s] INFO:colcon.colcon_core.shell:Creating package script '/home/nathan/leo-rover-autonomous-exploration/install/leo_description/share/leo_description/package.ps1'
[1.864s] INFO:colcon.colcon_core.shell:Creating package descriptor '/home/nathan/leo-rover-autonomous-exploration/install/leo_description/share/leo_description/package.dsv'
[1.864s] INFO:colcon.colcon_core.shell:Creating package script '/home/nathan/leo-rover-autonomous-exploration/install/leo_description/share/leo_description/package.sh'
[1.864s] INFO:colcon.colcon_core.shell:Creating package script '/home/nathan/leo-rover-autonomous-exploration/install/leo_description/share/leo_description/package.bash'
[1.864s] INFO:colcon.colcon_core.shell:Creating package script '/home/nathan/leo-rover-autonomous-exploration/install/leo_description/share/leo_description/package.zsh'
[1.865s] Level 1:colcon.colcon_core.environment:create_file_with_runtime_dependencies(/home/nathan/leo-rover-autonomous-exploration/install/leo_description/share/colcon-core/packages/leo_description)
[1.884s] Level 1:colcon.colcon_core.environment:checking '/home/nathan/leo-rover-autonomous-exploration/install/leo_v2' for CMake module files
[1.885s] DEBUG:colcon.colcon_core.event_handler.log_command:Invoked command in '/home/nathan/leo-rover-autonomous-exploration/src/leo_v2' returned '0': DEBUGINFOD_URLS=https://debuginfod.ubuntu.com PYTHONPATH=/home/nathan/leo-rover-autonomous-exploration/build/leo_v2/prefix_override:/usr/lib/python3/dist-packages/colcon_core/task/python/colcon_distutils_commands:/home/nathan/leo-rover-autonomous-exploration/install/leo_v2/lib/python3.12/site-packages:${PYTHONPATH} /usr/bin/python3 -W ignore:setup.py install is deprecated -W ignore:easy_install command is deprecated setup.py egg_info --egg-base ../../build/leo_v2 build --build-base /home/nathan/leo-rover-autonomous-exploration/build/leo_v2/build install --record /home/nathan/leo-rover-autonomous-exploration/build/leo_v2/install.log --single-version-externally-managed install_data
[1.885s] Level 1:colcon.colcon_core.environment:checking '/home/nathan/leo-rover-autonomous-exploration/install/leo_v2' for CMake config files
[1.885s] Level 1:colcon.colcon_core.environment:checking '/home/nathan/leo-rover-autonomous-exploration/install/leo_v2/lib'
[1.885s] Level 1:colcon.colcon_core.environment:checking '/home/nathan/leo-rover-autonomous-exploration/install/leo_v2/bin'
[1.885s] Level 1:colcon.colcon_core.environment:checking '/home/nathan/leo-rover-autonomous-exploration/install/leo_v2/lib/pkgconfig/leo_v2.pc'
[1.885s] Level 1:colcon.colcon_core.environment:checking '/home/nathan/leo-rover-autonomous-exploration/install/leo_v2/lib/python3.12/site-packages'
[1.886s] Level 1:colcon.colcon_core.shell:create_environment_hook('leo_v2', 'pythonpath')
[1.886s] INFO:colcon.colcon_core.shell:Creating environment hook '/home/nathan/leo-rover-autonomous-exploration/install/leo_v2/share/leo_v2/hook/pythonpath.ps1'
[1.886s] INFO:colcon.colcon_core.shell:Creating environment descriptor '/home/nathan/leo-rover-autonomous-exploration/install/leo_v2/share/leo_v2/hook/pythonpath.dsv'
[1.886s] INFO:colcon.colcon_core.shell:Creating environment hook '/home/nathan/leo-rover-autonomous-exploration/install/leo_v2/share/leo_v2/hook/pythonpath.sh'
[1.887s] Level 1:colcon.colcon_core.environment:checking '/home/nathan/leo-rover-autonomous-exploration/install/leo_v2/bin'
[1.887s] Level 1:colcon.colcon_core.environment:create_environment_scripts_only(leo_v2)
[1.887s] INFO:colcon.colcon_core.shell:Creating package script '/home/nathan/leo-rover-autonomous-exploration/install/leo_v2/share/leo_v2/package.ps1'
[1.888s] INFO:colcon.colcon_core.shell:Creating package descriptor '/home/nathan/leo-rover-autonomous-exploration/install/leo_v2/share/leo_v2/package.dsv'
[1.888s] INFO:colcon.colcon_core.shell:Creating package script '/home/nathan/leo-rover-autonomous-exploration/install/leo_v2/share/leo_v2/package.sh'
[1.888s] INFO:colcon.colcon_core.shell:Creating package script '/home/nathan/leo-rover-autonomous-exploration/install/leo_v2/share/leo_v2/package.bash'
[1.889s] INFO:colcon.colcon_core.shell:Creating package script '/home/nathan/leo-rover-autonomous-exploration/install/leo_v2/share/leo_v2/package.zsh'
[1.889s] Level 1:colcon.colcon_core.environment:create_file_with_runtime_dependencies(/home/nathan/leo-rover-autonomous-exploration/install/leo_v2/share/colcon-core/packages/leo_v2)
[10.839s] DEBUG:colcon.colcon_core.event_handler.log_command:Invoked command in '/home/nathan/leo-rover-autonomous-exploration/build/leo_explorer' returned '0': CMAKE_PREFIX_PATH=${CMAKE_PREFIX_PATH}:/opt/ros/jazzy DEBUGINFOD_URLS=https://debuginfod.ubuntu.com /usr/bin/cmake --build /home/nathan/leo-rover-autonomous-exploration/build/leo_explorer -- -j20 -l20
[10.851s] DEBUG:colcon.colcon_core.event_handler.log_command:Invoking command in '/home/nathan/leo-rover-autonomous-exploration/build/leo_explorer': CMAKE_PREFIX_PATH=${CMAKE_PREFIX_PATH}:/opt/ros/jazzy DEBUGINFOD_URLS=https://debuginfod.ubuntu.com /usr/bin/cmake --install /home/nathan/leo-rover-autonomous-exploration/build/leo_explorer
[10.873s] Level 1:colcon.colcon_core.environment:create_environment_scripts_only(leo_explorer)
[10.874s] Level 1:colcon.colcon_core.environment:checking '/home/nathan/leo-rover-autonomous-exploration/install/leo_explorer' for CMake module files
[10.874s] DEBUG:colcon.colcon_core.event_handler.log_command:Invoked command in '/home/nathan/leo-rover-autonomous-exploration/build/leo_explorer' returned '0': CMAKE_PREFIX_PATH=${CMAKE_PREFIX_PATH}:/opt/ros/jazzy DEBUGINFOD_URLS=https://debuginfod.ubuntu.com /usr/bin/cmake --install /home/nathan/leo-rover-autonomous-exploration/build/leo_explorer
[10.874s] Level 1:colcon.colcon_core.environment:checking '/home/nathan/leo-rover-autonomous-exploration/install/leo_explorer' for CMake config files
[10.875s] Level 1:colcon.colcon_core.shell:create_environment_hook('leo_explorer', 'cmake_prefix_path')
[10.875s] INFO:colcon.colcon_core.shell:Creating environment hook '/home/nathan/leo-rover-autonomous-exploration/install/leo_explorer/share/leo_explorer/hook/cmake_prefix_path.ps1'
[10.875s] INFO:colcon.colcon_core.shell:Creating environment descriptor '/home/nathan/leo-rover-autonomous-exploration/install/leo_explorer/share/leo_explorer/hook/cmake_prefix_path.dsv'
[10.875s] INFO:colcon.colcon_core.shell:Creating environment hook '/home/nathan/leo-rover-autonomous-exploration/install/leo_explorer/share/leo_explorer/hook/cmake_prefix_path.sh'
[10.876s] Level 1:colcon.colcon_core.environment:checking '/home/nathan/leo-rover-autonomous-exploration/install/leo_explorer/lib'
[10.876s] Level 1:colcon.colcon_core.environment:checking '/home/nathan/leo-rover-autonomous-exploration/install/leo_explorer/bin'
[10.876s] Level 1:colcon.colcon_core.environment:checking '/home/nathan/leo-rover-autonomous-exploration/install/leo_explorer/lib/pkgconfig/leo_explorer.pc'
[10.876s] Level 1:colcon.colcon_core.environment:checking '/home/nathan/leo-rover-autonomous-exploration/install/leo_explorer/lib/python3.12/site-packages'
[10.876s] Level 1:colcon.colcon_core.environment:checking '/home/nathan/leo-rover-autonomous-exploration/install/leo_explorer/bin'
[10.876s] INFO:colcon.colcon_core.shell:Creating package script '/home/nathan/leo-rover-autonomous-exploration/install/leo_explorer/share/leo_explorer/package.ps1'
[10.877s] INFO:colcon.colcon_core.shell:Creating package descriptor '/home/nathan/leo-rover-autonomous-exploration/install/leo_explorer/share/leo_explorer/package.dsv'
[10.877s] INFO:colcon.colcon_core.shell:Creating package script '/home/nathan/leo-rover-autonomous-exploration/install/leo_explorer/share/leo_explorer/package.sh'
[10.877s] INFO:colcon.colcon_core.shell:Creating package script '/home/nathan/leo-rover-autonomous-exploration/install/leo_explorer/share/leo_explorer/package.bash'
[10.878s] INFO:colcon.colcon_core.shell:Creating package script '/home/nathan/leo-rover-autonomous-exploration/install/leo_explorer/share/leo_explorer/package.zsh'
[10.878s] Level 1:colcon.colcon_core.environment:create_file_with_runtime_dependencies(/home/nathan/leo-rover-autonomous-exploration/install/leo_explorer/share/colcon-core/packages/leo_explorer)
[10.878s] Level 1:colcon.colcon_core.environment:create_environment_scripts_only(leo_explorer)
[10.878s] Level 1:colcon.colcon_core.environment:checking '/home/nathan/leo-rover-autonomous-exploration/install/leo_explorer' for CMake module files
[10.879s] Level 1:colcon.colcon_core.environment:checking '/home/nathan/leo-rover-autonomous-exploration/install/leo_explorer' for CMake config files
[10.879s] Level 1:colcon.colcon_core.shell:create_environment_hook('leo_explorer', 'cmake_prefix_path')
[10.879s] INFO:colcon.colcon_core.shell:Creating environment hook '/home/nathan/leo-rover-autonomous-exploration/install/leo_explorer/share/leo_explorer/hook/cmake_prefix_path.ps1'
[10.879s] INFO:colcon.colcon_core.shell:Creating environment descriptor '/home/nathan/leo-rover-autonomous-exploration/install/leo_explorer/share/leo_explorer/hook/cmake_prefix_path.dsv'
[10.879s] INFO:colcon.colcon_core.shell:Creating environment hook '/home/nathan/leo-rover-autonomous-exploration/install/leo_explorer/share/leo_explorer/hook/cmake_prefix_path.sh'
[10.880s] Level 1:colcon.colcon_core.environment:checking '/home/nathan/leo-rover-autonomous-exploration/install/leo_explorer/lib'
[10.880s] Level 1:colcon.colcon_core.environment:checking '/home/nathan/leo-rover-autonomous-exploration/install/leo_explorer/bin'
[10.880s] Level 1:colcon.colcon_core.environment:checking '/home/nathan/leo-rover-autonomous-exploration/install/leo_explorer/lib/pkgconfig/leo_explorer.pc'
[10.880s] Level 1:colcon.colcon_core.environment:checking '/home/nathan/leo-rover-autonomous-exploration/install/leo_explorer/lib/python3.12/site-packages'
[10.880s] Level 1:colcon.colcon_core.environment:checking '/home/nathan/leo-rover-autonomous-exploration/install/leo_explorer/bin'
[10.880s] INFO:colcon.colcon_core.shell:Creating package script '/home/nathan/leo-rover-autonomous-exploration/install/leo_explorer/share/leo_explorer/package.ps1'
[10.881s] INFO:colcon.colcon_core.shell:Creating package descriptor '/home/nathan/leo-rover-autonomous-exploration/install/leo_explorer/share/leo_explorer/package.dsv'
[10.881s] INFO:colcon.colcon_core.shell:Creating package script '/home/nathan/leo-rover-autonomous-exploration/install/leo_explorer/share/leo_explorer/package.sh'
[10.881s] INFO:colcon.colcon_core.shell:Creating package script '/home/nathan/leo-rover-autonomous-exploration/install/leo_explorer/share/leo_explorer/package.bash'
[10.881s] INFO:colcon.colcon_core.shell:Creating package script '/home/nathan/leo-rover-autonomous-exploration/install/leo_explorer/share/leo_explorer/package.zsh'
[10.882s] Level 1:colcon.colcon_core.environment:create_file_with_runtime_dependencies(/home/nathan/leo-rover-autonomous-exploration/install/leo_explorer/share/colcon-core/packages/leo_explorer)
[10.882s] DEBUG:colcon.colcon_parallel_executor.executor.parallel:closing loop
[10.882s] DEBUG:colcon.colcon_parallel_executor.executor.parallel:loop closed
[10.882s] DEBUG:colcon.colcon_parallel_executor.executor.parallel:run_until_complete finished with '0'
[10.882s] DEBUG:colcon.colcon_core.event_reactor:joining thread
[10.886s] INFO:colcon.colcon_core.plugin_system:Skipping extension 'colcon_notification.desktop_notification.terminal_notifier': Not used on non-Darwin systems
[10.886s] INFO:colcon.colcon_core.plugin_system:Skipping extension 'colcon_notification.desktop_notification.win32': Not used on non-Windows systems
[10.886s] INFO:colcon.colcon_notification.desktop_notification:Sending desktop notification using 'notify2'
[10.899s] DEBUG:colcon.colcon_core.event_reactor:joined thread
[10.899s] INFO:colcon.colcon_core.shell:Creating prefix script '/home/nathan/leo-rover-autonomous-exploration/install/local_setup.ps1'
[10.900s] INFO:colcon.colcon_core.shell:Creating prefix util module '/home/nathan/leo-rover-autonomous-exploration/install/_local_setup_util_ps1.py'
[10.900s] INFO:colcon.colcon_core.shell:Creating prefix chain script '/home/nathan/leo-rover-autonomous-exploration/install/setup.ps1'
[10.901s] INFO:colcon.colcon_core.shell:Creating prefix script '/home/nathan/leo-rover-autonomous-exploration/install/local_setup.sh'
[10.901s] INFO:colcon.colcon_core.shell:Creating prefix util module '/home/nathan/leo-rover-autonomous-exploration/install/_local_setup_util_sh.py'
[10.902s] INFO:colcon.colcon_core.shell:Creating prefix chain script '/home/nathan/leo-rover-autonomous-exploration/install/setup.sh'
[10.902s] INFO:colcon.colcon_core.shell:Creating prefix script '/home/nathan/leo-rover-autonomous-exploration/install/local_setup.bash'
[10.903s] INFO:colcon.colcon_core.shell:Creating prefix chain script '/home/nathan/leo-rover-autonomous-exploration/install/setup.bash'
[10.903s] INFO:colcon.colcon_core.shell:Creating prefix script '/home/nathan/leo-rover-autonomous-exploration/install/local_setup.zsh'
[10.904s] INFO:colcon.colcon_core.shell:Creating prefix chain script '/home/nathan/leo-rover-autonomous-exploration/install/setup.zsh'
