[1.318s] Invoking command in '/home/nathan/leo-rover-autonomous-exploration/src/leo_description': DEBUGINFOD_URLS=https://debuginfod.ubuntu.com PYTHONPATH=/home/nathan/leo-rover-autonomous-exploration/build/leo_description/prefix_override:/usr/lib/python3/dist-packages/colcon_core/task/python/colcon_distutils_commands:/home/nathan/leo-rover-autonomous-exploration/install/leo_description/lib/python3.12/site-packages:${PYTHONPATH} /usr/bin/python3 -W ignore:setup.py install is deprecated -W ignore:easy_install command is deprecated setup.py egg_info --egg-base ../../build/leo_description build --build-base /home/nathan/leo-rover-autonomous-exploration/build/leo_description/build install --record /home/nathan/leo-rover-autonomous-exploration/build/leo_description/install.log --single-version-externally-managed install_data
[1.540s] running egg_info
[1.540s] creating ../../build/leo_description/leo_description.egg-info
[1.554s] writing ../../build/leo_description/leo_description.egg-info/PKG-INFO
[1.555s] writing dependency_links to ../../build/leo_description/leo_description.egg-info/dependency_links.txt
[1.555s] writing requirements to ../../build/leo_description/leo_description.egg-info/requires.txt
[1.555s] writing top-level names to ../../build/leo_description/leo_description.egg-info/top_level.txt
[1.555s] writing manifest file '../../build/leo_description/leo_description.egg-info/SOURCES.txt'
[1.586s] reading manifest file '../../build/leo_description/leo_description.egg-info/SOURCES.txt'
[1.587s] writing manifest file '../../build/leo_description/leo_description.egg-info/SOURCES.txt'
[1.587s] running build
[1.587s] running build_py
[1.588s] creating /home/nathan/leo-rover-autonomous-exploration/build/leo_description/build
[1.588s] creating /home/nathan/leo-rover-autonomous-exploration/build/leo_description/build/lib
[1.588s] creating /home/nathan/leo-rover-autonomous-exploration/build/leo_description/build/lib/leo_description
[1.588s] copying leo_description/__init__.py -> /home/nathan/leo-rover-autonomous-exploration/build/leo_description/build/lib/leo_description
[1.588s] running install
[1.594s] running install_lib
[1.609s] creating /home/nathan/leo-rover-autonomous-exploration/install/leo_description/lib/python3.12/site-packages/leo_description
[1.609s] copying /home/nathan/leo-rover-autonomous-exploration/build/leo_description/build/lib/leo_description/__init__.py -> /home/nathan/leo-rover-autonomous-exploration/install/leo_description/lib/python3.12/site-packages/leo_description
[1.610s] byte-compiling /home/nathan/leo-rover-autonomous-exploration/install/leo_description/lib/python3.12/site-packages/leo_description/__init__.py to __init__.cpython-312.pyc
[1.610s] running install_data
[1.610s] creating /home/nathan/leo-rover-autonomous-exploration/install/leo_description/share/ament_index
[1.610s] creating /home/nathan/leo-rover-autonomous-exploration/install/leo_description/share/ament_index/resource_index
[1.610s] creating /home/nathan/leo-rover-autonomous-exploration/install/leo_description/share/ament_index/resource_index/packages
[1.610s] copying resource/leo_description -> /home/nathan/leo-rover-autonomous-exploration/install/leo_description/share/ament_index/resource_index/packages
[1.611s] copying package.xml -> /home/nathan/leo-rover-autonomous-exploration/install/leo_description/share/leo_description
[1.611s] creating /home/nathan/leo-rover-autonomous-exploration/install/leo_description/share/leo_description/launch
[1.611s] copying launch/leo_gz.launch.py -> /home/nathan/leo-rover-autonomous-exploration/install/leo_description/share/leo_description/launch
[1.611s] copying launch/leo_rviz.launch.py -> /home/nathan/leo-rover-autonomous-exploration/install/leo_description/share/leo_description/launch
[1.611s] creating /home/nathan/leo-rover-autonomous-exploration/install/leo_description/share/leo_description/models
[1.611s] copying models/Rocker.dae -> /home/nathan/leo-rover-autonomous-exploration/install/leo_description/share/leo_description/models
[1.612s] copying models/Antenna.dae -> /home/nathan/leo-rover-autonomous-exploration/install/leo_description/share/leo_description/models
[1.612s] copying models/Rocker_outline.stl -> /home/nathan/leo-rover-autonomous-exploration/install/leo_description/share/leo_description/models
[1.612s] copying models/WheelA.dae -> /home/nathan/leo-rover-autonomous-exploration/install/leo_description/share/leo_description/models
[1.614s] copying models/Chassis_outline.stl -> /home/nathan/leo-rover-autonomous-exploration/install/leo_description/share/leo_description/models
[1.614s] copying models/Chassis.dae -> /home/nathan/leo-rover-autonomous-exploration/install/leo_description/share/leo_description/models
[1.621s] copying models/WheelB.dae -> /home/nathan/leo-rover-autonomous-exploration/install/leo_description/share/leo_description/models
[1.623s] copying models/Wheel_outline.stl -> /home/nathan/leo-rover-autonomous-exploration/install/leo_description/share/leo_description/models
[1.623s] creating /home/nathan/leo-rover-autonomous-exploration/install/leo_description/share/leo_description/urdf
[1.623s] copying urdf/leo.urdf.xacro -> /home/nathan/leo-rover-autonomous-exploration/install/leo_description/share/leo_description/urdf
[1.624s] copying urdf/leo.gazebo.xacro -> /home/nathan/leo-rover-autonomous-exploration/install/leo_description/share/leo_description/urdf
[1.624s] copying urdf/leo_proper.gazebo.xacro -> /home/nathan/leo-rover-autonomous-exploration/install/leo_description/share/leo_description/urdf
[1.624s] creating /home/nathan/leo-rover-autonomous-exploration/install/leo_description/share/leo_description/rviz
[1.624s] copying rviz/leo_view.rviz -> /home/nathan/leo-rover-autonomous-exploration/install/leo_description/share/leo_description/rviz
[1.624s] copying rviz/nav2.rviz -> /home/nathan/leo-rover-autonomous-exploration/install/leo_description/share/leo_description/rviz
[1.624s] creating /home/nathan/leo-rover-autonomous-exploration/install/leo_description/share/leo_description/worlds
[1.624s] copying worlds/meshes/wall.dae -> /home/nathan/leo-rover-autonomous-exploration/install/leo_description/share/leo_description/worlds
[1.624s] copying worlds/meshes/hexagon.dae -> /home/nathan/leo-rover-autonomous-exploration/install/leo_description/share/leo_description/worlds
[1.625s] copying worlds/tb3.sdf -> /home/nathan/leo-rover-autonomous-exploration/install/leo_description/share/leo_description/worlds
[1.625s] creating /home/nathan/leo-rover-autonomous-exploration/install/leo_description/share/leo_description/config
[1.625s] creating /home/nathan/leo-rover-autonomous-exploration/install/leo_description/share/leo_description/maps
[1.625s] running install_egg_info
[1.640s] Copying ../../build/leo_description/leo_description.egg-info to /home/nathan/leo-rover-autonomous-exploration/install/leo_description/lib/python3.12/site-packages/leo_description-0.0.0-py3.12.egg-info
[1.641s] running install_scripts
[1.748s] writing list of installed files to '/home/nathan/leo-rover-autonomous-exploration/build/leo_description/install.log'
[1.774s] Invoked command in '/home/nathan/leo-rover-autonomous-exploration/src/leo_description' returned '0': DEBUGINFOD_URLS=https://debuginfod.ubuntu.com PYTHONPATH=/home/nathan/leo-rover-autonomous-exploration/build/leo_description/prefix_override:/usr/lib/python3/dist-packages/colcon_core/task/python/colcon_distutils_commands:/home/nathan/leo-rover-autonomous-exploration/install/leo_description/lib/python3.12/site-packages:${PYTHONPATH} /usr/bin/python3 -W ignore:setup.py install is deprecated -W ignore:easy_install command is deprecated setup.py egg_info --egg-base ../../build/leo_description build --build-base /home/nathan/leo-rover-autonomous-exploration/build/leo_description/build install --record /home/nathan/leo-rover-autonomous-exploration/build/leo_description/install.log --single-version-externally-managed install_data
