[2.197s] Invoking command in '/home/nathan/leo-rover-autonomous-exploration/src/leo_v3': DEBUGINFOD_URLS=https://debuginfod.ubuntu.com PYTHONPATH=/home/nathan/leo-rover-autonomous-exploration/build/leo_v3/prefix_override:/usr/lib/python3/dist-packages/colcon_core/task/python/colcon_distutils_commands:/home/nathan/leo-rover-autonomous-exploration/install/leo_v3/lib/python3.12/site-packages:${PYTHONPATH} /usr/bin/python3 -W ignore:setup.py install is deprecated -W ignore:easy_install command is deprecated setup.py egg_info --egg-base ../../build/leo_v3 build --build-base /home/nathan/leo-rover-autonomous-exploration/build/leo_v3/build install --record /home/nathan/leo-rover-autonomous-exploration/build/leo_v3/install.log --single-version-externally-managed install_data
[2.666s] /home/nathan/.local/lib/python3.12/site-packages/setuptools/_distutils/dist.py:261: UserWarning: Unknown distribution option: 'tests_require'
[2.666s]   warnings.warn(msg)
[3.046s] running egg_info
[3.073s] writing ../../build/leo_v3/leo_v3.egg-info/PKG-INFO
[3.073s] writing dependency_links to ../../build/leo_v3/leo_v3.egg-info/dependency_links.txt
[3.074s] writing entry points to ../../build/leo_v3/leo_v3.egg-info/entry_points.txt
[3.074s] writing requirements to ../../build/leo_v3/leo_v3.egg-info/requires.txt
[3.074s] writing top-level names to ../../build/leo_v3/leo_v3.egg-info/top_level.txt
[3.131s] reading manifest file '../../build/leo_v3/leo_v3.egg-info/SOURCES.txt'
[3.135s] writing manifest file '../../build/leo_v3/leo_v3.egg-info/SOURCES.txt'
[3.135s] running build
[3.135s] running build_py
[3.135s] copying leo_v3/__init__.py -> /home/nathan/leo-rover-autonomous-exploration/build/leo_v3/build/lib/leo_v3
[3.136s] copying leo_v3/manipulator_control_gui.py -> /home/nathan/leo-rover-autonomous-exploration/build/leo_v3/build/lib/leo_v3
[3.136s] running install
[3.142s] running install_lib
[3.170s] running install_data
[3.171s] copying resource/leo_v3 -> /home/nathan/leo-rover-autonomous-exploration/install/leo_v3/share/ament_index/resource_index/packages
[3.171s] copying package.xml -> /home/nathan/leo-rover-autonomous-exploration/install/leo_v3/share/leo_v3
[3.171s] copying launch/px150_gz.launch.py -> /home/nathan/leo-rover-autonomous-exploration/install/leo_v3/share/leo_v3/launch
[3.171s] copying launch/px150_rviz.launch.py -> /home/nathan/leo-rover-autonomous-exploration/install/leo_v3/share/leo_v3/launch
[3.172s] copying launch/leo_gz.launch.py -> /home/nathan/leo-rover-autonomous-exploration/install/leo_v3/share/leo_v3/launch
[3.172s] copying models/Rocker.dae -> /home/nathan/leo-rover-autonomous-exploration/install/leo_v3/share/leo_v3/models
[3.174s] copying models/Antenna.dae -> /home/nathan/leo-rover-autonomous-exploration/install/leo_v3/share/leo_v3/models
[3.174s] copying models/Rocker_outline.stl -> /home/nathan/leo-rover-autonomous-exploration/install/leo_v3/share/leo_v3/models
[3.174s] copying models/WheelA.dae -> /home/nathan/leo-rover-autonomous-exploration/install/leo_v3/share/leo_v3/models
[3.176s] copying models/Chassis_outline.stl -> /home/nathan/leo-rover-autonomous-exploration/install/leo_v3/share/leo_v3/models
[3.177s] copying models/Chassis.dae -> /home/nathan/leo-rover-autonomous-exploration/install/leo_v3/share/leo_v3/models
[3.186s] copying models/WheelB.dae -> /home/nathan/leo-rover-autonomous-exploration/install/leo_v3/share/leo_v3/models
[3.188s] copying models/Wheel_outline.stl -> /home/nathan/leo-rover-autonomous-exploration/install/leo_v3/share/leo_v3/models
[3.188s] copying meshes/camera_mount2.2_1.stl -> /home/nathan/leo-rover-autonomous-exploration/install/leo_v3/share/leo_v3/meshes
[3.189s] copying meshes/base_plate.dae -> /home/nathan/leo-rover-autonomous-exploration/install/leo_v3/share/leo_v3/meshes
[3.189s] copying meshes/plug_collision.stl -> /home/nathan/leo-rover-autonomous-exploration/install/leo_v3/share/leo_v3/meshes
[3.189s] copying meshes/camera_mount1.2_1.stl -> /home/nathan/leo-rover-autonomous-exploration/install/leo_v3/share/leo_v3/meshes
[3.190s] copying meshes/manipulator_camera_1.stl -> /home/nathan/leo-rover-autonomous-exploration/install/leo_v3/share/leo_v3/meshes
[3.190s] copying meshes/camera_mount.dae -> /home/nathan/leo-rover-autonomous-exploration/install/leo_v3/share/leo_v3/meshes
[3.191s] copying meshes/endeffector_right_1.stl -> /home/nathan/leo-rover-autonomous-exploration/install/leo_v3/share/leo_v3/meshes
[3.191s] copying meshes/manipulator_shoulder_1.stl -> /home/nathan/leo-rover-autonomous-exploration/install/leo_v3/share/leo_v3/meshes
[3.191s] copying meshes/manipulator_wrist_1.stl -> /home/nathan/leo-rover-autonomous-exploration/install/leo_v3/share/leo_v3/meshes
[3.191s] copying meshes/endeffector_left_1.stl -> /home/nathan/leo-rover-autonomous-exploration/install/leo_v3/share/leo_v3/meshes
[3.192s] copying meshes/lidar_1.dae -> /home/nathan/leo-rover-autonomous-exploration/install/leo_v3/share/leo_v3/meshes
[3.192s] copying meshes/manipulator_link1_1.stl -> /home/nathan/leo-rover-autonomous-exploration/install/leo_v3/share/leo_v3/meshes
[3.192s] copying meshes/manipulator_link2_1.stl -> /home/nathan/leo-rover-autonomous-exploration/install/leo_v3/share/leo_v3/meshes
[3.192s] copying meshes/Lidar_mount_1.dae -> /home/nathan/leo-rover-autonomous-exploration/install/leo_v3/share/leo_v3/meshes
[3.192s] copying meshes/NUC_1.stl -> /home/nathan/leo-rover-autonomous-exploration/install/leo_v3/share/leo_v3/meshes
[3.196s] copying meshes/manipulator_base_1.stl -> /home/nathan/leo-rover-autonomous-exploration/install/leo_v3/share/leo_v3/meshes
[3.196s] copying meshes/lidar_1.stl -> /home/nathan/leo-rover-autonomous-exploration/install/leo_v3/share/leo_v3/meshes
[3.196s] copying meshes/depth_cam.dae -> /home/nathan/leo-rover-autonomous-exploration/install/leo_v3/share/leo_v3/meshes
[3.197s] copying meshes/camera_mount2.1_1.stl -> /home/nathan/leo-rover-autonomous-exploration/install/leo_v3/share/leo_v3/meshes
[3.198s] copying meshes/Lidar_mount_1.stl -> /home/nathan/leo-rover-autonomous-exploration/install/leo_v3/share/leo_v3/meshes
[3.198s] copying meshes/d435.dae -> /home/nathan/leo-rover-autonomous-exploration/install/leo_v3/share/leo_v3/meshes
[3.210s] copying meshes/base_link.stl -> /home/nathan/leo-rover-autonomous-exploration/install/leo_v3/share/leo_v3/meshes
[3.211s] copying meshes/camera_mount1.1_1.stl -> /home/nathan/leo-rover-autonomous-exploration/install/leo_v3/share/leo_v3/meshes
[3.211s] copying meshes/plug.stl -> /home/nathan/leo-rover-autonomous-exploration/install/leo_v3/share/leo_v3/meshes
[3.211s] copying meshes/NUC.dae -> /home/nathan/leo-rover-autonomous-exploration/install/leo_v3/share/leo_v3/meshes
[3.216s] copying meshes/fixed_camera_1.stl -> /home/nathan/leo-rover-autonomous-exploration/install/leo_v3/share/leo_v3/meshes
[3.216s] copying px150_meshes/upper_arm.stl -> /home/nathan/leo-rover-autonomous-exploration/install/leo_v3/share/leo_v3/px150_meshes
[3.216s] copying px150_meshes/wrist.stl -> /home/nathan/leo-rover-autonomous-exploration/install/leo_v3/share/leo_v3/px150_meshes
[3.217s] copying px150_meshes/gripper_finger.stl -> /home/nathan/leo-rover-autonomous-exploration/install/leo_v3/share/leo_v3/px150_meshes
[3.217s] copying px150_meshes/base.stl -> /home/nathan/leo-rover-autonomous-exploration/install/leo_v3/share/leo_v3/px150_meshes
[3.217s] copying px150_meshes/gripper_bar.stl -> /home/nathan/leo-rover-autonomous-exploration/install/leo_v3/share/leo_v3/px150_meshes
[3.218s] copying px150_meshes/forearm.stl -> /home/nathan/leo-rover-autonomous-exploration/install/leo_v3/share/leo_v3/px150_meshes
[3.218s] copying px150_meshes/gripper.stl -> /home/nathan/leo-rover-autonomous-exploration/install/leo_v3/share/leo_v3/px150_meshes
[3.218s] copying px150_meshes/gripper_prop.stl -> /home/nathan/leo-rover-autonomous-exploration/install/leo_v3/share/leo_v3/px150_meshes
[3.218s] copying px150_meshes/shoulder.stl -> /home/nathan/leo-rover-autonomous-exploration/install/leo_v3/share/leo_v3/px150_meshes
[3.219s] copying urdf/leo.urdf.xacro -> /home/nathan/leo-rover-autonomous-exploration/install/leo_v3/share/leo_v3/urdf
[3.219s] copying urdf/px150_gazebo_configs.urdf.xacro -> /home/nathan/leo-rover-autonomous-exploration/install/leo_v3/share/leo_v3/urdf
[3.219s] copying urdf/d435.urdf.xacro -> /home/nathan/leo-rover-autonomous-exploration/install/leo_v3/share/leo_v3/urdf
[3.219s] copying urdf/d435i.urdf.xacro -> /home/nathan/leo-rover-autonomous-exploration/install/leo_v3/share/leo_v3/urdf
[3.220s] copying urdf/test_d435i.urdf.xacro -> /home/nathan/leo-rover-autonomous-exploration/install/leo_v3/share/leo_v3/urdf
[3.220s] copying urdf/materials.urdf.xacro -> /home/nathan/leo-rover-autonomous-exploration/install/leo_v3/share/leo_v3/urdf
[3.220s] copying urdf/px150.urdf.xacro -> /home/nathan/leo-rover-autonomous-exploration/install/leo_v3/share/leo_v3/urdf
[3.220s] copying urdf/d435i_imu_modules.urdf.xacro -> /home/nathan/leo-rover-autonomous-exploration/install/leo_v3/share/leo_v3/urdf
[3.220s] copying urdf/px150_control.urdf.xacro -> /home/nathan/leo-rover-autonomous-exploration/install/leo_v3/share/leo_v3/urdf
[3.221s] copying urdf/usb_plug.urdf.xacro -> /home/nathan/leo-rover-autonomous-exploration/install/leo_v3/share/leo_v3/urdf
[3.221s] copying urdf/leo.gazebo.xacro -> /home/nathan/leo-rover-autonomous-exploration/install/leo_v3/share/leo_v3/urdf
[3.221s] copying urdf/leo_proper.gazebo.xacro -> /home/nathan/leo-rover-autonomous-exploration/install/leo_v3/share/leo_v3/urdf
[3.221s] copying rviz/leo_view.rviz -> /home/nathan/leo-rover-autonomous-exploration/install/leo_v3/share/leo_v3/rviz
[3.221s] copying rviz/nav2.rviz -> /home/nathan/leo-rover-autonomous-exploration/install/leo_v3/share/leo_v3/rviz
[3.222s] copying worlds/meshes/wall.dae -> /home/nathan/leo-rover-autonomous-exploration/install/leo_v3/share/leo_v3/worlds
[3.222s] copying worlds/meshes/hexagon.dae -> /home/nathan/leo-rover-autonomous-exploration/install/leo_v3/share/leo_v3/worlds
[3.222s] copying worlds/tb3.sdf -> /home/nathan/leo-rover-autonomous-exploration/install/leo_v3/share/leo_v3/worlds
[3.222s] copying config/px150.yaml -> /home/nathan/leo-rover-autonomous-exploration/install/leo_v3/share/leo_v3/config
[3.222s] copying config/px150_trajectory_controllers.yaml -> /home/nathan/leo-rover-autonomous-exploration/install/leo_v3/share/leo_v3/config
[3.223s] running install_egg_info
[3.248s] removing '/home/nathan/leo-rover-autonomous-exploration/install/leo_v3/lib/python3.12/site-packages/leo_v3-0.0.0-py3.12.egg-info' (and everything under it)
[3.248s] Copying ../../build/leo_v3/leo_v3.egg-info to /home/nathan/leo-rover-autonomous-exploration/install/leo_v3/lib/python3.12/site-packages/leo_v3-0.0.0-py3.12.egg-info
[3.249s] running install_scripts
[3.400s] Installing manipulator_control_gui script to /home/nathan/leo-rover-autonomous-exploration/install/leo_v3/lib/leo_v3
[3.401s] Installing stretch_ignition_control_action_server script to /home/nathan/leo-rover-autonomous-exploration/install/leo_v3/lib/leo_v3
[3.401s] writing list of installed files to '/home/nathan/leo-rover-autonomous-exploration/build/leo_v3/install.log'
[3.435s] Invoked command in '/home/nathan/leo-rover-autonomous-exploration/src/leo_v3' returned '0': DEBUGINFOD_URLS=https://debuginfod.ubuntu.com PYTHONPATH=/home/nathan/leo-rover-autonomous-exploration/build/leo_v3/prefix_override:/usr/lib/python3/dist-packages/colcon_core/task/python/colcon_distutils_commands:/home/nathan/leo-rover-autonomous-exploration/install/leo_v3/lib/python3.12/site-packages:${PYTHONPATH} /usr/bin/python3 -W ignore:setup.py install is deprecated -W ignore:easy_install command is deprecated setup.py egg_info --egg-base ../../build/leo_v3 build --build-base /home/nathan/leo-rover-autonomous-exploration/build/leo_v3/build install --record /home/nathan/leo-rover-autonomous-exploration/build/leo_v3/install.log --single-version-externally-managed install_data
