[0.128s] DEBUG:colcon:Command line arguments: ['/usr/bin/colcon', 'build']
[0.128s] DEBUG:colcon:Parsed command line arguments: Namespace(log_base=None, log_level=None, verb_name='build', build_base='build', install_base='install', merge_install=False, symlink_install=False, test_result_base=None, continue_on_error=False, executor='parallel', parallel_workers=20, event_handlers=None, ignore_user_meta=False, metas=['./colcon.meta'], base_paths=['.'], packages_ignore=None, packages_ignore_regex=None, paths=None, packages_up_to=None, packages_up_to_regex=None, packages_above=None, packages_above_and_dependencies=None, packages_above_depth=None, packages_select_by_dep=None, packages_skip_by_dep=None, packages_skip_up_to=None, packages_select_build_failed=False, packages_skip_build_finished=False, packages_select_test_failures=False, packages_skip_test_passed=False, packages_select=None, packages_skip=None, packages_select_regex=None, packages_skip_regex=None, packages_start=None, packages_end=None, allow_overriding=[], cmake_args=None, cmake_target=None, cmake_target_skip_unavailable=False, cmake_clean_cache=False, cmake_clean_first=False, cmake_force_configure=False, ament_cmake_args=None, catkin_cmake_args=None, catkin_skip_building_tests=False, mixin_files=None, mixin=None, verb_parser=<colcon_mixin.mixin.mixin_argument.MixinArgumentDecorator object at 0x78c807ad0800>, verb_extension=<colcon_core.verb.build.BuildVerb object at 0x78c807ad0320>, main=<bound method BuildVerb.main of <colcon_core.verb.build.BuildVerb object at 0x78c807ad0320>>, mixin_verb=('build',))
[0.169s] Level 1:colcon.colcon_core.package_discovery:discover_packages(colcon_meta) check parameters
[0.170s] Level 1:colcon.colcon_core.package_discovery:discover_packages(recursive) check parameters
[0.170s] Level 1:colcon.colcon_core.package_discovery:discover_packages(ignore) check parameters
[0.170s] Level 1:colcon.colcon_core.package_discovery:discover_packages(path) check parameters
[0.170s] Level 1:colcon.colcon_core.package_discovery:discover_packages(colcon_meta) discover
[0.170s] Level 1:colcon.colcon_core.package_discovery:discover_packages(recursive) discover
[0.170s] INFO:colcon.colcon_core.package_discovery:Crawling recursively for packages in '/home/nathan/leo-rover-autonomous-exploration'
[0.170s] Level 1:colcon.colcon_core.package_identification:_identify(.) by extensions ['ignore', 'ignore_ament_install']
[0.170s] Level 1:colcon.colcon_core.package_identification:_identify(.) by extension 'ignore'
[0.170s] Level 1:colcon.colcon_core.package_identification:_identify(.) by extension 'ignore_ament_install'
[0.170s] Level 1:colcon.colcon_core.package_identification:_identify(.) by extensions ['colcon_pkg']
[0.170s] Level 1:colcon.colcon_core.package_identification:_identify(.) by extension 'colcon_pkg'
[0.170s] Level 1:colcon.colcon_core.package_identification:_identify(.) by extensions ['colcon_meta']
[0.170s] Level 1:colcon.colcon_core.package_identification:_identify(.) by extension 'colcon_meta'
[0.170s] Level 1:colcon.colcon_core.package_identification:_identify(.) by extensions ['ros']
[0.170s] Level 1:colcon.colcon_core.package_identification:_identify(.) by extension 'ros'
[0.200s] Level 1:colcon.colcon_core.package_identification:_identify(.) by extensions ['cmake', 'python']
[0.200s] Level 1:colcon.colcon_core.package_identification:_identify(.) by extension 'cmake'
[0.200s] Level 1:colcon.colcon_core.package_identification:_identify(.) by extension 'python'
[0.200s] Level 1:colcon.colcon_core.package_identification:_identify(.) by extensions ['python_setup_py']
[0.200s] Level 1:colcon.colcon_core.package_identification:_identify(.) by extension 'python_setup_py'
[0.200s] Level 1:colcon.colcon_core.package_identification:_identify(build) by extensions ['ignore', 'ignore_ament_install']
[0.200s] Level 1:colcon.colcon_core.package_identification:_identify(build) by extension 'ignore'
[0.200s] Level 1:colcon.colcon_core.package_identification:_identify(build) ignored
[0.200s] Level 1:colcon.colcon_core.package_identification:_identify(install) by extensions ['ignore', 'ignore_ament_install']
[0.200s] Level 1:colcon.colcon_core.package_identification:_identify(install) by extension 'ignore'
[0.200s] Level 1:colcon.colcon_core.package_identification:_identify(install) ignored
[0.201s] Level 1:colcon.colcon_core.package_identification:_identify(log) by extensions ['ignore', 'ignore_ament_install']
[0.201s] Level 1:colcon.colcon_core.package_identification:_identify(log) by extension 'ignore'
[0.201s] Level 1:colcon.colcon_core.package_identification:_identify(log) ignored
[0.201s] Level 1:colcon.colcon_core.package_identification:_identify(src) by extensions ['ignore', 'ignore_ament_install']
[0.201s] Level 1:colcon.colcon_core.package_identification:_identify(src) by extension 'ignore'
[0.201s] Level 1:colcon.colcon_core.package_identification:_identify(src) by extension 'ignore_ament_install'
[0.201s] Level 1:colcon.colcon_core.package_identification:_identify(src) by extensions ['colcon_pkg']
[0.201s] Level 1:colcon.colcon_core.package_identification:_identify(src) by extension 'colcon_pkg'
[0.201s] Level 1:colcon.colcon_core.package_identification:_identify(src) by extensions ['colcon_meta']
[0.201s] Level 1:colcon.colcon_core.package_identification:_identify(src) by extension 'colcon_meta'
[0.201s] Level 1:colcon.colcon_core.package_identification:_identify(src) by extensions ['ros']
[0.201s] Level 1:colcon.colcon_core.package_identification:_identify(src) by extension 'ros'
[0.201s] Level 1:colcon.colcon_core.package_identification:_identify(src) by extensions ['cmake', 'python']
[0.201s] Level 1:colcon.colcon_core.package_identification:_identify(src) by extension 'cmake'
[0.201s] Level 1:colcon.colcon_core.package_identification:_identify(src) by extension 'python'
[0.201s] Level 1:colcon.colcon_core.package_identification:_identify(src) by extensions ['python_setup_py']
[0.201s] Level 1:colcon.colcon_core.package_identification:_identify(src) by extension 'python_setup_py'
[0.201s] Level 1:colcon.colcon_core.package_identification:_identify(src/leo_description) by extensions ['ignore', 'ignore_ament_install']
[0.202s] Level 1:colcon.colcon_core.package_identification:_identify(src/leo_description) by extension 'ignore'
[0.202s] Level 1:colcon.colcon_core.package_identification:_identify(src/leo_description) by extension 'ignore_ament_install'
[0.202s] Level 1:colcon.colcon_core.package_identification:_identify(src/leo_description) by extensions ['colcon_pkg']
[0.202s] Level 1:colcon.colcon_core.package_identification:_identify(src/leo_description) by extension 'colcon_pkg'
[0.202s] Level 1:colcon.colcon_core.package_identification:_identify(src/leo_description) by extensions ['colcon_meta']
[0.202s] Level 1:colcon.colcon_core.package_identification:_identify(src/leo_description) by extension 'colcon_meta'
[0.202s] Level 1:colcon.colcon_core.package_identification:_identify(src/leo_description) by extensions ['ros']
[0.202s] Level 1:colcon.colcon_core.package_identification:_identify(src/leo_description) by extension 'ros'
[0.205s] DEBUG:colcon.colcon_core.package_identification:Package 'src/leo_description' with type 'ros.ament_python' and name 'leo_description'
[0.205s] Level 1:colcon.colcon_core.package_identification:_identify(src/leo_explorer) by extensions ['ignore', 'ignore_ament_install']
[0.205s] Level 1:colcon.colcon_core.package_identification:_identify(src/leo_explorer) by extension 'ignore'
[0.206s] Level 1:colcon.colcon_core.package_identification:_identify(src/leo_explorer) by extension 'ignore_ament_install'
[0.206s] Level 1:colcon.colcon_core.package_identification:_identify(src/leo_explorer) by extensions ['colcon_pkg']
[0.206s] Level 1:colcon.colcon_core.package_identification:_identify(src/leo_explorer) by extension 'colcon_pkg'
[0.206s] Level 1:colcon.colcon_core.package_identification:_identify(src/leo_explorer) by extensions ['colcon_meta']
[0.206s] Level 1:colcon.colcon_core.package_identification:_identify(src/leo_explorer) by extension 'colcon_meta'
[0.206s] Level 1:colcon.colcon_core.package_identification:_identify(src/leo_explorer) by extensions ['ros']
[0.206s] Level 1:colcon.colcon_core.package_identification:_identify(src/leo_explorer) by extension 'ros'
[0.207s] DEBUG:colcon.colcon_core.package_identification:Package 'src/leo_explorer' with type 'ros.ament_cmake' and name 'leo_explorer'
[0.207s] Level 1:colcon.colcon_core.package_identification:_identify(src/leo_v1) by extensions ['ignore', 'ignore_ament_install']
[0.207s] Level 1:colcon.colcon_core.package_identification:_identify(src/leo_v1) by extension 'ignore'
[0.207s] Level 1:colcon.colcon_core.package_identification:_identify(src/leo_v1) by extension 'ignore_ament_install'
[0.208s] Level 1:colcon.colcon_core.package_identification:_identify(src/leo_v1) by extensions ['colcon_pkg']
[0.208s] Level 1:colcon.colcon_core.package_identification:_identify(src/leo_v1) by extension 'colcon_pkg'
[0.208s] Level 1:colcon.colcon_core.package_identification:_identify(src/leo_v1) by extensions ['colcon_meta']
[0.208s] Level 1:colcon.colcon_core.package_identification:_identify(src/leo_v1) by extension 'colcon_meta'
[0.208s] Level 1:colcon.colcon_core.package_identification:_identify(src/leo_v1) by extensions ['ros']
[0.208s] Level 1:colcon.colcon_core.package_identification:_identify(src/leo_v1) by extension 'ros'
[0.208s] DEBUG:colcon.colcon_core.package_identification:Package 'src/leo_v1' with type 'ros.ament_python' and name 'leo_v1'
[0.209s] Level 1:colcon.colcon_core.package_identification:_identify(src/leo_v2) by extensions ['ignore', 'ignore_ament_install']
[0.209s] Level 1:colcon.colcon_core.package_identification:_identify(src/leo_v2) by extension 'ignore'
[0.209s] Level 1:colcon.colcon_core.package_identification:_identify(src/leo_v2) by extension 'ignore_ament_install'
[0.209s] Level 1:colcon.colcon_core.package_identification:_identify(src/leo_v2) by extensions ['colcon_pkg']
[0.209s] Level 1:colcon.colcon_core.package_identification:_identify(src/leo_v2) by extension 'colcon_pkg'
[0.209s] Level 1:colcon.colcon_core.package_identification:_identify(src/leo_v2) by extensions ['colcon_meta']
[0.209s] Level 1:colcon.colcon_core.package_identification:_identify(src/leo_v2) by extension 'colcon_meta'
[0.209s] Level 1:colcon.colcon_core.package_identification:_identify(src/leo_v2) by extensions ['ros']
[0.209s] Level 1:colcon.colcon_core.package_identification:_identify(src/leo_v2) by extension 'ros'
[0.209s] DEBUG:colcon.colcon_core.package_identification:Package 'src/leo_v2' with type 'ros.ament_python' and name 'leo_v2'
[0.210s] Level 1:colcon.colcon_core.package_identification:_identify(src/leo_v3) by extensions ['ignore', 'ignore_ament_install']
[0.210s] Level 1:colcon.colcon_core.package_identification:_identify(src/leo_v3) by extension 'ignore'
[0.210s] Level 1:colcon.colcon_core.package_identification:_identify(src/leo_v3) by extension 'ignore_ament_install'
[0.210s] Level 1:colcon.colcon_core.package_identification:_identify(src/leo_v3) by extensions ['colcon_pkg']
[0.210s] Level 1:colcon.colcon_core.package_identification:_identify(src/leo_v3) by extension 'colcon_pkg'
[0.210s] Level 1:colcon.colcon_core.package_identification:_identify(src/leo_v3) by extensions ['colcon_meta']
[0.210s] Level 1:colcon.colcon_core.package_identification:_identify(src/leo_v3) by extension 'colcon_meta'
[0.210s] Level 1:colcon.colcon_core.package_identification:_identify(src/leo_v3) by extensions ['ros']
[0.210s] Level 1:colcon.colcon_core.package_identification:_identify(src/leo_v3) by extension 'ros'
[0.210s] DEBUG:colcon.colcon_core.package_identification:Package 'src/leo_v3' with type 'ros.ament_python' and name 'leo_v3'
[0.211s] Level 1:colcon.colcon_core.package_identification:_identify(src/leo_v4) by extensions ['ignore', 'ignore_ament_install']
[0.211s] Level 1:colcon.colcon_core.package_identification:_identify(src/leo_v4) by extension 'ignore'
[0.211s] Level 1:colcon.colcon_core.package_identification:_identify(src/leo_v4) by extension 'ignore_ament_install'
[0.211s] Level 1:colcon.colcon_core.package_identification:_identify(src/leo_v4) by extensions ['colcon_pkg']
[0.211s] Level 1:colcon.colcon_core.package_identification:_identify(src/leo_v4) by extension 'colcon_pkg'
[0.211s] Level 1:colcon.colcon_core.package_identification:_identify(src/leo_v4) by extensions ['colcon_meta']
[0.211s] Level 1:colcon.colcon_core.package_identification:_identify(src/leo_v4) by extension 'colcon_meta'
[0.211s] Level 1:colcon.colcon_core.package_identification:_identify(src/leo_v4) by extensions ['ros']
[0.211s] Level 1:colcon.colcon_core.package_identification:_identify(src/leo_v4) by extension 'ros'
[0.211s] DEBUG:colcon.colcon_core.package_identification:Package 'src/leo_v4' with type 'ros.ament_python' and name 'leo_v4'
[0.212s] Level 1:colcon.colcon_core.package_discovery:discover_packages(recursive) using defaults
[0.212s] Level 1:colcon.colcon_core.package_discovery:discover_packages(ignore) discover
[0.212s] Level 1:colcon.colcon_core.package_discovery:discover_packages(ignore) using defaults
[0.212s] Level 1:colcon.colcon_core.package_discovery:discover_packages(path) discover
[0.212s] Level 1:colcon.colcon_core.package_discovery:discover_packages(path) using defaults
[0.234s] Level 1:colcon.colcon_core.package_discovery:discover_packages(prefix_path) check parameters
[0.234s] Level 1:colcon.colcon_core.package_discovery:discover_packages(prefix_path) discover
[0.236s] DEBUG:colcon.colcon_installed_package_information.package_discovery:Found 6 installed packages in /home/nathan/leo-rover-autonomous-exploration/install
[0.239s] DEBUG:colcon.colcon_installed_package_information.package_discovery:Found 484 installed packages in /opt/ros/jazzy
[0.240s] Level 1:colcon.colcon_core.package_discovery:discover_packages(prefix_path) using defaults
[0.314s] Level 5:colcon.colcon_core.verb:set package 'leo_description' build argument 'cmake_args' from command line to 'None'
[0.314s] Level 5:colcon.colcon_core.verb:set package 'leo_description' build argument 'cmake_target' from command line to 'None'
[0.314s] Level 5:colcon.colcon_core.verb:set package 'leo_description' build argument 'cmake_target_skip_unavailable' from command line to 'False'
[0.314s] Level 5:colcon.colcon_core.verb:set package 'leo_description' build argument 'cmake_clean_cache' from command line to 'False'
[0.314s] Level 5:colcon.colcon_core.verb:set package 'leo_description' build argument 'cmake_clean_first' from command line to 'False'
[0.314s] Level 5:colcon.colcon_core.verb:set package 'leo_description' build argument 'cmake_force_configure' from command line to 'False'
[0.314s] Level 5:colcon.colcon_core.verb:set package 'leo_description' build argument 'ament_cmake_args' from command line to 'None'
[0.314s] Level 5:colcon.colcon_core.verb:set package 'leo_description' build argument 'catkin_cmake_args' from command line to 'None'
[0.314s] Level 5:colcon.colcon_core.verb:set package 'leo_description' build argument 'catkin_skip_building_tests' from command line to 'False'
[0.314s] DEBUG:colcon.colcon_core.verb:Building package 'leo_description' with the following arguments: {'ament_cmake_args': None, 'build_base': '/home/nathan/leo-rover-autonomous-exploration/build/leo_description', 'catkin_cmake_args': None, 'catkin_skip_building_tests': False, 'cmake_args': None, 'cmake_clean_cache': False, 'cmake_clean_first': False, 'cmake_force_configure': False, 'cmake_target': None, 'cmake_target_skip_unavailable': False, 'install_base': '/home/nathan/leo-rover-autonomous-exploration/install/leo_description', 'merge_install': False, 'path': '/home/nathan/leo-rover-autonomous-exploration/src/leo_description', 'symlink_install': False, 'test_result_base': None}
[0.314s] Level 5:colcon.colcon_core.verb:set package 'leo_explorer' build argument 'cmake_args' from command line to 'None'
[0.314s] Level 5:colcon.colcon_core.verb:set package 'leo_explorer' build argument 'cmake_target' from command line to 'None'
[0.314s] Level 5:colcon.colcon_core.verb:set package 'leo_explorer' build argument 'cmake_target_skip_unavailable' from command line to 'False'
[0.314s] Level 5:colcon.colcon_core.verb:set package 'leo_explorer' build argument 'cmake_clean_cache' from command line to 'False'
[0.315s] Level 5:colcon.colcon_core.verb:set package 'leo_explorer' build argument 'cmake_clean_first' from command line to 'False'
[0.315s] Level 5:colcon.colcon_core.verb:set package 'leo_explorer' build argument 'cmake_force_configure' from command line to 'False'
[0.315s] Level 5:colcon.colcon_core.verb:set package 'leo_explorer' build argument 'ament_cmake_args' from command line to 'None'
[0.315s] Level 5:colcon.colcon_core.verb:set package 'leo_explorer' build argument 'catkin_cmake_args' from command line to 'None'
[0.315s] Level 5:colcon.colcon_core.verb:set package 'leo_explorer' build argument 'catkin_skip_building_tests' from command line to 'False'
[0.315s] DEBUG:colcon.colcon_core.verb:Building package 'leo_explorer' with the following arguments: {'ament_cmake_args': None, 'build_base': '/home/nathan/leo-rover-autonomous-exploration/build/leo_explorer', 'catkin_cmake_args': None, 'catkin_skip_building_tests': False, 'cmake_args': None, 'cmake_clean_cache': False, 'cmake_clean_first': False, 'cmake_force_configure': False, 'cmake_target': None, 'cmake_target_skip_unavailable': False, 'install_base': '/home/nathan/leo-rover-autonomous-exploration/install/leo_explorer', 'merge_install': False, 'path': '/home/nathan/leo-rover-autonomous-exploration/src/leo_explorer', 'symlink_install': False, 'test_result_base': None}
[0.315s] Level 5:colcon.colcon_core.verb:set package 'leo_v1' build argument 'cmake_args' from command line to 'None'
[0.315s] Level 5:colcon.colcon_core.verb:set package 'leo_v1' build argument 'cmake_target' from command line to 'None'
[0.315s] Level 5:colcon.colcon_core.verb:set package 'leo_v1' build argument 'cmake_target_skip_unavailable' from command line to 'False'
[0.315s] Level 5:colcon.colcon_core.verb:set package 'leo_v1' build argument 'cmake_clean_cache' from command line to 'False'
[0.315s] Level 5:colcon.colcon_core.verb:set package 'leo_v1' build argument 'cmake_clean_first' from command line to 'False'
[0.315s] Level 5:colcon.colcon_core.verb:set package 'leo_v1' build argument 'cmake_force_configure' from command line to 'False'
[0.315s] Level 5:colcon.colcon_core.verb:set package 'leo_v1' build argument 'ament_cmake_args' from command line to 'None'
[0.315s] Level 5:colcon.colcon_core.verb:set package 'leo_v1' build argument 'catkin_cmake_args' from command line to 'None'
[0.315s] Level 5:colcon.colcon_core.verb:set package 'leo_v1' build argument 'catkin_skip_building_tests' from command line to 'False'
[0.315s] DEBUG:colcon.colcon_core.verb:Building package 'leo_v1' with the following arguments: {'ament_cmake_args': None, 'build_base': '/home/nathan/leo-rover-autonomous-exploration/build/leo_v1', 'catkin_cmake_args': None, 'catkin_skip_building_tests': False, 'cmake_args': None, 'cmake_clean_cache': False, 'cmake_clean_first': False, 'cmake_force_configure': False, 'cmake_target': None, 'cmake_target_skip_unavailable': False, 'install_base': '/home/nathan/leo-rover-autonomous-exploration/install/leo_v1', 'merge_install': False, 'path': '/home/nathan/leo-rover-autonomous-exploration/src/leo_v1', 'symlink_install': False, 'test_result_base': None}
[0.315s] Level 5:colcon.colcon_core.verb:set package 'leo_v2' build argument 'cmake_args' from command line to 'None'
[0.315s] Level 5:colcon.colcon_core.verb:set package 'leo_v2' build argument 'cmake_target' from command line to 'None'
[0.315s] Level 5:colcon.colcon_core.verb:set package 'leo_v2' build argument 'cmake_target_skip_unavailable' from command line to 'False'
[0.315s] Level 5:colcon.colcon_core.verb:set package 'leo_v2' build argument 'cmake_clean_cache' from command line to 'False'
[0.315s] Level 5:colcon.colcon_core.verb:set package 'leo_v2' build argument 'cmake_clean_first' from command line to 'False'
[0.316s] Level 5:colcon.colcon_core.verb:set package 'leo_v2' build argument 'cmake_force_configure' from command line to 'False'
[0.316s] Level 5:colcon.colcon_core.verb:set package 'leo_v2' build argument 'ament_cmake_args' from command line to 'None'
[0.316s] Level 5:colcon.colcon_core.verb:set package 'leo_v2' build argument 'catkin_cmake_args' from command line to 'None'
[0.316s] Level 5:colcon.colcon_core.verb:set package 'leo_v2' build argument 'catkin_skip_building_tests' from command line to 'False'
[0.316s] DEBUG:colcon.colcon_core.verb:Building package 'leo_v2' with the following arguments: {'ament_cmake_args': None, 'build_base': '/home/nathan/leo-rover-autonomous-exploration/build/leo_v2', 'catkin_cmake_args': None, 'catkin_skip_building_tests': False, 'cmake_args': None, 'cmake_clean_cache': False, 'cmake_clean_first': False, 'cmake_force_configure': False, 'cmake_target': None, 'cmake_target_skip_unavailable': False, 'install_base': '/home/nathan/leo-rover-autonomous-exploration/install/leo_v2', 'merge_install': False, 'path': '/home/nathan/leo-rover-autonomous-exploration/src/leo_v2', 'symlink_install': False, 'test_result_base': None}
[0.316s] Level 5:colcon.colcon_core.verb:set package 'leo_v3' build argument 'cmake_args' from command line to 'None'
[0.316s] Level 5:colcon.colcon_core.verb:set package 'leo_v3' build argument 'cmake_target' from command line to 'None'
[0.316s] Level 5:colcon.colcon_core.verb:set package 'leo_v3' build argument 'cmake_target_skip_unavailable' from command line to 'False'
[0.316s] Level 5:colcon.colcon_core.verb:set package 'leo_v3' build argument 'cmake_clean_cache' from command line to 'False'
[0.316s] Level 5:colcon.colcon_core.verb:set package 'leo_v3' build argument 'cmake_clean_first' from command line to 'False'
[0.316s] Level 5:colcon.colcon_core.verb:set package 'leo_v3' build argument 'cmake_force_configure' from command line to 'False'
[0.316s] Level 5:colcon.colcon_core.verb:set package 'leo_v3' build argument 'ament_cmake_args' from command line to 'None'
[0.316s] Level 5:colcon.colcon_core.verb:set package 'leo_v3' build argument 'catkin_cmake_args' from command line to 'None'
[0.316s] Level 5:colcon.colcon_core.verb:set package 'leo_v3' build argument 'catkin_skip_building_tests' from command line to 'False'
[0.316s] DEBUG:colcon.colcon_core.verb:Building package 'leo_v3' with the following arguments: {'ament_cmake_args': None, 'build_base': '/home/nathan/leo-rover-autonomous-exploration/build/leo_v3', 'catkin_cmake_args': None, 'catkin_skip_building_tests': False, 'cmake_args': None, 'cmake_clean_cache': False, 'cmake_clean_first': False, 'cmake_force_configure': False, 'cmake_target': None, 'cmake_target_skip_unavailable': False, 'install_base': '/home/nathan/leo-rover-autonomous-exploration/install/leo_v3', 'merge_install': False, 'path': '/home/nathan/leo-rover-autonomous-exploration/src/leo_v3', 'symlink_install': False, 'test_result_base': None}
[0.316s] Level 5:colcon.colcon_core.verb:set package 'leo_v4' build argument 'cmake_args' from command line to 'None'
[0.316s] Level 5:colcon.colcon_core.verb:set package 'leo_v4' build argument 'cmake_target' from command line to 'None'
[0.317s] Level 5:colcon.colcon_core.verb:set package 'leo_v4' build argument 'cmake_target_skip_unavailable' from command line to 'False'
[0.317s] Level 5:colcon.colcon_core.verb:set package 'leo_v4' build argument 'cmake_clean_cache' from command line to 'False'
[0.317s] Level 5:colcon.colcon_core.verb:set package 'leo_v4' build argument 'cmake_clean_first' from command line to 'False'
[0.317s] Level 5:colcon.colcon_core.verb:set package 'leo_v4' build argument 'cmake_force_configure' from command line to 'False'
[0.317s] Level 5:colcon.colcon_core.verb:set package 'leo_v4' build argument 'ament_cmake_args' from command line to 'None'
[0.317s] Level 5:colcon.colcon_core.verb:set package 'leo_v4' build argument 'catkin_cmake_args' from command line to 'None'
[0.317s] Level 5:colcon.colcon_core.verb:set package 'leo_v4' build argument 'catkin_skip_building_tests' from command line to 'False'
[0.317s] DEBUG:colcon.colcon_core.verb:Building package 'leo_v4' with the following arguments: {'ament_cmake_args': None, 'build_base': '/home/nathan/leo-rover-autonomous-exploration/build/leo_v4', 'catkin_cmake_args': None, 'catkin_skip_building_tests': False, 'cmake_args': None, 'cmake_clean_cache': False, 'cmake_clean_first': False, 'cmake_force_configure': False, 'cmake_target': None, 'cmake_target_skip_unavailable': False, 'install_base': '/home/nathan/leo-rover-autonomous-exploration/install/leo_v4', 'merge_install': False, 'path': '/home/nathan/leo-rover-autonomous-exploration/src/leo_v4', 'symlink_install': False, 'test_result_base': None}
[0.317s] INFO:colcon.colcon_core.executor:Executing jobs using 'parallel' executor
[0.319s] DEBUG:colcon.colcon_parallel_executor.executor.parallel:run_until_complete
[0.320s] INFO:colcon.colcon_ros.task.ament_python.build:Building ROS package in '/home/nathan/leo-rover-autonomous-exploration/src/leo_description' with build type 'ament_python'
[0.320s] Level 1:colcon.colcon_core.shell:create_environment_hook('leo_description', 'ament_prefix_path')
[0.323s] INFO:colcon.colcon_core.plugin_system:Skipping extension 'colcon_core.shell.bat': Not used on non-Windows systems
[0.323s] INFO:colcon.colcon_core.shell:Creating environment hook '/home/nathan/leo-rover-autonomous-exploration/install/leo_description/share/leo_description/hook/ament_prefix_path.ps1'
[0.325s] INFO:colcon.colcon_core.shell:Creating environment descriptor '/home/nathan/leo-rover-autonomous-exploration/install/leo_description/share/leo_description/hook/ament_prefix_path.dsv'
[0.325s] INFO:colcon.colcon_core.shell:Creating environment hook '/home/nathan/leo-rover-autonomous-exploration/install/leo_description/share/leo_description/hook/ament_prefix_path.sh'
[0.326s] INFO:colcon.colcon_core.shell:Skip shell extension 'powershell' for command environment: Not usable outside of PowerShell
[0.326s] DEBUG:colcon.colcon_core.shell:Skip shell extension 'dsv' for command environment
[0.334s] INFO:colcon.colcon_ros.task.ament_cmake.build:Building ROS package in '/home/nathan/leo-rover-autonomous-exploration/src/leo_explorer' with build type 'ament_cmake'
[0.334s] INFO:colcon.colcon_cmake.task.cmake.build:Building CMake package in '/home/nathan/leo-rover-autonomous-exploration/src/leo_explorer'
[0.334s] INFO:colcon.colcon_core.shell:Skip shell extension 'powershell' for command environment: Not usable outside of PowerShell
[0.335s] DEBUG:colcon.colcon_core.shell:Skip shell extension 'dsv' for command environment
[0.341s] INFO:colcon.colcon_ros.task.ament_python.build:Building ROS package in '/home/nathan/leo-rover-autonomous-exploration/src/leo_v1' with build type 'ament_python'
[0.342s] Level 1:colcon.colcon_core.shell:create_environment_hook('leo_v1', 'ament_prefix_path')
[0.342s] INFO:colcon.colcon_core.shell:Creating environment hook '/home/nathan/leo-rover-autonomous-exploration/install/leo_v1/share/leo_v1/hook/ament_prefix_path.ps1'
[0.343s] INFO:colcon.colcon_core.shell:Creating environment descriptor '/home/nathan/leo-rover-autonomous-exploration/install/leo_v1/share/leo_v1/hook/ament_prefix_path.dsv'
[0.344s] INFO:colcon.colcon_core.shell:Creating environment hook '/home/nathan/leo-rover-autonomous-exploration/install/leo_v1/share/leo_v1/hook/ament_prefix_path.sh'
[0.344s] INFO:colcon.colcon_core.shell:Skip shell extension 'powershell' for command environment: Not usable outside of PowerShell
[0.344s] DEBUG:colcon.colcon_core.shell:Skip shell extension 'dsv' for command environment
[0.351s] INFO:colcon.colcon_ros.task.ament_python.build:Building ROS package in '/home/nathan/leo-rover-autonomous-exploration/src/leo_v2' with build type 'ament_python'
[0.351s] Level 1:colcon.colcon_core.shell:create_environment_hook('leo_v2', 'ament_prefix_path')
[0.351s] INFO:colcon.colcon_core.shell:Creating environment hook '/home/nathan/leo-rover-autonomous-exploration/install/leo_v2/share/leo_v2/hook/ament_prefix_path.ps1'
[0.352s] INFO:colcon.colcon_core.shell:Creating environment descriptor '/home/nathan/leo-rover-autonomous-exploration/install/leo_v2/share/leo_v2/hook/ament_prefix_path.dsv'
[0.353s] INFO:colcon.colcon_core.shell:Creating environment hook '/home/nathan/leo-rover-autonomous-exploration/install/leo_v2/share/leo_v2/hook/ament_prefix_path.sh'
[0.354s] INFO:colcon.colcon_core.shell:Skip shell extension 'powershell' for command environment: Not usable outside of PowerShell
[0.354s] DEBUG:colcon.colcon_core.shell:Skip shell extension 'dsv' for command environment
[0.362s] INFO:colcon.colcon_ros.task.ament_python.build:Building ROS package in '/home/nathan/leo-rover-autonomous-exploration/src/leo_v3' with build type 'ament_python'
[0.362s] Level 1:colcon.colcon_core.shell:create_environment_hook('leo_v3', 'ament_prefix_path')
[0.363s] INFO:colcon.colcon_core.shell:Creating environment hook '/home/nathan/leo-rover-autonomous-exploration/install/leo_v3/share/leo_v3/hook/ament_prefix_path.ps1'
[0.364s] INFO:colcon.colcon_core.shell:Creating environment descriptor '/home/nathan/leo-rover-autonomous-exploration/install/leo_v3/share/leo_v3/hook/ament_prefix_path.dsv'
[0.364s] INFO:colcon.colcon_core.shell:Creating environment hook '/home/nathan/leo-rover-autonomous-exploration/install/leo_v3/share/leo_v3/hook/ament_prefix_path.sh'
[0.365s] INFO:colcon.colcon_core.shell:Skip shell extension 'powershell' for command environment: Not usable outside of PowerShell
[0.365s] DEBUG:colcon.colcon_core.shell:Skip shell extension 'dsv' for command environment
[0.373s] INFO:colcon.colcon_ros.task.ament_python.build:Building ROS package in '/home/nathan/leo-rover-autonomous-exploration/src/leo_v4' with build type 'ament_python'
[0.374s] Level 1:colcon.colcon_core.shell:create_environment_hook('leo_v4', 'ament_prefix_path')
[0.374s] INFO:colcon.colcon_core.shell:Creating environment hook '/home/nathan/leo-rover-autonomous-exploration/install/leo_v4/share/leo_v4/hook/ament_prefix_path.ps1'
[0.375s] INFO:colcon.colcon_core.shell:Creating environment descriptor '/home/nathan/leo-rover-autonomous-exploration/install/leo_v4/share/leo_v4/hook/ament_prefix_path.dsv'
[0.376s] INFO:colcon.colcon_core.shell:Creating environment hook '/home/nathan/leo-rover-autonomous-exploration/install/leo_v4/share/leo_v4/hook/ament_prefix_path.sh'
[0.377s] INFO:colcon.colcon_core.shell:Skip shell extension 'powershell' for command environment: Not usable outside of PowerShell
[0.377s] DEBUG:colcon.colcon_core.shell:Skip shell extension 'dsv' for command environment
[0.710s] INFO:colcon.colcon_core.task.python.build:Building Python package in '/home/nathan/leo-rover-autonomous-exploration/src/leo_description'
[0.710s] INFO:colcon.colcon_core.shell:Skip shell extension 'powershell' for command environment: Not usable outside of PowerShell
[0.710s] DEBUG:colcon.colcon_core.shell:Skip shell extension 'dsv' for command environment
[0.722s] DEBUG:colcon.colcon_core.event_handler.log_command:Invoking command in '/home/nathan/leo-rover-autonomous-exploration/build/leo_explorer': CMAKE_PREFIX_PATH=${CMAKE_PREFIX_PATH}:/home/nathan/leo-rover-autonomous-exploration/install/leo_v4:/home/nathan/leo-rover-autonomous-exploration/install/leo_v3:/home/nathan/leo-rover-autonomous-exploration/install/leo_v2:/home/nathan/leo-rover-autonomous-exploration/install/leo_v1:/home/nathan/leo-rover-autonomous-exploration/install/leo_description:/opt/ros/jazzy DEBUGINFOD_URLS=https://debuginfod.ubuntu.com /usr/bin/cmake --build /home/nathan/leo-rover-autonomous-exploration/build/leo_explorer -- -j20 -l20
[1.087s] INFO:colcon.colcon_core.task.python.build:Building Python package in '/home/nathan/leo-rover-autonomous-exploration/src/leo_v1'
[1.087s] INFO:colcon.colcon_core.shell:Skip shell extension 'powershell' for command environment: Not usable outside of PowerShell
[1.087s] DEBUG:colcon.colcon_core.shell:Skip shell extension 'dsv' for command environment
[1.418s] INFO:colcon.colcon_core.task.python.build:Building Python package in '/home/nathan/leo-rover-autonomous-exploration/src/leo_v2'
[1.419s] INFO:colcon.colcon_core.shell:Skip shell extension 'powershell' for command environment: Not usable outside of PowerShell
[1.419s] DEBUG:colcon.colcon_core.shell:Skip shell extension 'dsv' for command environment
[1.745s] INFO:colcon.colcon_core.task.python.build:Building Python package in '/home/nathan/leo-rover-autonomous-exploration/src/leo_v3'
[1.746s] INFO:colcon.colcon_core.shell:Skip shell extension 'powershell' for command environment: Not usable outside of PowerShell
[1.746s] DEBUG:colcon.colcon_core.shell:Skip shell extension 'dsv' for command environment
[1.758s] DEBUG:colcon.colcon_core.event_handler.log_command:Invoked command in '/home/nathan/leo-rover-autonomous-exploration/build/leo_explorer' returned '0': CMAKE_PREFIX_PATH=${CMAKE_PREFIX_PATH}:/home/nathan/leo-rover-autonomous-exploration/install/leo_v4:/home/nathan/leo-rover-autonomous-exploration/install/leo_v3:/home/nathan/leo-rover-autonomous-exploration/install/leo_v2:/home/nathan/leo-rover-autonomous-exploration/install/leo_v1:/home/nathan/leo-rover-autonomous-exploration/install/leo_description:/opt/ros/jazzy DEBUGINFOD_URLS=https://debuginfod.ubuntu.com /usr/bin/cmake --build /home/nathan/leo-rover-autonomous-exploration/build/leo_explorer -- -j20 -l20
[1.775s] DEBUG:colcon.colcon_core.event_handler.log_command:Invoking command in '/home/nathan/leo-rover-autonomous-exploration/build/leo_explorer': CMAKE_PREFIX_PATH=${CMAKE_PREFIX_PATH}:/home/nathan/leo-rover-autonomous-exploration/install/leo_v4:/home/nathan/leo-rover-autonomous-exploration/install/leo_v3:/home/nathan/leo-rover-autonomous-exploration/install/leo_v2:/home/nathan/leo-rover-autonomous-exploration/install/leo_v1:/home/nathan/leo-rover-autonomous-exploration/install/leo_description:/opt/ros/jazzy DEBUGINFOD_URLS=https://debuginfod.ubuntu.com /usr/bin/cmake --install /home/nathan/leo-rover-autonomous-exploration/build/leo_explorer
[2.091s] INFO:colcon.colcon_core.task.python.build:Building Python package in '/home/nathan/leo-rover-autonomous-exploration/src/leo_v4'
[2.091s] INFO:colcon.colcon_core.shell:Skip shell extension 'powershell' for command environment: Not usable outside of PowerShell
[2.091s] DEBUG:colcon.colcon_core.shell:Skip shell extension 'dsv' for command environment
[2.117s] Level 1:colcon.colcon_core.environment:create_environment_scripts_only(leo_explorer)
[2.118s] DEBUG:colcon.colcon_core.event_handler.log_command:Invoked command in '/home/nathan/leo-rover-autonomous-exploration/build/leo_explorer' returned '0': CMAKE_PREFIX_PATH=${CMAKE_PREFIX_PATH}:/home/nathan/leo-rover-autonomous-exploration/install/leo_v4:/home/nathan/leo-rover-autonomous-exploration/install/leo_v3:/home/nathan/leo-rover-autonomous-exploration/install/leo_v2:/home/nathan/leo-rover-autonomous-exploration/install/leo_v1:/home/nathan/leo-rover-autonomous-exploration/install/leo_description:/opt/ros/jazzy DEBUGINFOD_URLS=https://debuginfod.ubuntu.com /usr/bin/cmake --install /home/nathan/leo-rover-autonomous-exploration/build/leo_explorer
[2.121s] Level 1:colcon.colcon_core.environment:checking '/home/nathan/leo-rover-autonomous-exploration/install/leo_explorer' for CMake module files
[2.122s] Level 1:colcon.colcon_core.environment:checking '/home/nathan/leo-rover-autonomous-exploration/install/leo_explorer' for CMake config files
[2.123s] Level 1:colcon.colcon_core.shell:create_environment_hook('leo_explorer', 'cmake_prefix_path')
[2.123s] INFO:colcon.colcon_core.shell:Creating environment hook '/home/nathan/leo-rover-autonomous-exploration/install/leo_explorer/share/leo_explorer/hook/cmake_prefix_path.ps1'
[2.124s] INFO:colcon.colcon_core.shell:Creating environment descriptor '/home/nathan/leo-rover-autonomous-exploration/install/leo_explorer/share/leo_explorer/hook/cmake_prefix_path.dsv'
[2.125s] INFO:colcon.colcon_core.shell:Creating environment hook '/home/nathan/leo-rover-autonomous-exploration/install/leo_explorer/share/leo_explorer/hook/cmake_prefix_path.sh'
[2.126s] Level 1:colcon.colcon_core.environment:checking '/home/nathan/leo-rover-autonomous-exploration/install/leo_explorer/lib'
[2.126s] Level 1:colcon.colcon_core.environment:checking '/home/nathan/leo-rover-autonomous-exploration/install/leo_explorer/bin'
[2.126s] Level 1:colcon.colcon_core.environment:checking '/home/nathan/leo-rover-autonomous-exploration/install/leo_explorer/lib/pkgconfig/leo_explorer.pc'
[2.127s] Level 1:colcon.colcon_core.environment:checking '/home/nathan/leo-rover-autonomous-exploration/install/leo_explorer/lib/python3.12/site-packages'
[2.127s] Level 1:colcon.colcon_core.environment:checking '/home/nathan/leo-rover-autonomous-exploration/install/leo_explorer/bin'
[2.128s] INFO:colcon.colcon_core.shell:Creating package script '/home/nathan/leo-rover-autonomous-exploration/install/leo_explorer/share/leo_explorer/package.ps1'
[2.130s] INFO:colcon.colcon_core.shell:Creating package descriptor '/home/nathan/leo-rover-autonomous-exploration/install/leo_explorer/share/leo_explorer/package.dsv'
[2.131s] INFO:colcon.colcon_core.shell:Creating package script '/home/nathan/leo-rover-autonomous-exploration/install/leo_explorer/share/leo_explorer/package.sh'
[2.132s] INFO:colcon.colcon_core.shell:Creating package script '/home/nathan/leo-rover-autonomous-exploration/install/leo_explorer/share/leo_explorer/package.bash'
[2.133s] INFO:colcon.colcon_core.shell:Creating package script '/home/nathan/leo-rover-autonomous-exploration/install/leo_explorer/share/leo_explorer/package.zsh'
[2.134s] Level 1:colcon.colcon_core.environment:create_file_with_runtime_dependencies(/home/nathan/leo-rover-autonomous-exploration/install/leo_explorer/share/colcon-core/packages/leo_explorer)
[2.136s] Level 1:colcon.colcon_core.environment:create_environment_scripts_only(leo_explorer)
[2.136s] Level 1:colcon.colcon_core.environment:checking '/home/nathan/leo-rover-autonomous-exploration/install/leo_explorer' for CMake module files
[2.137s] Level 1:colcon.colcon_core.environment:checking '/home/nathan/leo-rover-autonomous-exploration/install/leo_explorer' for CMake config files
[2.137s] Level 1:colcon.colcon_core.shell:create_environment_hook('leo_explorer', 'cmake_prefix_path')
[2.137s] INFO:colcon.colcon_core.shell:Creating environment hook '/home/nathan/leo-rover-autonomous-exploration/install/leo_explorer/share/leo_explorer/hook/cmake_prefix_path.ps1'
[2.138s] INFO:colcon.colcon_core.shell:Creating environment descriptor '/home/nathan/leo-rover-autonomous-exploration/install/leo_explorer/share/leo_explorer/hook/cmake_prefix_path.dsv'
[2.139s] INFO:colcon.colcon_core.shell:Creating environment hook '/home/nathan/leo-rover-autonomous-exploration/install/leo_explorer/share/leo_explorer/hook/cmake_prefix_path.sh'
[2.140s] Level 1:colcon.colcon_core.environment:checking '/home/nathan/leo-rover-autonomous-exploration/install/leo_explorer/lib'
[2.140s] Level 1:colcon.colcon_core.environment:checking '/home/nathan/leo-rover-autonomous-exploration/install/leo_explorer/bin'
[2.140s] Level 1:colcon.colcon_core.environment:checking '/home/nathan/leo-rover-autonomous-exploration/install/leo_explorer/lib/pkgconfig/leo_explorer.pc'
[2.141s] Level 1:colcon.colcon_core.environment:checking '/home/nathan/leo-rover-autonomous-exploration/install/leo_explorer/lib/python3.12/site-packages'
[2.141s] Level 1:colcon.colcon_core.environment:checking '/home/nathan/leo-rover-autonomous-exploration/install/leo_explorer/bin'
[2.141s] INFO:colcon.colcon_core.shell:Creating package script '/home/nathan/leo-rover-autonomous-exploration/install/leo_explorer/share/leo_explorer/package.ps1'
[2.142s] INFO:colcon.colcon_core.shell:Creating package descriptor '/home/nathan/leo-rover-autonomous-exploration/install/leo_explorer/share/leo_explorer/package.dsv'
[2.143s] INFO:colcon.colcon_core.shell:Creating package script '/home/nathan/leo-rover-autonomous-exploration/install/leo_explorer/share/leo_explorer/package.sh'
[2.144s] INFO:colcon.colcon_core.shell:Creating package script '/home/nathan/leo-rover-autonomous-exploration/install/leo_explorer/share/leo_explorer/package.bash'
[2.145s] INFO:colcon.colcon_core.shell:Creating package script '/home/nathan/leo-rover-autonomous-exploration/install/leo_explorer/share/leo_explorer/package.zsh'
[2.145s] Level 1:colcon.colcon_core.environment:create_file_with_runtime_dependencies(/home/nathan/leo-rover-autonomous-exploration/install/leo_explorer/share/colcon-core/packages/leo_explorer)
[3.397s] DEBUG:colcon.colcon_core.event_handler.log_command:Invoking command in '/home/nathan/leo-rover-autonomous-exploration/src/leo_v1': DEBUGINFOD_URLS=https://debuginfod.ubuntu.com PYTHONPATH=/home/nathan/leo-rover-autonomous-exploration/build/leo_v1/prefix_override:/usr/lib/python3/dist-packages/colcon_core/task/python/colcon_distutils_commands:/home/nathan/leo-rover-autonomous-exploration/install/leo_v1/lib/python3.12/site-packages:${PYTHONPATH} /usr/bin/python3 -W ignore:setup.py install is deprecated -W ignore:easy_install command is deprecated setup.py egg_info --egg-base ../../build/leo_v1 build --build-base /home/nathan/leo-rover-autonomous-exploration/build/leo_v1/build install --record /home/nathan/leo-rover-autonomous-exploration/build/leo_v1/install.log --single-version-externally-managed install_data
[3.406s] DEBUG:colcon.colcon_core.event_handler.log_command:Invoking command in '/home/nathan/leo-rover-autonomous-exploration/src/leo_description': DEBUGINFOD_URLS=https://debuginfod.ubuntu.com PYTHONPATH=/home/nathan/leo-rover-autonomous-exploration/build/leo_description/prefix_override:/usr/lib/python3/dist-packages/colcon_core/task/python/colcon_distutils_commands:/home/nathan/leo-rover-autonomous-exploration/install/leo_description/lib/python3.12/site-packages:${PYTHONPATH} /usr/bin/python3 -W ignore:setup.py install is deprecated -W ignore:easy_install command is deprecated setup.py egg_info --egg-base ../../build/leo_description build --build-base /home/nathan/leo-rover-autonomous-exploration/build/leo_description/build install --record /home/nathan/leo-rover-autonomous-exploration/build/leo_description/install.log --single-version-externally-managed install_data
[3.411s] DEBUG:colcon.colcon_core.event_handler.log_command:Invoking command in '/home/nathan/leo-rover-autonomous-exploration/src/leo_v3': DEBUGINFOD_URLS=https://debuginfod.ubuntu.com PYTHONPATH=/home/nathan/leo-rover-autonomous-exploration/build/leo_v3/prefix_override:/usr/lib/python3/dist-packages/colcon_core/task/python/colcon_distutils_commands:/home/nathan/leo-rover-autonomous-exploration/install/leo_v3/lib/python3.12/site-packages:${PYTHONPATH} /usr/bin/python3 -W ignore:setup.py install is deprecated -W ignore:easy_install command is deprecated setup.py egg_info --egg-base ../../build/leo_v3 build --build-base /home/nathan/leo-rover-autonomous-exploration/build/leo_v3/build install --record /home/nathan/leo-rover-autonomous-exploration/build/leo_v3/install.log --single-version-externally-managed install_data
[3.415s] DEBUG:colcon.colcon_core.event_handler.log_command:Invoking command in '/home/nathan/leo-rover-autonomous-exploration/src/leo_v4': DEBUGINFOD_URLS=https://debuginfod.ubuntu.com PYTHONPATH=/home/nathan/leo-rover-autonomous-exploration/build/leo_v4/prefix_override:/usr/lib/python3/dist-packages/colcon_core/task/python/colcon_distutils_commands:/home/nathan/leo-rover-autonomous-exploration/install/leo_v4/lib/python3.12/site-packages:${PYTHONPATH} /usr/bin/python3 -W ignore:setup.py install is deprecated -W ignore:easy_install command is deprecated setup.py egg_info --egg-base ../../build/leo_v4 build --build-base /home/nathan/leo-rover-autonomous-exploration/build/leo_v4/build install --record /home/nathan/leo-rover-autonomous-exploration/build/leo_v4/install.log --single-version-externally-managed install_data
[3.422s] DEBUG:colcon.colcon_core.event_handler.log_command:Invoking command in '/home/nathan/leo-rover-autonomous-exploration/src/leo_v2': DEBUGINFOD_URLS=https://debuginfod.ubuntu.com PYTHONPATH=/home/nathan/leo-rover-autonomous-exploration/build/leo_v2/prefix_override:/usr/lib/python3/dist-packages/colcon_core/task/python/colcon_distutils_commands:/home/nathan/leo-rover-autonomous-exploration/install/leo_v2/lib/python3.12/site-packages:${PYTHONPATH} /usr/bin/python3 -W ignore:setup.py install is deprecated -W ignore:easy_install command is deprecated setup.py egg_info --egg-base ../../build/leo_v2 build --build-base /home/nathan/leo-rover-autonomous-exploration/build/leo_v2/build install --record /home/nathan/leo-rover-autonomous-exploration/build/leo_v2/install.log --single-version-externally-managed install_data
[4.648s] Level 1:colcon.colcon_core.environment:checking '/home/nathan/leo-rover-autonomous-exploration/install/leo_v1' for CMake module files
[4.650s] DEBUG:colcon.colcon_core.event_handler.log_command:Invoked command in '/home/nathan/leo-rover-autonomous-exploration/src/leo_v1' returned '0': DEBUGINFOD_URLS=https://debuginfod.ubuntu.com PYTHONPATH=/home/nathan/leo-rover-autonomous-exploration/build/leo_v1/prefix_override:/usr/lib/python3/dist-packages/colcon_core/task/python/colcon_distutils_commands:/home/nathan/leo-rover-autonomous-exploration/install/leo_v1/lib/python3.12/site-packages:${PYTHONPATH} /usr/bin/python3 -W ignore:setup.py install is deprecated -W ignore:easy_install command is deprecated setup.py egg_info --egg-base ../../build/leo_v1 build --build-base /home/nathan/leo-rover-autonomous-exploration/build/leo_v1/build install --record /home/nathan/leo-rover-autonomous-exploration/build/leo_v1/install.log --single-version-externally-managed install_data
[4.651s] Level 1:colcon.colcon_core.environment:checking '/home/nathan/leo-rover-autonomous-exploration/install/leo_v1' for CMake config files
[4.652s] Level 1:colcon.colcon_core.environment:checking '/home/nathan/leo-rover-autonomous-exploration/install/leo_v1/lib'
[4.652s] Level 1:colcon.colcon_core.environment:checking '/home/nathan/leo-rover-autonomous-exploration/install/leo_v1/bin'
[4.652s] Level 1:colcon.colcon_core.environment:checking '/home/nathan/leo-rover-autonomous-exploration/install/leo_v1/lib/pkgconfig/leo_v1.pc'
[4.653s] Level 1:colcon.colcon_core.environment:checking '/home/nathan/leo-rover-autonomous-exploration/install/leo_v1/lib/python3.12/site-packages'
[4.653s] Level 1:colcon.colcon_core.shell:create_environment_hook('leo_v1', 'pythonpath')
[4.654s] INFO:colcon.colcon_core.shell:Creating environment hook '/home/nathan/leo-rover-autonomous-exploration/install/leo_v1/share/leo_v1/hook/pythonpath.ps1'
[4.655s] INFO:colcon.colcon_core.shell:Creating environment descriptor '/home/nathan/leo-rover-autonomous-exploration/install/leo_v1/share/leo_v1/hook/pythonpath.dsv'
[4.655s] INFO:colcon.colcon_core.shell:Creating environment hook '/home/nathan/leo-rover-autonomous-exploration/install/leo_v1/share/leo_v1/hook/pythonpath.sh'
[4.657s] Level 1:colcon.colcon_core.environment:checking '/home/nathan/leo-rover-autonomous-exploration/install/leo_v1/bin'
[4.657s] Level 1:colcon.colcon_core.environment:create_environment_scripts_only(leo_v1)
[4.657s] INFO:colcon.colcon_core.shell:Creating package script '/home/nathan/leo-rover-autonomous-exploration/install/leo_v1/share/leo_v1/package.ps1'
[4.659s] INFO:colcon.colcon_core.shell:Creating package descriptor '/home/nathan/leo-rover-autonomous-exploration/install/leo_v1/share/leo_v1/package.dsv'
[4.660s] INFO:colcon.colcon_core.shell:Creating package script '/home/nathan/leo-rover-autonomous-exploration/install/leo_v1/share/leo_v1/package.sh'
[4.660s] INFO:colcon.colcon_core.shell:Creating package script '/home/nathan/leo-rover-autonomous-exploration/install/leo_v1/share/leo_v1/package.bash'
[4.661s] INFO:colcon.colcon_core.shell:Creating package script '/home/nathan/leo-rover-autonomous-exploration/install/leo_v1/share/leo_v1/package.zsh'
[4.662s] Level 1:colcon.colcon_core.environment:create_file_with_runtime_dependencies(/home/nathan/leo-rover-autonomous-exploration/install/leo_v1/share/colcon-core/packages/leo_v1)
[4.686s] Level 1:colcon.colcon_core.environment:checking '/home/nathan/leo-rover-autonomous-exploration/install/leo_v2' for CMake module files
[4.688s] DEBUG:colcon.colcon_core.event_handler.log_command:Invoked command in '/home/nathan/leo-rover-autonomous-exploration/src/leo_v2' returned '0': DEBUGINFOD_URLS=https://debuginfod.ubuntu.com PYTHONPATH=/home/nathan/leo-rover-autonomous-exploration/build/leo_v2/prefix_override:/usr/lib/python3/dist-packages/colcon_core/task/python/colcon_distutils_commands:/home/nathan/leo-rover-autonomous-exploration/install/leo_v2/lib/python3.12/site-packages:${PYTHONPATH} /usr/bin/python3 -W ignore:setup.py install is deprecated -W ignore:easy_install command is deprecated setup.py egg_info --egg-base ../../build/leo_v2 build --build-base /home/nathan/leo-rover-autonomous-exploration/build/leo_v2/build install --record /home/nathan/leo-rover-autonomous-exploration/build/leo_v2/install.log --single-version-externally-managed install_data
[4.689s] Level 1:colcon.colcon_core.environment:checking '/home/nathan/leo-rover-autonomous-exploration/install/leo_v2' for CMake config files
[4.690s] Level 1:colcon.colcon_core.environment:checking '/home/nathan/leo-rover-autonomous-exploration/install/leo_v2/lib'
[4.690s] Level 1:colcon.colcon_core.environment:checking '/home/nathan/leo-rover-autonomous-exploration/install/leo_v2/bin'
[4.691s] Level 1:colcon.colcon_core.environment:checking '/home/nathan/leo-rover-autonomous-exploration/install/leo_v2/lib/pkgconfig/leo_v2.pc'
[4.691s] Level 1:colcon.colcon_core.environment:checking '/home/nathan/leo-rover-autonomous-exploration/install/leo_v2/lib/python3.12/site-packages'
[4.691s] Level 1:colcon.colcon_core.shell:create_environment_hook('leo_v2', 'pythonpath')
[4.692s] INFO:colcon.colcon_core.shell:Creating environment hook '/home/nathan/leo-rover-autonomous-exploration/install/leo_v2/share/leo_v2/hook/pythonpath.ps1'
[4.693s] INFO:colcon.colcon_core.shell:Creating environment descriptor '/home/nathan/leo-rover-autonomous-exploration/install/leo_v2/share/leo_v2/hook/pythonpath.dsv'
[4.693s] INFO:colcon.colcon_core.shell:Creating environment hook '/home/nathan/leo-rover-autonomous-exploration/install/leo_v2/share/leo_v2/hook/pythonpath.sh'
[4.694s] Level 1:colcon.colcon_core.environment:checking '/home/nathan/leo-rover-autonomous-exploration/install/leo_v2/bin'
[4.695s] Level 1:colcon.colcon_core.environment:create_environment_scripts_only(leo_v2)
[4.695s] INFO:colcon.colcon_core.shell:Creating package script '/home/nathan/leo-rover-autonomous-exploration/install/leo_v2/share/leo_v2/package.ps1'
[4.696s] INFO:colcon.colcon_core.shell:Creating package descriptor '/home/nathan/leo-rover-autonomous-exploration/install/leo_v2/share/leo_v2/package.dsv'
[4.697s] INFO:colcon.colcon_core.shell:Creating package script '/home/nathan/leo-rover-autonomous-exploration/install/leo_v2/share/leo_v2/package.sh'
[4.698s] INFO:colcon.colcon_core.shell:Creating package script '/home/nathan/leo-rover-autonomous-exploration/install/leo_v2/share/leo_v2/package.bash'
[4.699s] INFO:colcon.colcon_core.shell:Creating package script '/home/nathan/leo-rover-autonomous-exploration/install/leo_v2/share/leo_v2/package.zsh'
[4.699s] Level 1:colcon.colcon_core.environment:create_file_with_runtime_dependencies(/home/nathan/leo-rover-autonomous-exploration/install/leo_v2/share/colcon-core/packages/leo_v2)
[4.703s] Level 1:colcon.colcon_core.environment:checking '/home/nathan/leo-rover-autonomous-exploration/install/leo_v4' for CMake module files
[4.704s] DEBUG:colcon.colcon_core.event_handler.log_command:Invoked command in '/home/nathan/leo-rover-autonomous-exploration/src/leo_v4' returned '0': DEBUGINFOD_URLS=https://debuginfod.ubuntu.com PYTHONPATH=/home/nathan/leo-rover-autonomous-exploration/build/leo_v4/prefix_override:/usr/lib/python3/dist-packages/colcon_core/task/python/colcon_distutils_commands:/home/nathan/leo-rover-autonomous-exploration/install/leo_v4/lib/python3.12/site-packages:${PYTHONPATH} /usr/bin/python3 -W ignore:setup.py install is deprecated -W ignore:easy_install command is deprecated setup.py egg_info --egg-base ../../build/leo_v4 build --build-base /home/nathan/leo-rover-autonomous-exploration/build/leo_v4/build install --record /home/nathan/leo-rover-autonomous-exploration/build/leo_v4/install.log --single-version-externally-managed install_data
[4.705s] Level 1:colcon.colcon_core.environment:checking '/home/nathan/leo-rover-autonomous-exploration/install/leo_v4' for CMake config files
[4.706s] Level 1:colcon.colcon_core.environment:checking '/home/nathan/leo-rover-autonomous-exploration/install/leo_v4/lib'
[4.706s] Level 1:colcon.colcon_core.environment:checking '/home/nathan/leo-rover-autonomous-exploration/install/leo_v4/bin'
[4.706s] Level 1:colcon.colcon_core.environment:checking '/home/nathan/leo-rover-autonomous-exploration/install/leo_v4/lib/pkgconfig/leo_v4.pc'
[4.707s] Level 1:colcon.colcon_core.environment:checking '/home/nathan/leo-rover-autonomous-exploration/install/leo_v4/lib/python3.12/site-packages'
[4.707s] Level 1:colcon.colcon_core.shell:create_environment_hook('leo_v4', 'pythonpath')
[4.707s] INFO:colcon.colcon_core.shell:Creating environment hook '/home/nathan/leo-rover-autonomous-exploration/install/leo_v4/share/leo_v4/hook/pythonpath.ps1'
[4.709s] INFO:colcon.colcon_core.shell:Creating environment descriptor '/home/nathan/leo-rover-autonomous-exploration/install/leo_v4/share/leo_v4/hook/pythonpath.dsv'
[4.710s] INFO:colcon.colcon_core.shell:Creating environment hook '/home/nathan/leo-rover-autonomous-exploration/install/leo_v4/share/leo_v4/hook/pythonpath.sh'
[4.711s] Level 1:colcon.colcon_core.environment:checking '/home/nathan/leo-rover-autonomous-exploration/install/leo_v4/bin'
[4.711s] Level 1:colcon.colcon_core.environment:create_environment_scripts_only(leo_v4)
[4.711s] INFO:colcon.colcon_core.shell:Creating package script '/home/nathan/leo-rover-autonomous-exploration/install/leo_v4/share/leo_v4/package.ps1'
[4.712s] INFO:colcon.colcon_core.shell:Creating package descriptor '/home/nathan/leo-rover-autonomous-exploration/install/leo_v4/share/leo_v4/package.dsv'
[4.713s] INFO:colcon.colcon_core.shell:Creating package script '/home/nathan/leo-rover-autonomous-exploration/install/leo_v4/share/leo_v4/package.sh'
[4.714s] INFO:colcon.colcon_core.shell:Creating package script '/home/nathan/leo-rover-autonomous-exploration/install/leo_v4/share/leo_v4/package.bash'
[4.714s] INFO:colcon.colcon_core.shell:Creating package script '/home/nathan/leo-rover-autonomous-exploration/install/leo_v4/share/leo_v4/package.zsh'
[4.715s] Level 1:colcon.colcon_core.environment:create_file_with_runtime_dependencies(/home/nathan/leo-rover-autonomous-exploration/install/leo_v4/share/colcon-core/packages/leo_v4)
[4.716s] Level 1:colcon.colcon_core.environment:checking '/home/nathan/leo-rover-autonomous-exploration/install/leo_description' for CMake module files
[4.718s] Level 1:colcon.colcon_core.environment:checking '/home/nathan/leo-rover-autonomous-exploration/install/leo_description' for CMake config files
[4.718s] DEBUG:colcon.colcon_core.event_handler.log_command:Invoked command in '/home/nathan/leo-rover-autonomous-exploration/src/leo_description' returned '0': DEBUGINFOD_URLS=https://debuginfod.ubuntu.com PYTHONPATH=/home/nathan/leo-rover-autonomous-exploration/build/leo_description/prefix_override:/usr/lib/python3/dist-packages/colcon_core/task/python/colcon_distutils_commands:/home/nathan/leo-rover-autonomous-exploration/install/leo_description/lib/python3.12/site-packages:${PYTHONPATH} /usr/bin/python3 -W ignore:setup.py install is deprecated -W ignore:easy_install command is deprecated setup.py egg_info --egg-base ../../build/leo_description build --build-base /home/nathan/leo-rover-autonomous-exploration/build/leo_description/build install --record /home/nathan/leo-rover-autonomous-exploration/build/leo_description/install.log --single-version-externally-managed install_data
[4.720s] Level 1:colcon.colcon_core.environment:checking '/home/nathan/leo-rover-autonomous-exploration/install/leo_description/lib'
[4.720s] Level 1:colcon.colcon_core.environment:checking '/home/nathan/leo-rover-autonomous-exploration/install/leo_description/bin'
[4.720s] Level 1:colcon.colcon_core.environment:checking '/home/nathan/leo-rover-autonomous-exploration/install/leo_description/lib/pkgconfig/leo_description.pc'
[4.721s] Level 1:colcon.colcon_core.environment:checking '/home/nathan/leo-rover-autonomous-exploration/install/leo_description/lib/python3.12/site-packages'
[4.721s] Level 1:colcon.colcon_core.shell:create_environment_hook('leo_description', 'pythonpath')
[4.721s] INFO:colcon.colcon_core.shell:Creating environment hook '/home/nathan/leo-rover-autonomous-exploration/install/leo_description/share/leo_description/hook/pythonpath.ps1'
[4.722s] INFO:colcon.colcon_core.shell:Creating environment descriptor '/home/nathan/leo-rover-autonomous-exploration/install/leo_description/share/leo_description/hook/pythonpath.dsv'
[4.723s] INFO:colcon.colcon_core.shell:Creating environment hook '/home/nathan/leo-rover-autonomous-exploration/install/leo_description/share/leo_description/hook/pythonpath.sh'
[4.724s] Level 1:colcon.colcon_core.environment:checking '/home/nathan/leo-rover-autonomous-exploration/install/leo_description/bin'
[4.724s] Level 1:colcon.colcon_core.environment:create_environment_scripts_only(leo_description)
[4.724s] INFO:colcon.colcon_core.shell:Creating package script '/home/nathan/leo-rover-autonomous-exploration/install/leo_description/share/leo_description/package.ps1'
[4.725s] INFO:colcon.colcon_core.shell:Creating package descriptor '/home/nathan/leo-rover-autonomous-exploration/install/leo_description/share/leo_description/package.dsv'
[4.726s] INFO:colcon.colcon_core.shell:Creating package script '/home/nathan/leo-rover-autonomous-exploration/install/leo_description/share/leo_description/package.sh'
[4.727s] INFO:colcon.colcon_core.shell:Creating package script '/home/nathan/leo-rover-autonomous-exploration/install/leo_description/share/leo_description/package.bash'
[4.727s] INFO:colcon.colcon_core.shell:Creating package script '/home/nathan/leo-rover-autonomous-exploration/install/leo_description/share/leo_description/package.zsh'
[4.728s] Level 1:colcon.colcon_core.environment:create_file_with_runtime_dependencies(/home/nathan/leo-rover-autonomous-exploration/install/leo_description/share/colcon-core/packages/leo_description)
[4.760s] Level 1:colcon.colcon_core.environment:checking '/home/nathan/leo-rover-autonomous-exploration/install/leo_v3' for CMake module files
[4.761s] DEBUG:colcon.colcon_core.event_handler.log_command:Invoked command in '/home/nathan/leo-rover-autonomous-exploration/src/leo_v3' returned '0': DEBUGINFOD_URLS=https://debuginfod.ubuntu.com PYTHONPATH=/home/nathan/leo-rover-autonomous-exploration/build/leo_v3/prefix_override:/usr/lib/python3/dist-packages/colcon_core/task/python/colcon_distutils_commands:/home/nathan/leo-rover-autonomous-exploration/install/leo_v3/lib/python3.12/site-packages:${PYTHONPATH} /usr/bin/python3 -W ignore:setup.py install is deprecated -W ignore:easy_install command is deprecated setup.py egg_info --egg-base ../../build/leo_v3 build --build-base /home/nathan/leo-rover-autonomous-exploration/build/leo_v3/build install --record /home/nathan/leo-rover-autonomous-exploration/build/leo_v3/install.log --single-version-externally-managed install_data
[4.762s] Level 1:colcon.colcon_core.environment:checking '/home/nathan/leo-rover-autonomous-exploration/install/leo_v3' for CMake config files
[4.763s] Level 1:colcon.colcon_core.environment:checking '/home/nathan/leo-rover-autonomous-exploration/install/leo_v3/lib'
[4.763s] Level 1:colcon.colcon_core.environment:checking '/home/nathan/leo-rover-autonomous-exploration/install/leo_v3/bin'
[4.763s] Level 1:colcon.colcon_core.environment:checking '/home/nathan/leo-rover-autonomous-exploration/install/leo_v3/lib/pkgconfig/leo_v3.pc'
[4.763s] Level 1:colcon.colcon_core.environment:checking '/home/nathan/leo-rover-autonomous-exploration/install/leo_v3/lib/python3.12/site-packages'
[4.764s] Level 1:colcon.colcon_core.shell:create_environment_hook('leo_v3', 'pythonpath')
[4.764s] INFO:colcon.colcon_core.shell:Creating environment hook '/home/nathan/leo-rover-autonomous-exploration/install/leo_v3/share/leo_v3/hook/pythonpath.ps1'
[4.765s] INFO:colcon.colcon_core.shell:Creating environment descriptor '/home/nathan/leo-rover-autonomous-exploration/install/leo_v3/share/leo_v3/hook/pythonpath.dsv'
[4.765s] INFO:colcon.colcon_core.shell:Creating environment hook '/home/nathan/leo-rover-autonomous-exploration/install/leo_v3/share/leo_v3/hook/pythonpath.sh'
[4.766s] Level 1:colcon.colcon_core.environment:checking '/home/nathan/leo-rover-autonomous-exploration/install/leo_v3/bin'
[4.766s] Level 1:colcon.colcon_core.environment:create_environment_scripts_only(leo_v3)
[4.767s] INFO:colcon.colcon_core.shell:Creating package script '/home/nathan/leo-rover-autonomous-exploration/install/leo_v3/share/leo_v3/package.ps1'
[4.768s] INFO:colcon.colcon_core.shell:Creating package descriptor '/home/nathan/leo-rover-autonomous-exploration/install/leo_v3/share/leo_v3/package.dsv'
[4.768s] INFO:colcon.colcon_core.shell:Creating package script '/home/nathan/leo-rover-autonomous-exploration/install/leo_v3/share/leo_v3/package.sh'
[4.769s] INFO:colcon.colcon_core.shell:Creating package script '/home/nathan/leo-rover-autonomous-exploration/install/leo_v3/share/leo_v3/package.bash'
[4.769s] INFO:colcon.colcon_core.shell:Creating package script '/home/nathan/leo-rover-autonomous-exploration/install/leo_v3/share/leo_v3/package.zsh'
[4.770s] Level 1:colcon.colcon_core.environment:create_file_with_runtime_dependencies(/home/nathan/leo-rover-autonomous-exploration/install/leo_v3/share/colcon-core/packages/leo_v3)
[4.770s] DEBUG:colcon.colcon_parallel_executor.executor.parallel:closing loop
[4.770s] DEBUG:colcon.colcon_parallel_executor.executor.parallel:loop closed
[4.770s] DEBUG:colcon.colcon_parallel_executor.executor.parallel:run_until_complete finished with '0'
[4.770s] DEBUG:colcon.colcon_core.event_reactor:joining thread
[4.780s] INFO:colcon.colcon_core.plugin_system:Skipping extension 'colcon_notification.desktop_notification.terminal_notifier': Not used on non-Darwin systems
[4.780s] INFO:colcon.colcon_core.plugin_system:Skipping extension 'colcon_notification.desktop_notification.win32': Not used on non-Windows systems
[4.780s] INFO:colcon.colcon_notification.desktop_notification:Sending desktop notification using 'notify2'
[4.806s] DEBUG:colcon.colcon_core.event_reactor:joined thread
[4.807s] INFO:colcon.colcon_core.shell:Creating prefix script '/home/nathan/leo-rover-autonomous-exploration/install/local_setup.ps1'
[4.808s] INFO:colcon.colcon_core.shell:Creating prefix util module '/home/nathan/leo-rover-autonomous-exploration/install/_local_setup_util_ps1.py'
[4.809s] INFO:colcon.colcon_core.shell:Creating prefix chain script '/home/nathan/leo-rover-autonomous-exploration/install/setup.ps1'
[4.811s] INFO:colcon.colcon_core.shell:Creating prefix script '/home/nathan/leo-rover-autonomous-exploration/install/local_setup.sh'
[4.812s] INFO:colcon.colcon_core.shell:Creating prefix util module '/home/nathan/leo-rover-autonomous-exploration/install/_local_setup_util_sh.py'
[4.812s] INFO:colcon.colcon_core.shell:Creating prefix chain script '/home/nathan/leo-rover-autonomous-exploration/install/setup.sh'
[4.814s] INFO:colcon.colcon_core.shell:Creating prefix script '/home/nathan/leo-rover-autonomous-exploration/install/local_setup.bash'
[4.815s] INFO:colcon.colcon_core.shell:Creating prefix chain script '/home/nathan/leo-rover-autonomous-exploration/install/setup.bash'
[4.816s] INFO:colcon.colcon_core.shell:Creating prefix script '/home/nathan/leo-rover-autonomous-exploration/install/local_setup.zsh'
[4.817s] INFO:colcon.colcon_core.shell:Creating prefix chain script '/home/nathan/leo-rover-autonomous-exploration/install/setup.zsh'
