[0.067s] DEBUG:colcon:Command line arguments: ['/usr/bin/colcon', 'build', '--packages-select', 'leo_explorer']
[0.067s] DEBUG:colcon:Parsed command line arguments: Namespace(log_base=None, log_level=None, verb_name='build', build_base='build', install_base='install', merge_install=False, symlink_install=False, test_result_base=None, continue_on_error=False, executor='parallel', parallel_workers=20, event_handlers=None, ignore_user_meta=False, metas=['./colcon.meta'], base_paths=['.'], packages_ignore=None, packages_ignore_regex=None, paths=None, packages_up_to=None, packages_up_to_regex=None, packages_above=None, packages_above_and_dependencies=None, packages_above_depth=None, packages_select_by_dep=None, packages_skip_by_dep=None, packages_skip_up_to=None, packages_select_build_failed=False, packages_skip_build_finished=False, packages_select_test_failures=False, packages_skip_test_passed=False, packages_select=['leo_explorer'], packages_skip=None, packages_select_regex=None, packages_skip_regex=None, packages_start=None, packages_end=None, allow_overriding=[], cmake_args=None, cmake_target=None, cmake_target_skip_unavailable=False, cmake_clean_cache=False, cmake_clean_first=False, cmake_force_configure=False, ament_cmake_args=None, catkin_cmake_args=None, catkin_skip_building_tests=False, mixin_files=None, mixin=None, verb_parser=<colcon_mixin.mixin.mixin_argument.MixinArgumentDecorator object at 0x7d790937b830>, verb_extension=<colcon_core.verb.build.BuildVerb object at 0x7d790937b380>, main=<bound method BuildVerb.main of <colcon_core.verb.build.BuildVerb object at 0x7d790937b380>>, mixin_verb=('build',))
[0.092s] Level 1:colcon.colcon_core.package_discovery:discover_packages(colcon_meta) check parameters
[0.092s] Level 1:colcon.colcon_core.package_discovery:discover_packages(recursive) check parameters
[0.092s] Level 1:colcon.colcon_core.package_discovery:discover_packages(ignore) check parameters
[0.092s] Level 1:colcon.colcon_core.package_discovery:discover_packages(path) check parameters
[0.092s] Level 1:colcon.colcon_core.package_discovery:discover_packages(colcon_meta) discover
[0.093s] Level 1:colcon.colcon_core.package_discovery:discover_packages(recursive) discover
[0.093s] INFO:colcon.colcon_core.package_discovery:Crawling recursively for packages in '/home/nathan/leo-rover-autonomous-exploration'
[0.093s] Level 1:colcon.colcon_core.package_identification:_identify(.) by extensions ['ignore', 'ignore_ament_install']
[0.093s] Level 1:colcon.colcon_core.package_identification:_identify(.) by extension 'ignore'
[0.093s] Level 1:colcon.colcon_core.package_identification:_identify(.) by extension 'ignore_ament_install'
[0.093s] Level 1:colcon.colcon_core.package_identification:_identify(.) by extensions ['colcon_pkg']
[0.093s] Level 1:colcon.colcon_core.package_identification:_identify(.) by extension 'colcon_pkg'
[0.093s] Level 1:colcon.colcon_core.package_identification:_identify(.) by extensions ['colcon_meta']
[0.093s] Level 1:colcon.colcon_core.package_identification:_identify(.) by extension 'colcon_meta'
[0.093s] Level 1:colcon.colcon_core.package_identification:_identify(.) by extensions ['ros']
[0.093s] Level 1:colcon.colcon_core.package_identification:_identify(.) by extension 'ros'
[0.110s] Level 1:colcon.colcon_core.package_identification:_identify(.) by extensions ['cmake', 'python']
[0.110s] Level 1:colcon.colcon_core.package_identification:_identify(.) by extension 'cmake'
[0.110s] Level 1:colcon.colcon_core.package_identification:_identify(.) by extension 'python'
[0.110s] Level 1:colcon.colcon_core.package_identification:_identify(.) by extensions ['python_setup_py']
[0.110s] Level 1:colcon.colcon_core.package_identification:_identify(.) by extension 'python_setup_py'
[0.110s] Level 1:colcon.colcon_core.package_identification:_identify(build) by extensions ['ignore', 'ignore_ament_install']
[0.110s] Level 1:colcon.colcon_core.package_identification:_identify(build) by extension 'ignore'
[0.110s] Level 1:colcon.colcon_core.package_identification:_identify(build) ignored
[0.111s] Level 1:colcon.colcon_core.package_identification:_identify(install) by extensions ['ignore', 'ignore_ament_install']
[0.111s] Level 1:colcon.colcon_core.package_identification:_identify(install) by extension 'ignore'
[0.111s] Level 1:colcon.colcon_core.package_identification:_identify(install) ignored
[0.111s] Level 1:colcon.colcon_core.package_identification:_identify(log) by extensions ['ignore', 'ignore_ament_install']
[0.111s] Level 1:colcon.colcon_core.package_identification:_identify(log) by extension 'ignore'
[0.111s] Level 1:colcon.colcon_core.package_identification:_identify(log) ignored
[0.111s] Level 1:colcon.colcon_core.package_identification:_identify(src) by extensions ['ignore', 'ignore_ament_install']
[0.111s] Level 1:colcon.colcon_core.package_identification:_identify(src) by extension 'ignore'
[0.111s] Level 1:colcon.colcon_core.package_identification:_identify(src) by extension 'ignore_ament_install'
[0.111s] Level 1:colcon.colcon_core.package_identification:_identify(src) by extensions ['colcon_pkg']
[0.111s] Level 1:colcon.colcon_core.package_identification:_identify(src) by extension 'colcon_pkg'
[0.111s] Level 1:colcon.colcon_core.package_identification:_identify(src) by extensions ['colcon_meta']
[0.111s] Level 1:colcon.colcon_core.package_identification:_identify(src) by extension 'colcon_meta'
[0.111s] Level 1:colcon.colcon_core.package_identification:_identify(src) by extensions ['ros']
[0.111s] Level 1:colcon.colcon_core.package_identification:_identify(src) by extension 'ros'
[0.111s] Level 1:colcon.colcon_core.package_identification:_identify(src) by extensions ['cmake', 'python']
[0.111s] Level 1:colcon.colcon_core.package_identification:_identify(src) by extension 'cmake'
[0.111s] Level 1:colcon.colcon_core.package_identification:_identify(src) by extension 'python'
[0.111s] Level 1:colcon.colcon_core.package_identification:_identify(src) by extensions ['python_setup_py']
[0.111s] Level 1:colcon.colcon_core.package_identification:_identify(src) by extension 'python_setup_py'
[0.111s] Level 1:colcon.colcon_core.package_identification:_identify(src/leo_description) by extensions ['ignore', 'ignore_ament_install']
[0.111s] Level 1:colcon.colcon_core.package_identification:_identify(src/leo_description) by extension 'ignore'
[0.111s] Level 1:colcon.colcon_core.package_identification:_identify(src/leo_description) by extension 'ignore_ament_install'
[0.111s] Level 1:colcon.colcon_core.package_identification:_identify(src/leo_description) by extensions ['colcon_pkg']
[0.111s] Level 1:colcon.colcon_core.package_identification:_identify(src/leo_description) by extension 'colcon_pkg'
[0.111s] Level 1:colcon.colcon_core.package_identification:_identify(src/leo_description) by extensions ['colcon_meta']
[0.111s] Level 1:colcon.colcon_core.package_identification:_identify(src/leo_description) by extension 'colcon_meta'
[0.111s] Level 1:colcon.colcon_core.package_identification:_identify(src/leo_description) by extensions ['ros']
[0.111s] Level 1:colcon.colcon_core.package_identification:_identify(src/leo_description) by extension 'ros'
[0.113s] DEBUG:colcon.colcon_core.package_identification:Package 'src/leo_description' with type 'ros.ament_python' and name 'leo_description'
[0.113s] Level 1:colcon.colcon_core.package_identification:_identify(src/leo_explorer) by extensions ['ignore', 'ignore_ament_install']
[0.113s] Level 1:colcon.colcon_core.package_identification:_identify(src/leo_explorer) by extension 'ignore'
[0.113s] Level 1:colcon.colcon_core.package_identification:_identify(src/leo_explorer) by extension 'ignore_ament_install'
[0.113s] Level 1:colcon.colcon_core.package_identification:_identify(src/leo_explorer) by extensions ['colcon_pkg']
[0.113s] Level 1:colcon.colcon_core.package_identification:_identify(src/leo_explorer) by extension 'colcon_pkg'
[0.113s] Level 1:colcon.colcon_core.package_identification:_identify(src/leo_explorer) by extensions ['colcon_meta']
[0.113s] Level 1:colcon.colcon_core.package_identification:_identify(src/leo_explorer) by extension 'colcon_meta'
[0.113s] Level 1:colcon.colcon_core.package_identification:_identify(src/leo_explorer) by extensions ['ros']
[0.114s] Level 1:colcon.colcon_core.package_identification:_identify(src/leo_explorer) by extension 'ros'
[0.114s] DEBUG:colcon.colcon_core.package_identification:Package 'src/leo_explorer' with type 'ros.ament_cmake' and name 'leo_explorer'
[0.114s] Level 1:colcon.colcon_core.package_identification:_identify(src/leo_v1) by extensions ['ignore', 'ignore_ament_install']
[0.114s] Level 1:colcon.colcon_core.package_identification:_identify(src/leo_v1) by extension 'ignore'
[0.114s] Level 1:colcon.colcon_core.package_identification:_identify(src/leo_v1) by extension 'ignore_ament_install'
[0.114s] Level 1:colcon.colcon_core.package_identification:_identify(src/leo_v1) by extensions ['colcon_pkg']
[0.114s] Level 1:colcon.colcon_core.package_identification:_identify(src/leo_v1) by extension 'colcon_pkg'
[0.114s] Level 1:colcon.colcon_core.package_identification:_identify(src/leo_v1) by extensions ['colcon_meta']
[0.114s] Level 1:colcon.colcon_core.package_identification:_identify(src/leo_v1) by extension 'colcon_meta'
[0.114s] Level 1:colcon.colcon_core.package_identification:_identify(src/leo_v1) by extensions ['ros']
[0.114s] Level 1:colcon.colcon_core.package_identification:_identify(src/leo_v1) by extension 'ros'
[0.115s] DEBUG:colcon.colcon_core.package_identification:Package 'src/leo_v1' with type 'ros.ament_python' and name 'leo_v1'
[0.115s] Level 1:colcon.colcon_core.package_identification:_identify(src/leo_v2) by extensions ['ignore', 'ignore_ament_install']
[0.115s] Level 1:colcon.colcon_core.package_identification:_identify(src/leo_v2) by extension 'ignore'
[0.115s] Level 1:colcon.colcon_core.package_identification:_identify(src/leo_v2) by extension 'ignore_ament_install'
[0.115s] Level 1:colcon.colcon_core.package_identification:_identify(src/leo_v2) by extensions ['colcon_pkg']
[0.115s] Level 1:colcon.colcon_core.package_identification:_identify(src/leo_v2) by extension 'colcon_pkg'
[0.115s] Level 1:colcon.colcon_core.package_identification:_identify(src/leo_v2) by extensions ['colcon_meta']
[0.115s] Level 1:colcon.colcon_core.package_identification:_identify(src/leo_v2) by extension 'colcon_meta'
[0.115s] Level 1:colcon.colcon_core.package_identification:_identify(src/leo_v2) by extensions ['ros']
[0.115s] Level 1:colcon.colcon_core.package_identification:_identify(src/leo_v2) by extension 'ros'
[0.115s] DEBUG:colcon.colcon_core.package_identification:Package 'src/leo_v2' with type 'ros.ament_python' and name 'leo_v2'
[0.115s] Level 1:colcon.colcon_core.package_identification:_identify(src/leo_v3) by extensions ['ignore', 'ignore_ament_install']
[0.115s] Level 1:colcon.colcon_core.package_identification:_identify(src/leo_v3) by extension 'ignore'
[0.116s] Level 1:colcon.colcon_core.package_identification:_identify(src/leo_v3) by extension 'ignore_ament_install'
[0.116s] Level 1:colcon.colcon_core.package_identification:_identify(src/leo_v3) by extensions ['colcon_pkg']
[0.116s] Level 1:colcon.colcon_core.package_identification:_identify(src/leo_v3) by extension 'colcon_pkg'
[0.116s] Level 1:colcon.colcon_core.package_identification:_identify(src/leo_v3) by extensions ['colcon_meta']
[0.116s] Level 1:colcon.colcon_core.package_identification:_identify(src/leo_v3) by extension 'colcon_meta'
[0.116s] Level 1:colcon.colcon_core.package_identification:_identify(src/leo_v3) by extensions ['ros']
[0.116s] Level 1:colcon.colcon_core.package_identification:_identify(src/leo_v3) by extension 'ros'
[0.116s] DEBUG:colcon.colcon_core.package_identification:Package 'src/leo_v3' with type 'ros.ament_python' and name 'leo_v3'
[0.116s] Level 1:colcon.colcon_core.package_identification:_identify(src/leo_v4) by extensions ['ignore', 'ignore_ament_install']
[0.116s] Level 1:colcon.colcon_core.package_identification:_identify(src/leo_v4) by extension 'ignore'
[0.116s] Level 1:colcon.colcon_core.package_identification:_identify(src/leo_v4) by extension 'ignore_ament_install'
[0.116s] Level 1:colcon.colcon_core.package_identification:_identify(src/leo_v4) by extensions ['colcon_pkg']
[0.116s] Level 1:colcon.colcon_core.package_identification:_identify(src/leo_v4) by extension 'colcon_pkg'
[0.116s] Level 1:colcon.colcon_core.package_identification:_identify(src/leo_v4) by extensions ['colcon_meta']
[0.116s] Level 1:colcon.colcon_core.package_identification:_identify(src/leo_v4) by extension 'colcon_meta'
[0.116s] Level 1:colcon.colcon_core.package_identification:_identify(src/leo_v4) by extensions ['ros']
[0.116s] Level 1:colcon.colcon_core.package_identification:_identify(src/leo_v4) by extension 'ros'
[0.116s] DEBUG:colcon.colcon_core.package_identification:Package 'src/leo_v4' with type 'ros.ament_python' and name 'leo_v4'
[0.116s] Level 1:colcon.colcon_core.package_discovery:discover_packages(recursive) using defaults
[0.117s] Level 1:colcon.colcon_core.package_discovery:discover_packages(ignore) discover
[0.117s] Level 1:colcon.colcon_core.package_discovery:discover_packages(ignore) using defaults
[0.117s] Level 1:colcon.colcon_core.package_discovery:discover_packages(path) discover
[0.117s] Level 1:colcon.colcon_core.package_discovery:discover_packages(path) using defaults
[0.128s] INFO:colcon.colcon_core.package_selection:Skipping not selected package 'leo_description' in 'src/leo_description'
[0.128s] INFO:colcon.colcon_core.package_selection:Skipping not selected package 'leo_v1' in 'src/leo_v1'
[0.128s] INFO:colcon.colcon_core.package_selection:Skipping not selected package 'leo_v2' in 'src/leo_v2'
[0.129s] INFO:colcon.colcon_core.package_selection:Skipping not selected package 'leo_v3' in 'src/leo_v3'
[0.129s] INFO:colcon.colcon_core.package_selection:Skipping not selected package 'leo_v4' in 'src/leo_v4'
[0.129s] Level 1:colcon.colcon_core.package_discovery:discover_packages(prefix_path) check parameters
[0.129s] Level 1:colcon.colcon_core.package_discovery:discover_packages(prefix_path) discover
[0.130s] DEBUG:colcon.colcon_installed_package_information.package_discovery:Found 379 installed packages in /opt/ros/jazzy
[0.132s] Level 1:colcon.colcon_core.package_discovery:discover_packages(prefix_path) using defaults
[0.159s] Level 5:colcon.colcon_core.verb:set package 'leo_explorer' build argument 'cmake_args' from command line to 'None'
[0.160s] Level 5:colcon.colcon_core.verb:set package 'leo_explorer' build argument 'cmake_target' from command line to 'None'
[0.160s] Level 5:colcon.colcon_core.verb:set package 'leo_explorer' build argument 'cmake_target_skip_unavailable' from command line to 'False'
[0.160s] Level 5:colcon.colcon_core.verb:set package 'leo_explorer' build argument 'cmake_clean_cache' from command line to 'False'
[0.160s] Level 5:colcon.colcon_core.verb:set package 'leo_explorer' build argument 'cmake_clean_first' from command line to 'False'
[0.160s] Level 5:colcon.colcon_core.verb:set package 'leo_explorer' build argument 'cmake_force_configure' from command line to 'False'
[0.160s] Level 5:colcon.colcon_core.verb:set package 'leo_explorer' build argument 'ament_cmake_args' from command line to 'None'
[0.160s] Level 5:colcon.colcon_core.verb:set package 'leo_explorer' build argument 'catkin_cmake_args' from command line to 'None'
[0.160s] Level 5:colcon.colcon_core.verb:set package 'leo_explorer' build argument 'catkin_skip_building_tests' from command line to 'False'
[0.160s] DEBUG:colcon.colcon_core.verb:Building package 'leo_explorer' with the following arguments: {'ament_cmake_args': None, 'build_base': '/home/nathan/leo-rover-autonomous-exploration/build/leo_explorer', 'catkin_cmake_args': None, 'catkin_skip_building_tests': False, 'cmake_args': None, 'cmake_clean_cache': False, 'cmake_clean_first': False, 'cmake_force_configure': False, 'cmake_target': None, 'cmake_target_skip_unavailable': False, 'install_base': '/home/nathan/leo-rover-autonomous-exploration/install/leo_explorer', 'merge_install': False, 'path': '/home/nathan/leo-rover-autonomous-exploration/src/leo_explorer', 'symlink_install': False, 'test_result_base': None}
[0.160s] INFO:colcon.colcon_core.executor:Executing jobs using 'parallel' executor
[0.161s] DEBUG:colcon.colcon_parallel_executor.executor.parallel:run_until_complete
[0.161s] INFO:colcon.colcon_ros.task.ament_cmake.build:Building ROS package in '/home/nathan/leo-rover-autonomous-exploration/src/leo_explorer' with build type 'ament_cmake'
[0.161s] INFO:colcon.colcon_cmake.task.cmake.build:Building CMake package in '/home/nathan/leo-rover-autonomous-exploration/src/leo_explorer'
[0.162s] INFO:colcon.colcon_core.plugin_system:Skipping extension 'colcon_core.shell.bat': Not used on non-Windows systems
[0.162s] INFO:colcon.colcon_core.shell:Skip shell extension 'powershell' for command environment: Not usable outside of PowerShell
[0.163s] DEBUG:colcon.colcon_core.shell:Skip shell extension 'dsv' for command environment
[0.171s] DEBUG:colcon.colcon_core.event_handler.log_command:Invoking command in '/home/nathan/leo-rover-autonomous-exploration/build/leo_explorer': CMAKE_PREFIX_PATH=${CMAKE_PREFIX_PATH}:/opt/ros/jazzy DEBUGINFOD_URLS=https://debuginfod.ubuntu.com /usr/bin/cmake --build /home/nathan/leo-rover-autonomous-exploration/build/leo_explorer -- -j20 -l20
[10.474s] DEBUG:colcon.colcon_core.event_handler.log_command:Invoked command in '/home/nathan/leo-rover-autonomous-exploration/build/leo_explorer' returned '0': CMAKE_PREFIX_PATH=${CMAKE_PREFIX_PATH}:/opt/ros/jazzy DEBUGINFOD_URLS=https://debuginfod.ubuntu.com /usr/bin/cmake --build /home/nathan/leo-rover-autonomous-exploration/build/leo_explorer -- -j20 -l20
[10.483s] DEBUG:colcon.colcon_core.event_handler.log_command:Invoking command in '/home/nathan/leo-rover-autonomous-exploration/build/leo_explorer': CMAKE_PREFIX_PATH=${CMAKE_PREFIX_PATH}:/opt/ros/jazzy DEBUGINFOD_URLS=https://debuginfod.ubuntu.com /usr/bin/cmake --install /home/nathan/leo-rover-autonomous-exploration/build/leo_explorer
[10.499s] Level 1:colcon.colcon_core.environment:create_environment_scripts_only(leo_explorer)
[10.499s] DEBUG:colcon.colcon_core.event_handler.log_command:Invoked command in '/home/nathan/leo-rover-autonomous-exploration/build/leo_explorer' returned '0': CMAKE_PREFIX_PATH=${CMAKE_PREFIX_PATH}:/opt/ros/jazzy DEBUGINFOD_URLS=https://debuginfod.ubuntu.com /usr/bin/cmake --install /home/nathan/leo-rover-autonomous-exploration/build/leo_explorer
[10.501s] Level 1:colcon.colcon_core.environment:checking '/home/nathan/leo-rover-autonomous-exploration/install/leo_explorer' for CMake module files
[10.501s] Level 1:colcon.colcon_core.environment:checking '/home/nathan/leo-rover-autonomous-exploration/install/leo_explorer' for CMake config files
[10.501s] Level 1:colcon.colcon_core.shell:create_environment_hook('leo_explorer', 'cmake_prefix_path')
[10.501s] INFO:colcon.colcon_core.shell:Creating environment hook '/home/nathan/leo-rover-autonomous-exploration/install/leo_explorer/share/leo_explorer/hook/cmake_prefix_path.ps1'
[10.502s] INFO:colcon.colcon_core.shell:Creating environment descriptor '/home/nathan/leo-rover-autonomous-exploration/install/leo_explorer/share/leo_explorer/hook/cmake_prefix_path.dsv'
[10.502s] INFO:colcon.colcon_core.shell:Creating environment hook '/home/nathan/leo-rover-autonomous-exploration/install/leo_explorer/share/leo_explorer/hook/cmake_prefix_path.sh'
[10.502s] Level 1:colcon.colcon_core.environment:checking '/home/nathan/leo-rover-autonomous-exploration/install/leo_explorer/lib'
[10.503s] Level 1:colcon.colcon_core.environment:checking '/home/nathan/leo-rover-autonomous-exploration/install/leo_explorer/bin'
[10.503s] Level 1:colcon.colcon_core.environment:checking '/home/nathan/leo-rover-autonomous-exploration/install/leo_explorer/lib/pkgconfig/leo_explorer.pc'
[10.503s] Level 1:colcon.colcon_core.environment:checking '/home/nathan/leo-rover-autonomous-exploration/install/leo_explorer/lib/python3.12/site-packages'
[10.503s] Level 1:colcon.colcon_core.environment:checking '/home/nathan/leo-rover-autonomous-exploration/install/leo_explorer/bin'
[10.503s] INFO:colcon.colcon_core.shell:Creating package script '/home/nathan/leo-rover-autonomous-exploration/install/leo_explorer/share/leo_explorer/package.ps1'
[10.503s] INFO:colcon.colcon_core.shell:Creating package descriptor '/home/nathan/leo-rover-autonomous-exploration/install/leo_explorer/share/leo_explorer/package.dsv'
[10.504s] INFO:colcon.colcon_core.shell:Creating package script '/home/nathan/leo-rover-autonomous-exploration/install/leo_explorer/share/leo_explorer/package.sh'
[10.504s] INFO:colcon.colcon_core.shell:Creating package script '/home/nathan/leo-rover-autonomous-exploration/install/leo_explorer/share/leo_explorer/package.bash'
[10.505s] INFO:colcon.colcon_core.shell:Creating package script '/home/nathan/leo-rover-autonomous-exploration/install/leo_explorer/share/leo_explorer/package.zsh'
[10.506s] Level 1:colcon.colcon_core.environment:create_file_with_runtime_dependencies(/home/nathan/leo-rover-autonomous-exploration/install/leo_explorer/share/colcon-core/packages/leo_explorer)
[10.506s] Level 1:colcon.colcon_core.environment:create_environment_scripts_only(leo_explorer)
[10.506s] Level 1:colcon.colcon_core.environment:checking '/home/nathan/leo-rover-autonomous-exploration/install/leo_explorer' for CMake module files
[10.507s] Level 1:colcon.colcon_core.environment:checking '/home/nathan/leo-rover-autonomous-exploration/install/leo_explorer' for CMake config files
[10.507s] Level 1:colcon.colcon_core.shell:create_environment_hook('leo_explorer', 'cmake_prefix_path')
[10.507s] INFO:colcon.colcon_core.shell:Creating environment hook '/home/nathan/leo-rover-autonomous-exploration/install/leo_explorer/share/leo_explorer/hook/cmake_prefix_path.ps1'
[10.508s] INFO:colcon.colcon_core.shell:Creating environment descriptor '/home/nathan/leo-rover-autonomous-exploration/install/leo_explorer/share/leo_explorer/hook/cmake_prefix_path.dsv'
[10.508s] INFO:colcon.colcon_core.shell:Creating environment hook '/home/nathan/leo-rover-autonomous-exploration/install/leo_explorer/share/leo_explorer/hook/cmake_prefix_path.sh'
[10.508s] Level 1:colcon.colcon_core.environment:checking '/home/nathan/leo-rover-autonomous-exploration/install/leo_explorer/lib'
[10.508s] Level 1:colcon.colcon_core.environment:checking '/home/nathan/leo-rover-autonomous-exploration/install/leo_explorer/bin'
[10.508s] Level 1:colcon.colcon_core.environment:checking '/home/nathan/leo-rover-autonomous-exploration/install/leo_explorer/lib/pkgconfig/leo_explorer.pc'
[10.509s] Level 1:colcon.colcon_core.environment:checking '/home/nathan/leo-rover-autonomous-exploration/install/leo_explorer/lib/python3.12/site-packages'
[10.509s] Level 1:colcon.colcon_core.environment:checking '/home/nathan/leo-rover-autonomous-exploration/install/leo_explorer/bin'
[10.509s] INFO:colcon.colcon_core.shell:Creating package script '/home/nathan/leo-rover-autonomous-exploration/install/leo_explorer/share/leo_explorer/package.ps1'
[10.509s] INFO:colcon.colcon_core.shell:Creating package descriptor '/home/nathan/leo-rover-autonomous-exploration/install/leo_explorer/share/leo_explorer/package.dsv'
[10.509s] INFO:colcon.colcon_core.shell:Creating package script '/home/nathan/leo-rover-autonomous-exploration/install/leo_explorer/share/leo_explorer/package.sh'
[10.510s] INFO:colcon.colcon_core.shell:Creating package script '/home/nathan/leo-rover-autonomous-exploration/install/leo_explorer/share/leo_explorer/package.bash'
[10.510s] INFO:colcon.colcon_core.shell:Creating package script '/home/nathan/leo-rover-autonomous-exploration/install/leo_explorer/share/leo_explorer/package.zsh'
[10.510s] Level 1:colcon.colcon_core.environment:create_file_with_runtime_dependencies(/home/nathan/leo-rover-autonomous-exploration/install/leo_explorer/share/colcon-core/packages/leo_explorer)
[10.510s] DEBUG:colcon.colcon_parallel_executor.executor.parallel:closing loop
[10.510s] DEBUG:colcon.colcon_parallel_executor.executor.parallel:loop closed
[10.510s] DEBUG:colcon.colcon_parallel_executor.executor.parallel:run_until_complete finished with '0'
[10.510s] DEBUG:colcon.colcon_core.event_reactor:joining thread
[10.514s] INFO:colcon.colcon_core.plugin_system:Skipping extension 'colcon_notification.desktop_notification.terminal_notifier': Not used on non-Darwin systems
[10.514s] INFO:colcon.colcon_core.plugin_system:Skipping extension 'colcon_notification.desktop_notification.win32': Not used on non-Windows systems
[10.514s] INFO:colcon.colcon_notification.desktop_notification:Sending desktop notification using 'notify2'
[10.528s] DEBUG:colcon.colcon_core.event_reactor:joined thread
[10.528s] INFO:colcon.colcon_core.shell:Creating prefix script '/home/nathan/leo-rover-autonomous-exploration/install/local_setup.ps1'
[10.529s] INFO:colcon.colcon_core.shell:Creating prefix util module '/home/nathan/leo-rover-autonomous-exploration/install/_local_setup_util_ps1.py'
[10.530s] INFO:colcon.colcon_core.shell:Creating prefix chain script '/home/nathan/leo-rover-autonomous-exploration/install/setup.ps1'
[10.530s] INFO:colcon.colcon_core.shell:Creating prefix script '/home/nathan/leo-rover-autonomous-exploration/install/local_setup.sh'
[10.531s] INFO:colcon.colcon_core.shell:Creating prefix util module '/home/nathan/leo-rover-autonomous-exploration/install/_local_setup_util_sh.py'
[10.531s] INFO:colcon.colcon_core.shell:Creating prefix chain script '/home/nathan/leo-rover-autonomous-exploration/install/setup.sh'
[10.532s] INFO:colcon.colcon_core.shell:Creating prefix script '/home/nathan/leo-rover-autonomous-exploration/install/local_setup.bash'
[10.532s] INFO:colcon.colcon_core.shell:Creating prefix chain script '/home/nathan/leo-rover-autonomous-exploration/install/setup.bash'
[10.532s] INFO:colcon.colcon_core.shell:Creating prefix script '/home/nathan/leo-rover-autonomous-exploration/install/local_setup.zsh'
[10.533s] INFO:colcon.colcon_core.shell:Creating prefix chain script '/home/nathan/leo-rover-autonomous-exploration/install/setup.zsh'
