[2.355s] Invoking command in '/home/nathan/leo-rover-autonomous-exploration/src/leo_v4': DEBUGINFOD_URLS=https://debuginfod.ubuntu.com PYTHONPATH=/home/nathan/leo-rover-autonomous-exploration/build/leo_v4/prefix_override:/usr/lib/python3/dist-packages/colcon_core/task/python/colcon_distutils_commands:/home/nathan/leo-rover-autonomous-exploration/install/leo_v4/lib/python3.12/site-packages:${PYTHONPATH} /usr/bin/python3 -W ignore:setup.py install is deprecated -W ignore:easy_install command is deprecated setup.py egg_info --egg-base ../../build/leo_v4 build --build-base /home/nathan/leo-rover-autonomous-exploration/build/leo_v4/build install --record /home/nathan/leo-rover-autonomous-exploration/build/leo_v4/install.log --single-version-externally-managed install_data
[2.580s] /home/nathan/.local/lib/python3.12/site-packages/setuptools/_distutils/dist.py:261: UserWarning: Unknown distribution option: 'tests_require'
[2.580s]   warnings.warn(msg)
[2.747s] running egg_info
[2.775s] writing ../../build/leo_v4/leo_v4.egg-info/PKG-INFO
[2.775s] writing dependency_links to ../../build/leo_v4/leo_v4.egg-info/dependency_links.txt
[2.776s] writing entry points to ../../build/leo_v4/leo_v4.egg-info/entry_points.txt
[2.777s] writing requirements to ../../build/leo_v4/leo_v4.egg-info/requires.txt
[2.777s] writing top-level names to ../../build/leo_v4/leo_v4.egg-info/top_level.txt
[2.832s] reading manifest file '../../build/leo_v4/leo_v4.egg-info/SOURCES.txt'
[2.834s] writing manifest file '../../build/leo_v4/leo_v4.egg-info/SOURCES.txt'
[2.835s] running build
[2.835s] running build_py
[2.835s] copying leo_v4/autonav_starter.py -> /home/nathan/leo-rover-autonomous-exploration/build/leo_v4/build/lib/leo_v4
[2.835s] copying leo_v4/__init__.py -> /home/nathan/leo-rover-autonomous-exploration/build/leo_v4/build/lib/leo_v4
[2.836s] running install
[2.841s] running install_lib
[2.870s] running install_data
[2.871s] copying resource/leo_v4 -> /home/nathan/leo-rover-autonomous-exploration/install/leo_v4/share/ament_index/resource_index/packages
[2.872s] copying package.xml -> /home/nathan/leo-rover-autonomous-exploration/install/leo_v4/share/leo_v4
[2.872s] copying launch/leo_autosim.launch.py -> /home/nathan/leo-rover-autonomous-exploration/install/leo_v4/share/leo_v4/launch
[2.872s] running install_egg_info
[2.899s] removing '/home/nathan/leo-rover-autonomous-exploration/install/leo_v4/lib/python3.12/site-packages/leo_v4-0.0.0-py3.12.egg-info' (and everything under it)
[2.900s] Copying ../../build/leo_v4/leo_v4.egg-info to /home/nathan/leo-rover-autonomous-exploration/install/leo_v4/lib/python3.12/site-packages/leo_v4-0.0.0-py3.12.egg-info
[2.900s] running install_scripts
[3.054s] Installing autonav_starter script to /home/nathan/leo-rover-autonomous-exploration/install/leo_v4/lib/leo_v4
[3.054s] writing list of installed files to '/home/nathan/leo-rover-autonomous-exploration/build/leo_v4/install.log'
[3.088s] Invoked command in '/home/nathan/leo-rover-autonomous-exploration/src/leo_v4' returned '0': DEBUGINFOD_URLS=https://debuginfod.ubuntu.com PYTHONPATH=/home/nathan/leo-rover-autonomous-exploration/build/leo_v4/prefix_override:/usr/lib/python3/dist-packages/colcon_core/task/python/colcon_distutils_commands:/home/nathan/leo-rover-autonomous-exploration/install/leo_v4/lib/python3.12/site-packages:${PYTHONPATH} /usr/bin/python3 -W ignore:setup.py install is deprecated -W ignore:easy_install command is deprecated setup.py egg_info --egg-base ../../build/leo_v4 build --build-base /home/nathan/leo-rover-autonomous-exploration/build/leo_v4/build install --record /home/nathan/leo-rover-autonomous-exploration/build/leo_v4/install.log --single-version-externally-managed install_data
