[1.425s] Invoking command in '/home/nathan/leo-rover-autonomous-exploration/src/leo_v1': DEBUGINFOD_URLS=https://debuginfod.ubuntu.com PYTHONPATH=/home/nathan/leo-rover-autonomous-exploration/build/leo_v1/prefix_override:/usr/lib/python3/dist-packages/colcon_core/task/python/colcon_distutils_commands:/home/nathan/leo-rover-autonomous-exploration/install/leo_v1/lib/python3.12/site-packages:${PYTHONPATH} /usr/bin/python3 -W ignore:setup.py install is deprecated -W ignore:easy_install command is deprecated setup.py egg_info --egg-base ../../build/leo_v1 build --build-base /home/nathan/leo-rover-autonomous-exploration/build/leo_v1/build install --record /home/nathan/leo-rover-autonomous-exploration/build/leo_v1/install.log --single-version-externally-managed install_data
[1.567s] /home/nathan/.local/lib/python3.12/site-packages/setuptools/_distutils/dist.py:261: UserWarning: Unknown distribution option: 'tests_require'
[1.567s]   warnings.warn(msg)
[1.679s] running egg_info
[1.698s] writing ../../build/leo_v1/leo_v1.egg-info/PKG-INFO
[1.698s] writing dependency_links to ../../build/leo_v1/leo_v1.egg-info/dependency_links.txt
[1.698s] writing requirements to ../../build/leo_v1/leo_v1.egg-info/requires.txt
[1.698s] writing top-level names to ../../build/leo_v1/leo_v1.egg-info/top_level.txt
[1.742s] reading manifest file '../../build/leo_v1/leo_v1.egg-info/SOURCES.txt'
[1.743s] writing manifest file '../../build/leo_v1/leo_v1.egg-info/SOURCES.txt'
[1.743s] running build
[1.743s] running build_py
[1.743s] copying leo_v1/__init__.py -> /home/nathan/leo-rover-autonomous-exploration/build/leo_v1/build/lib/leo_v1
[1.744s] running install
[1.749s] running install_lib
[1.773s] running install_data
[1.773s] copying resource/leo_v1 -> /home/nathan/leo-rover-autonomous-exploration/install/leo_v1/share/ament_index/resource_index/packages
[1.773s] copying package.xml -> /home/nathan/leo-rover-autonomous-exploration/install/leo_v1/share/leo_v1
[1.774s] copying launch/leo_v1_sim.launch.py -> /home/nathan/leo-rover-autonomous-exploration/install/leo_v1/share/leo_v1/launch
[1.774s] copying config/twist_mux_params.yaml -> /home/nathan/leo-rover-autonomous-exploration/install/leo_v1/share/leo_v1/config
[1.774s] running install_egg_info
[1.799s] removing '/home/nathan/leo-rover-autonomous-exploration/install/leo_v1/lib/python3.12/site-packages/leo_v1-0.0.0-py3.12.egg-info' (and everything under it)
[1.799s] Copying ../../build/leo_v1/leo_v1.egg-info to /home/nathan/leo-rover-autonomous-exploration/install/leo_v1/lib/python3.12/site-packages/leo_v1-0.0.0-py3.12.egg-info
[1.800s] running install_scripts
[1.931s] writing list of installed files to '/home/nathan/leo-rover-autonomous-exploration/build/leo_v1/install.log'
[1.956s] Invoked command in '/home/nathan/leo-rover-autonomous-exploration/src/leo_v1' returned '0': DEBUGINFOD_URLS=https://debuginfod.ubuntu.com PYTHONPATH=/home/nathan/leo-rover-autonomous-exploration/build/leo_v1/prefix_override:/usr/lib/python3/dist-packages/colcon_core/task/python/colcon_distutils_commands:/home/nathan/leo-rover-autonomous-exploration/install/leo_v1/lib/python3.12/site-packages:${PYTHONPATH} /usr/bin/python3 -W ignore:setup.py install is deprecated -W ignore:easy_install command is deprecated setup.py egg_info --egg-base ../../build/leo_v1 build --build-base /home/nathan/leo-rover-autonomous-exploration/build/leo_v1/build install --record /home/nathan/leo-rover-autonomous-exploration/build/leo_v1/install.log --single-version-externally-managed install_data
